###############################################################################
#
# IAR ELF Linker V7.40.3.8902/W32 for ARM                 28/Sep/2016  08:18:43
# Copyright 2007-2015 IAR Systems AB.
#
#    Output file  =  
#        C:\Users\Administrator\Documents\GitHub\tiic-2015\code\Persimmon\H2H
#        Pacemaker\EWARM\H2H\Exe\H2H.out
#    Map file     =  
#        C:\Users\Administrator\Documents\GitHub\tiic-2015\code\Persimmon\H2H
#        Pacemaker\EWARM\H2H/List\H2H.map
#    Command line =  
#        "C:\Users\Administrator\Documents\GitHub\tiic-2015\code\Persimmon\H2H
#        Pacemaker\EWARM\H2H\Obj\afe.o"
#        "C:\Users\Administrator\Documents\GitHub\tiic-2015\code\Persimmon\H2H
#        Pacemaker\EWARM\H2H\Obj\afe_hal.o"
#        "C:\Users\Administrator\Documents\GitHub\tiic-2015\code\Persimmon\H2H
#        Pacemaker\EWARM\H2H\Obj\authentication.o"
#        "C:\Users\Administrator\Documents\GitHub\tiic-2015\code\Persimmon\H2H
#        Pacemaker\EWARM\H2H\Obj\bluetooth_internal.o"
#        "C:\Users\Administrator\Documents\GitHub\tiic-2015\code\Persimmon\H2H
#        Pacemaker\EWARM\H2H\Obj\BTPSKRNL.o"
#        "C:\Users\Administrator\Documents\GitHub\tiic-2015\code\Persimmon\H2H
#        Pacemaker\EWARM\H2H\Obj\BTPSVEND.o"
#        "C:\Users\Administrator\Documents\GitHub\tiic-2015\code\Persimmon\H2H
#        Pacemaker\EWARM\H2H\Obj\BTVS.o"
#        "C:\Users\Administrator\Documents\GitHub\tiic-2015\code\Persimmon\H2H
#        Pacemaker\EWARM\H2H\Obj\buzzer.o"
#        "C:\Users\Administrator\Documents\GitHub\tiic-2015\code\Persimmon\H2H
#        Pacemaker\EWARM\H2H\Obj\cmsis_os.o"
#        "C:\Users\Administrator\Documents\GitHub\tiic-2015\code\Persimmon\H2H
#        Pacemaker\EWARM\H2H\Obj\croutine.o"
#        "C:\Users\Administrator\Documents\GitHub\tiic-2015\code\Persimmon\H2H
#        Pacemaker\EWARM\H2H\Obj\dma.o"
#        "C:\Users\Administrator\Documents\GitHub\tiic-2015\code\Persimmon\H2H
#        Pacemaker\EWARM\H2H\Obj\dsp.o"
#        "C:\Users\Administrator\Documents\GitHub\tiic-2015\code\Persimmon\H2H
#        Pacemaker\EWARM\H2H\Obj\event_groups.o"
#        "C:\Users\Administrator\Documents\GitHub\tiic-2015\code\Persimmon\H2H
#        Pacemaker\EWARM\H2H\Obj\freertos.o"
#        "C:\Users\Administrator\Documents\GitHub\tiic-2015\code\Persimmon\H2H
#        Pacemaker\EWARM\H2H\Obj\fsm_client.o"
#        "C:\Users\Administrator\Documents\GitHub\tiic-2015\code\Persimmon\H2H
#        Pacemaker\EWARM\H2H\Obj\fsmc.o"
#        "C:\Users\Administrator\Documents\GitHub\tiic-2015\code\Persimmon\H2H
#        Pacemaker\EWARM\H2H\Obj\gauge.o"
#        "C:\Users\Administrator\Documents\GitHub\tiic-2015\code\Persimmon\H2H
#        Pacemaker\EWARM\H2H\Obj\gauge_hal.o"
#        "C:\Users\Administrator\Documents\GitHub\tiic-2015\code\Persimmon\H2H
#        Pacemaker\EWARM\H2H\Obj\gpio.o"
#        "C:\Users\Administrator\Documents\GitHub\tiic-2015\code\Persimmon\H2H
#        Pacemaker\EWARM\H2H\Obj\HCITRANS.o"
#        "C:\Users\Administrator\Documents\GitHub\tiic-2015\code\Persimmon\H2H
#        Pacemaker\EWARM\H2H\Obj\heap_4.o"
#        "C:\Users\Administrator\Documents\GitHub\tiic-2015\code\Persimmon\H2H
#        Pacemaker\EWARM\H2H\Obj\i2c.o"
#        "C:\Users\Administrator\Documents\GitHub\tiic-2015\code\Persimmon\H2H
#        Pacemaker\EWARM\H2H\Obj\list.o"
#        "C:\Users\Administrator\Documents\GitHub\tiic-2015\code\Persimmon\H2H
#        Pacemaker\EWARM\H2H\Obj\main.o"
#        "C:\Users\Administrator\Documents\GitHub\tiic-2015\code\Persimmon\H2H
#        Pacemaker\EWARM\H2H\Obj\port.o"
#        "C:\Users\Administrator\Documents\GitHub\tiic-2015\code\Persimmon\H2H
#        Pacemaker\EWARM\H2H\Obj\portasm.o"
#        "C:\Users\Administrator\Documents\GitHub\tiic-2015\code\Persimmon\H2H
#        Pacemaker\EWARM\H2H\Obj\queue.o"
#        "C:\Users\Administrator\Documents\GitHub\tiic-2015\code\Persimmon\H2H
#        Pacemaker\EWARM\H2H\Obj\rtc.o"
#        "C:\Users\Administrator\Documents\GitHub\tiic-2015\code\Persimmon\H2H
#        Pacemaker\EWARM\H2H\Obj\spi.o"
#        "C:\Users\Administrator\Documents\GitHub\tiic-2015\code\Persimmon\H2H
#        Pacemaker\EWARM\H2H\Obj\startup_stm32l162xd.o"
#        "C:\Users\Administrator\Documents\GitHub\tiic-2015\code\Persimmon\H2H
#        Pacemaker\EWARM\H2H\Obj\state.o"
#        "C:\Users\Administrator\Documents\GitHub\tiic-2015\code\Persimmon\H2H
#        Pacemaker\EWARM\H2H\Obj\state_goodbye.o"
#        "C:\Users\Administrator\Documents\GitHub\tiic-2015\code\Persimmon\H2H
#        Pacemaker\EWARM\H2H\Obj\state_h2h_auth.o"
#        "C:\Users\Administrator\Documents\GitHub\tiic-2015\code\Persimmon\H2H
#        Pacemaker\EWARM\H2H\Obj\state_h2h_connected.o"
#        "C:\Users\Administrator\Documents\GitHub\tiic-2015\code\Persimmon\H2H
#        Pacemaker\EWARM\H2H\Obj\state_h2h_keygen.o"
#        "C:\Users\Administrator\Documents\GitHub\tiic-2015\code\Persimmon\H2H
#        Pacemaker\EWARM\H2H\Obj\state_h2h_wait.o"
#        "C:\Users\Administrator\Documents\GitHub\tiic-2015\code\Persimmon\H2H
#        Pacemaker\EWARM\H2H\Obj\state_h2h_waitkey.o"
#        "C:\Users\Administrator\Documents\GitHub\tiic-2015\code\Persimmon\H2H
#        Pacemaker\EWARM\H2H\Obj\state_running.o"
#        "C:\Users\Administrator\Documents\GitHub\tiic-2015\code\Persimmon\H2H
#        Pacemaker\EWARM\H2H\Obj\state_welcome.o"
#        "C:\Users\Administrator\Documents\GitHub\tiic-2015\code\Persimmon\H2H
#        Pacemaker\EWARM\H2H\Obj\stm32l1xx_hal.o"
#        "C:\Users\Administrator\Documents\GitHub\tiic-2015\code\Persimmon\H2H
#        Pacemaker\EWARM\H2H\Obj\stm32l1xx_hal_cortex.o"
#        "C:\Users\Administrator\Documents\GitHub\tiic-2015\code\Persimmon\H2H
#        Pacemaker\EWARM\H2H\Obj\stm32l1xx_hal_dma.o"
#        "C:\Users\Administrator\Documents\GitHub\tiic-2015\code\Persimmon\H2H
#        Pacemaker\EWARM\H2H\Obj\stm32l1xx_hal_flash.o"
#        "C:\Users\Administrator\Documents\GitHub\tiic-2015\code\Persimmon\H2H
#        Pacemaker\EWARM\H2H\Obj\stm32l1xx_hal_flash_ex.o"
#        "C:\Users\Administrator\Documents\GitHub\tiic-2015\code\Persimmon\H2H
#        Pacemaker\EWARM\H2H\Obj\stm32l1xx_hal_flash_ramfunc.o"
#        "C:\Users\Administrator\Documents\GitHub\tiic-2015\code\Persimmon\H2H
#        Pacemaker\EWARM\H2H\Obj\stm32l1xx_hal_gpio.o"
#        "C:\Users\Administrator\Documents\GitHub\tiic-2015\code\Persimmon\H2H
#        Pacemaker\EWARM\H2H\Obj\stm32l1xx_hal_i2c.o"
#        "C:\Users\Administrator\Documents\GitHub\tiic-2015\code\Persimmon\H2H
#        Pacemaker\EWARM\H2H\Obj\stm32l1xx_hal_msp.o"
#        "C:\Users\Administrator\Documents\GitHub\tiic-2015\code\Persimmon\H2H
#        Pacemaker\EWARM\H2H\Obj\stm32l1xx_hal_pwr.o"
#        "C:\Users\Administrator\Documents\GitHub\tiic-2015\code\Persimmon\H2H
#        Pacemaker\EWARM\H2H\Obj\stm32l1xx_hal_pwr_ex.o"
#        "C:\Users\Administrator\Documents\GitHub\tiic-2015\code\Persimmon\H2H
#        Pacemaker\EWARM\H2H\Obj\stm32l1xx_hal_rcc.o"
#        "C:\Users\Administrator\Documents\GitHub\tiic-2015\code\Persimmon\H2H
#        Pacemaker\EWARM\H2H\Obj\stm32l1xx_hal_rcc_ex.o"
#        "C:\Users\Administrator\Documents\GitHub\tiic-2015\code\Persimmon\H2H
#        Pacemaker\EWARM\H2H\Obj\stm32l1xx_hal_rtc.o"
#        "C:\Users\Administrator\Documents\GitHub\tiic-2015\code\Persimmon\H2H
#        Pacemaker\EWARM\H2H\Obj\stm32l1xx_hal_rtc_ex.o"
#        "C:\Users\Administrator\Documents\GitHub\tiic-2015\code\Persimmon\H2H
#        Pacemaker\EWARM\H2H\Obj\stm32l1xx_hal_spi.o"
#        "C:\Users\Administrator\Documents\GitHub\tiic-2015\code\Persimmon\H2H
#        Pacemaker\EWARM\H2H\Obj\stm32l1xx_hal_spi_ex.o"
#        "C:\Users\Administrator\Documents\GitHub\tiic-2015\code\Persimmon\H2H
#        Pacemaker\EWARM\H2H\Obj\stm32l1xx_hal_sram.o"
#        "C:\Users\Administrator\Documents\GitHub\tiic-2015\code\Persimmon\H2H
#        Pacemaker\EWARM\H2H\Obj\stm32l1xx_hal_tim.o"
#        "C:\Users\Administrator\Documents\GitHub\tiic-2015\code\Persimmon\H2H
#        Pacemaker\EWARM\H2H\Obj\stm32l1xx_hal_tim_ex.o"
#        "C:\Users\Administrator\Documents\GitHub\tiic-2015\code\Persimmon\H2H
#        Pacemaker\EWARM\H2H\Obj\stm32l1xx_hal_uart.o"
#        "C:\Users\Administrator\Documents\GitHub\tiic-2015\code\Persimmon\H2H
#        Pacemaker\EWARM\H2H\Obj\stm32l1xx_it.o"
#        "C:\Users\Administrator\Documents\GitHub\tiic-2015\code\Persimmon\H2H
#        Pacemaker\EWARM\H2H\Obj\stm32l1xx_ll_fsmc.o"
#        "C:\Users\Administrator\Documents\GitHub\tiic-2015\code\Persimmon\H2H
#        Pacemaker\EWARM\H2H\Obj\system_stm32l1xx.o"
#        "C:\Users\Administrator\Documents\GitHub\tiic-2015\code\Persimmon\H2H
#        Pacemaker\EWARM\H2H\Obj\tasks.o"
#        "C:\Users\Administrator\Documents\GitHub\tiic-2015\code\Persimmon\H2H
#        Pacemaker\EWARM\H2H\Obj\tasks_bt.o"
#        "C:\Users\Administrator\Documents\GitHub\tiic-2015\code\Persimmon\H2H
#        Pacemaker\EWARM\H2H\Obj\tasks_ecg.o"
#        "C:\Users\Administrator\Documents\GitHub\tiic-2015\code\Persimmon\H2H
#        Pacemaker\EWARM\H2H\Obj\tasks_fsm.o"
#        "C:\Users\Administrator\Documents\GitHub\tiic-2015\code\Persimmon\H2H
#        Pacemaker\EWARM\H2H\Obj\tasks_input.o"
#        "C:\Users\Administrator\Documents\GitHub\tiic-2015\code\Persimmon\H2H
#        Pacemaker\EWARM\H2H\Obj\tasks_periph.o"
#        "C:\Users\Administrator\Documents\GitHub\tiic-2015\code\Persimmon\H2H
#        Pacemaker\EWARM\H2H\Obj\tim.o"
#        "C:\Users\Administrator\Documents\GitHub\tiic-2015\code\Persimmon\H2H
#        Pacemaker\EWARM\H2H\Obj\timers.o"
#        "C:\Users\Administrator\Documents\GitHub\tiic-2015\code\Persimmon\H2H
#        Pacemaker\EWARM\H2H\Obj\trcBase.o"
#        "C:\Users\Administrator\Documents\GitHub\tiic-2015\code\Persimmon\H2H
#        Pacemaker\EWARM\H2H\Obj\trcHardwarePort.o"
#        "C:\Users\Administrator\Documents\GitHub\tiic-2015\code\Persimmon\H2H
#        Pacemaker\EWARM\H2H\Obj\trcKernel.o"
#        "C:\Users\Administrator\Documents\GitHub\tiic-2015\code\Persimmon\H2H
#        Pacemaker\EWARM\H2H\Obj\trcKernelPortFreeRTOS.o"
#        "C:\Users\Administrator\Documents\GitHub\tiic-2015\code\Persimmon\H2H
#        Pacemaker\EWARM\H2H\Obj\trcUser.o"
#        "C:\Users\Administrator\Documents\GitHub\tiic-2015\code\Persimmon\H2H
#        Pacemaker\EWARM\H2H\Obj\usart.o" --redirect _Printf=_PrintfFull
#        --redirect _Scanf=_ScanfFull -o
#        "C:\Users\Administrator\Documents\GitHub\tiic-2015\code\Persimmon\H2H
#        Pacemaker\EWARM\H2H\Exe\H2H.out" --map
#        "C:\Users\Administrator\Documents\GitHub\tiic-2015\code\Persimmon\H2H
#        Pacemaker\EWARM\H2H/List\H2H.map" --config
#        "C:\Users\Administrator\Documents\GitHub\tiic-2015\code\Persimmon\H2H
#        Pacemaker\EWARM/stm32l162xd_flash.icf" --semihosting
#        "C:\Users\Administrator\Documents\GitHub\tiic-2015\code\Persimmon\H2H
#        Pacemaker\EWARM/../Bluetopia/lib/ewarm/Bluetopia_16_M3.a" --entry
#        __iar_program_start --vfe
#
###############################################################################

*******************************************************************************
*** RUNTIME MODEL ATTRIBUTES
***

CppFlavor                     = *
__Heap_Handler                = Basic
__SystemLibrary               = DLib
__dlib_dynamic_initialization = normal
__iar_rtc_support             = 1


*******************************************************************************
*** PLACEMENT SUMMARY
***

"A1":  place at 0x08000000 { ro section .intvec };
"P1":  place in [from 0x08000000 to 0x0805ffff] { ro };
"P2":  place in [from 0x20000000 to 0x2000bfff] { rw, block CSTACK, block HEAP };

  Section                 Kind        Address     Size  Object
  -------                 ----        -------     ----  ------
"A1":                                            0x124
  .intvec                 ro code  0x08000000    0x124  startup_stm32l162xd.o [1]
                                 - 0x08000124    0x124

"P1":                                          0x224fb
  .text                   ro code  0x08000124   0x1dc8  bluetooth_internal.o [1]
  .text                   ro code  0x08001eec    0x584  BTPSKRNL.o [1]
  i.BSC_Initialize        ro code  0x08002470    0x378  BSC.o [3]
  i.GAP_Set_Local_Device_Name
                          ro code  0x080027e8     0x2e  GAP.o [3]
  i.L2CA_Set_Link_Connection_Configuration
                          ro code  0x08002816     0x42  L2CAP.o [3]
  i.HCI_Command_Supported
                          ro code  0x08002858     0x3a  HCI.o [3]
  i.HCI_Write_Default_Link_Policy_Settings
                          ro code  0x08002892     0x28  HCI.o [3]
  .constdata              const    0x080028ba     0x1e  GAP.o [3]
  .text                   ro code  0x080028d8    0x8a0  stm32l1xx_hal_gpio.o [1]
  i.HCI_Register_Event_Callback
                          ro code  0x08003178      0xa  HCI.o [3]
  .text                   ro code  0x08003182      0xa  xsprout.o [5]
  .text                   ro code  0x0800318c    0x236  HCITRANS.o [1]
  .constdata              const    0x080033c2      0x5  SDP.o [3]
  .constdata              const    0x080033c7      0x5  SDP.o [3]
  .text                   ro code  0x080033cc    0x584  cmsis_os.o [1]
  i.HCI_Reconfigure_Driver
                          ro code  0x08003950     0x38  HCI.o [3]
  i.BSC_Shutdown          ro code  0x08003988     0xf4  BSC.o [3]
  i.SPP_Open_Server_Port  ro code  0x08003a7c     0xf4  SPP.o [3]
  i.SPP_Register_Raw_SDP_Record
                          ro code  0x08003b70    0x1c8  SPP.o [3]
  i.SPP_Close_Server_Port
                          ro code  0x08003d38     0x6a  SPP.o [3]
  i.SDP_Delete_Service_Record
                          ro code  0x08003da2     0x5a  SDP.o [3]
  i.GAP_Set_Pairability_Mode
                          ro code  0x08003dfc     0xd4  GAP.o [3]
  i.GAP_Register_Remote_Authentication
                          ro code  0x08003ed0     0x32  GAP.o [3]
  i.GAP_Set_Connectability_Mode
                          ro code  0x08003f02     0x54  GAP.o [3]
  .constdata              const    0x08003f56      0x5  SDP.o [3]
  i.GAP_Set_Discoverability_Mode
                          ro code  0x08003f5c    0x18c  GAP.o [3]
  i.SPP_Data_Write        ro code  0x080040e8    0x234  SPP.o [3]
  i.HCI_Delete_Stored_Link_Key
                          ro code  0x0800431c     0x32  HCI.o [3]
  .text                   ro code  0x08004350    0x100  rangecheck.o [4]
  .text                   ro code  0x08004450     0x76  ABImemcpy_unaligned.o [7]
  i.GAP_Authentication_Response
                          ro code  0x080044c8    0x174  GAP.o [3]
  .text                   ro code  0x0800463c      0x6  ABImemclr4.o [7]
  i.GAP_Query_Connection_Handle
                          ro code  0x08004642     0x3c  GAP.o [3]
  i.SPP_Data_Read         ro code  0x0800467e     0xfc  SPP.o [3]
  i.SPP_Respond_Port_Information
                          ro code  0x0800477a     0x5e  SPP.o [3]
  i.SPP_Open_Port_Request_Response
                          ro code  0x080047d8     0x8a  SPP.o [3]
  .text                   ro code  0x08004864   0x12ec  tasks.o [1]
  .text                   ro code  0x08005b50    0xa80  queue.o [1]
  .text                   ro code  0x080065d0    0x250  heap_4.o [1]
  .text                   ro code  0x08006820     0x78  ABImemmove_unaligned.o [7]
  .text                   ro code  0x08006898     0x66  ABImemset.o [7]
  .text                   ro code  0x08006900     0x62  memcmp_unaligned.o [7]
  .text                   ro code  0x08006964     0x44  strcpy_unaligned.o [7]
  .text                   ro code  0x080069a8     0x36  strlen.o [7]
  .text                   ro code  0x080069e0     0x2c  vsprintf.o [5]
  i.InitializeBSCModule   ro code  0x08006a0c     0x20  BSC.o [3]
  i.BTPS_InitializeTimerModule
                          ro code  0x08006a2c     0x74  BTPSTMR.o [3]
  .text                   ro code  0x08006aa0    0x228  BTPSVEND.o [1]
  i.HCI_OpenDriver        ro code  0x08006cc8     0xd8  HCIDrv.o [3]
  i.BSC_AddGenericListEntry_Actual
                          ro code  0x08006da0     0x46  BSC.o [3]
  i.IncreaseBluetoothStackThreadCount
                          ro code  0x08006de8     0x38  BSC.o [3]
  i.HCI_Initialize        ro code  0x08006e20    0x258  HCI.o [3]
  i.DecreaseBluetoothStackThreadCount
                          ro code  0x08007078     0x74  BSC.o [3]
  i._HCI_Read_BD_ADDR     ro code  0x080070ec     0x38  HCI.o [3]
  i.InitializeCertificateModule
                          ro code  0x08007124      0x4  BTPSC.o [3]
  i.GetCertLength         ro code  0x08007128      0x4  BTPSC.o [3]
  i.GetCertPtr            ro code  0x0800712c      0x8  BTPSC.o [3]
  i.GetCertCurrentDate    ro code  0x08007134      0x4  BTPSC.o [3]
  i.GetAccess             ro code  0x08007138     0x22  BTPSC.o [3]
  i.CleanupCertificateModule
                          ro code  0x0800715a      0x2  BTPSC.o [3]
  i.SCO_Initialize        ro code  0x0800715c    0x224  SCO.o [3]
  i.L2CAP_Initialize      ro code  0x08007380    0x1e8  L2CAP.o [3]
  i.SDP_Initialize        ro code  0x08007568     0xa8  SDP.o [3]
  i.RFCOMM_Initialize     ro code  0x08007610     0xc0  RFCOMM.o [3]
  i.GAP_Initialize        ro code  0x080076d0     0xd4  GAP.o [3]
  i.SPP_Initialize        ro code  0x080077a4     0x88  SPP.o [3]
  i.GOEP_Initialize       ro code  0x0800782c     0x36  GOEP.o [3]
  i.OTP_Initialize        ro code  0x08007862      0x4  OTP.o [3]
  i.OTP_Cleanup           ro code  0x08007866      0x2  OTP.o [3]
  i.GOEP_Cleanup          ro code  0x08007868     0x2a  GOEP.o [3]
  i.SPP_Cleanup           ro code  0x08007892     0x2a  SPP.o [3]
  i.GAP_Cleanup           ro code  0x080078bc     0x7e  GAP.o [3]
  i.RFCOMM_Cleanup        ro code  0x0800793a     0x2c  RFCOMM.o [3]
  i.SDP_Cleanup           ro code  0x08007966     0x44  SDP.o [3]
  i.SCO_Cleanup           ro code  0x080079aa     0x8c  SCO.o [3]
  i.L2CAP_Cleanup         ro code  0x08007a36     0x74  L2CAP.o [3]
  i.HCI_Cleanup           ro code  0x08007aaa     0x8a  HCI.o [3]
  i.HCI_Query_LE_Controller_Support
                          ro code  0x08007b34     0x24  HCI.o [3]
  i.HCI_CloseDriver       ro code  0x08007b58     0xbc  HCIDrv.o [3]
  i.FreeBSCTimerEntryList
                          ro code  0x08007c14     0x26  BSC.o [3]
  i.BTPS_CleanupTimerModule
                          ro code  0x08007c3c     0x4c  BTPSTMR.o [3]
  i.AcquireGAPStackInformation
                          ro code  0x08007c88     0x28  GAP.o [3]
  i._HCI_Change_Local_Name
                          ro code  0x08007cb0     0x7c  HCI.o [3]
  i.ReleaseBluetoothStackInformation
                          ro code  0x08007d2c     0x1c  BSC.o [3]
  i.AcquireL2CAPStackInformation
                          ro code  0x08007d48     0x2e  L2CAP.o [3]
  i.AcquireBluetoothStackInformation
                          ro code  0x08007d78     0x8c  BSC.o [3]
  i._HCI_Write_Default_Link_Policy_Settings
                          ro code  0x08007e04     0x2c  HCI.o [3]
  .text                   ro code  0x08007e30    0x1d4  stm32l1xx_hal_msp.o [1]
  i.RegisterCallback      ro code  0x08008004     0xa4  HCI.o [3]
  .text                   ro code  0x080080a8    0x8e4  stm32l1xx_hal_uart.o [1]
  .text                   ro code  0x0800898c    0x1a4  usart.o [1]
  .text                   ro code  0x08008b30    0x17a  main.o [1]
  .text                   ro code  0x08008cac    0x370  port.o [1]
  i.HCI_ReconfigureDriver
                          ro code  0x0800901c     0x6c  HCIDrv.o [3]
  i.SearchBTStackEntry    ro code  0x08009088     0x14  BSC.o [3]
  i.AcquireSPPStackInformation
                          ro code  0x0800909c     0x28  SPP.o [3]
  i.GetNextSerialPortID   ro code  0x080090c4     0x14  SPP.o [3]
  i._RFCOMM_Register_Server_Channel
                          ro code  0x080090d8     0x98  RFCOMM.o [3]
  i.AddPortInformationEntry
                          ro code  0x08009170     0x12  SPP.o [3]
  i._RFCOMM_Un_Register_Server_Channel
                          ro code  0x08009182     0x2e  RFCOMM.o [3]
  i.AcquireSPPStackPortInformation
                          ro code  0x080091b0     0x42  SPP.o [3]
  i.SDP_Create_Service_Record
                          ro code  0x080091f4    0x158  SDP.o [3]
  i.WriteDataElementSequenceHeader
                          ro code  0x0800934c     0x5a  SDP.o [3]
  i.SDP_Add_Raw_Attribute
                          ro code  0x080093a6     0xea  SDP.o [3]
  i.DeletePortInformationEntry
                          ro code  0x08009490     0x14  SPP.o [3]
  i._RFCOMM_Release_Request
                          ro code  0x080094a4     0xcc  RFCOMM.o [3]
  i.FreePortInformationEntryMemory
                          ro code  0x08009570     0x2a  SPP.o [3]
  i.AcquireSDPStackInformation
                          ro code  0x0800959a     0x28  SDP.o [3]
  i.BSC_DeleteGenericListEntry
                          ro code  0x080095c2     0x62  BSC.o [3]
  i.FreeServiceAttributeList
                          ro code  0x08009624      0x6  SDP.o [3]
  i.BSC_FreeGenericListEntryMemory
                          ro code  0x0800962a      0xa  BSC.o [3]
  i.HCI_Version_Supported
                          ro code  0x08009634     0x24  HCI.o [3]
  i.GAP_Cancel_Bonding    ro code  0x08009658     0xb0  GAP.o [3]
  i._HCI_Write_Simple_Pairing_Mode
                          ro code  0x08009708     0x2c  HCI.o [3]
  i._HCI_Read_Scan_Enable
                          ro code  0x08009734     0x32  HCI.o [3]
  i._HCI_Write_Scan_Enable
                          ro code  0x08009766     0x2c  HCI.o [3]
  i.BTPS_StopTimer        ro code  0x08009794     0x74  BTPSTMR.o [3]
  i._HCI_Write_Current_IAC_LAP
                          ro code  0x08009808     0x3e  HCI.o [3]
  i.BTPS_StartTimer       ro code  0x08009848     0x94  BTPSTMR.o [3]
  i._HCI_Read_Class_of_Device
                          ro code  0x080098dc     0x36  HCI.o [3]
  i._HCI_Write_Class_of_Device
                          ro code  0x08009912     0x32  HCI.o [3]
  i._RFCOMM_Send_Data_With_Credits
                          ro code  0x08009944     0xfc  RFCOMM.o [3]
  i._RFCOMM_Send_Data     ro code  0x08009a40     0x10  RFCOMM.o [3]
  i._HCI_Delete_Stored_Link_Key
                          ro code  0x08009a50     0x3c  HCI.o [3]
  .text                   ro code  0x08009a8c     0x10  rtc_report.o [8]
  i.CompareNULLBluetoothAddress
                          ro code  0x08009a9c     0x20  BSC.o [3]
  i.CompareBluetoothAddress
                          ro code  0x08009abc     0x38  BSC.o [3]
  i._HCI_User_Confirmation_Request_Reply
                          ro code  0x08009af4     0x30  HCI.o [3]
  i._HCI_User_Confirmation_Request_Negative_Reply
                          ro code  0x08009b24     0x30  HCI.o [3]
  i._HCI_User_Passkey_Request_Reply
                          ro code  0x08009b54     0x50  HCI.o [3]
  i._HCI_User_Passkey_Request_Negative_Reply
                          ro code  0x08009ba4     0x30  HCI.o [3]
  i._HCI_Send_Keypress_Notification
                          ro code  0x08009bd4     0x34  HCI.o [3]
  i._HCI_Remote_OOB_Data_Request_Reply
                          ro code  0x08009c08     0x7c  HCI.o [3]
  i._HCI_Remote_OOB_Data_Request_Negative_Reply
                          ro code  0x08009c84     0x30  HCI.o [3]
  i.SearchCallbackEntry   ro code  0x08009cb4     0x10  GAP.o [3]
  i._HCI_IO_Capability_Request_Negative_Reply
                          ro code  0x08009cc4     0x34  HCI.o [3]
  i._HCI_IO_Capability_Request_Reply
                          ro code  0x08009cf8     0x50  HCI.o [3]
  i._HCI_Link_Key_Request_Reply
                          ro code  0x08009d48     0x38  HCI.o [3]
  i._HCI_Link_Key_Request_Negative_Reply
                          ro code  0x08009d80     0x30  HCI.o [3]
  i._HCI_PIN_Code_Request_Reply
                          ro code  0x08009db0     0x3c  HCI.o [3]
  i._HCI_PIN_Code_Request_Negative_Reply
                          ro code  0x08009dec     0x30  HCI.o [3]
  .text                   ro code  0x08009e1c     0x32  ABImemset48.o [7]
  i.AcquireGAPStackACLInfo
                          ro code  0x08009e4e     0x42  GAP.o [3]
  i._RFCOMM_Send_Credits  ro code  0x08009e90      0xe  RFCOMM.o [3]
  i.SPP_Port_Status       ro code  0x08009e9e     0xca  SPP.o [3]
  i.BuildRemotePortNegotiationStructure
                          ro code  0x08009f68    0x1d6  SPP.o [3]
  i._RFCOMM_Remote_Port_Negotiation_Response
                          ro code  0x0800a13e     0x8a  RFCOMM.o [3]
  i._RFCOMM_Open_Response
                          ro code  0x0800a1c8     0xa6  RFCOMM.o [3]
  i.FormatAndDispatchEventBD_ADDR
                          ro code  0x0800a26e     0x2c  SPP.o [3]
  i.SearchPortInformationEntry
                          ro code  0x0800a29a     0x14  SPP.o [3]
  i.CleanupPortInformationEntry
                          ro code  0x0800a2ae     0x54  SPP.o [3]
  CODE                    ro code  0x0800a304     0x94  portasm.o [1]
  .text                   ro code  0x0800a398     0x9e  list.o [1]
  .text                   ro code  0x0800a438     0x8c  freertos.o [1]
  .text                   ro code  0x0800a4c4   0x1156  xprintffull.o [5]
  i.HCI_Send_Raw_Command  ro code  0x0800b61c    0x17c  HCI.o [3]
  .text                   ro code  0x0800b798    0x518  BTVS.o [1]
  i.InitializeCOMMList    ro code  0x0800bcb0     0x18  HCIComm.o [3]
  i.BSC_AcquireListLock   ro code  0x0800bcc8     0x18  BSC.o [3]
  i.GetNextCallbackPacketID
                          ro code  0x0800bce0     0x14  HCIDrv.o [3]
  i.OpenComm              ro code  0x0800bcf4    0x108  HCIComm.o [3]
  i.CloseComm             ro code  0x0800bdfc     0x44  HCIComm.o [3]
  i.BSC_ReleaseListLock   ro code  0x0800be40     0x14  BSC.o [3]
  i.CompareListEntryKeys  ro code  0x0800be54     0x4a  BSC.o [3]
  i.QuerySharedBuffer     ro code  0x0800be9e     0x3a  BSC.o [3]
  i.HCI_RegisterEventCallback
                          ro code  0x0800bed8      0xa  HCIDrv.o [3]
  i.HCI_RegisterACLDataCallback
                          ro code  0x0800bee2      0xa  HCIDrv.o [3]
  i.HCI_RegisterSCODataCallback
                          ro code  0x0800beec      0xa  HCIDrv.o [3]
  i.HCI_Reset             ro code  0x0800bef6     0x8a  HCI.o [3]
  i._HCI_Read_Local_Version_Information
                          ro code  0x0800bf80     0x54  HCI.o [3]
  i.DetermineLEControllerSupport
                          ro code  0x0800bfd4     0x2a  HCI.o [3]
  i._HCI_Set_Event_Mask   ro code  0x0800bffe     0x32  HCI.o [3]
  i._HCI_Write_LE_Host_Supported
                          ro code  0x0800c030     0x38  HCI.o [3]
  i._HCI_Read_Local_Supported_Commands
                          ro code  0x0800c068     0x38  HCI.o [3]
  i.HCI_UnRegisterCallback
                          ro code  0x0800c0a0     0x70  HCIDrv.o [3]
  i.SendDispatchResetThreadClose
                          ro code  0x0800c110     0x1c  HCI.o [3]
  i.BuildAndSubmitCommandNoData
                          ro code  0x0800c12c      0xe  HCI.o [3]
  i._HCI_Read_Local_Supported_Features
                          ro code  0x0800c13a     0x3a  HCI.o [3]
  i._HCI_Read_Buffer_Size
                          ro code  0x0800c174     0x50  HCI.o [3]
  i.HCI_Write_SCO_Flow_Control_Enable
                          ro code  0x0800c1c4     0x28  HCI.o [3]
  i.HCI_Register_SCO_Data_Callback
                          ro code  0x0800c1ec      0xa  HCI.o [3]
  i.HCI_Change_SCO_Configuration
                          ro code  0x0800c1f6     0x2a  HCI.o [3]
  i.HCI_Change_SCO_Configuration_Handles
                          ro code  0x0800c220     0x2e  HCI.o [3]
  i.FreeL2CAPContextInformation
                          ro code  0x0800c24e     0x3e  L2CAP.o [3]
  i.HCI_Build_ACL_Packet_Type_Mask
                          ro code  0x0800c28c     0x26  HCI.o [3]
  i._HCI_LE_Read_Buffer_Size
                          ro code  0x0800c2b2     0x38  HCI.o [3]
  i.HCI_Register_ACL_Data_Callback
                          ro code  0x0800c2ea      0xa  HCI.o [3]
  i.AddServiceRecordEntry
                          ro code  0x0800c2f4     0x12  SDP.o [3]
  i._L2CA_Register_PSM    ro code  0x0800c306     0x56  L2CAP.o [3]
  i.BSC_RegisterEventCallback
                          ro code  0x0800c35c     0x2a  BSC.o [3]
  i.GAP_LE_Initialize     ro code  0x0800c388    0x108  GAPLE.o [3]
  i.BSC_UnRegisterEventCallback
                          ro code  0x0800c490     0x1a  BSC.o [3]
  i._RFCOMM_Set_System_Parameters
                          ro code  0x0800c4aa     0x48  RFCOMM.o [3]
  i.FreePortInfoList      ro code  0x0800c4f2     0x1c  GOEP.o [3]
  i.FreePortInformationList
                          ro code  0x0800c50e     0x1c  SPP.o [3]
  i.FreeACLLinkList       ro code  0x0800c52a      0x6  GAP.o [3]
  i.FreeCallbackList      ro code  0x0800c530      0x6  GAP.o [3]
  i.FreeInquiryResultList
                          ro code  0x0800c536      0x6  GAP.o [3]
  i.GAP_LE_Cleanup        ro code  0x0800c53c     0x34  GAPLE.o [3]
  i.AcquireRFCOMMStackInformation
                          ro code  0x0800c570     0x2e  RFCOMM.o [3]
  i.FreeConnectionInfoList
                          ro code  0x0800c59e     0x24  SDP.o [3]
  i.FreeL2CAPConnectionInfoList
                          ro code  0x0800c5c2     0x2e  SDP.o [3]
  i.FreeServiceRecordList
                          ro code  0x0800c5f0     0x28  SDP.o [3]
  i.FreeCallbackList      ro code  0x0800c618      0x6  SCO.o [3]
  i._HCI_Disconnect       ro code  0x0800c61e     0x2e  HCI.o [3]
  i.FreeACLLinkList       ro code  0x0800c64c      0x6  SCO.o [3]
  i.HandleChannelDisconnection
                          ro code  0x0800c654     0xcc  L2CAP.o [3]
  i.GetNextChannelInfoEntry
                          ro code  0x0800c720      0xa  L2CAP.o [3]
  i.FreeRegistryInfoList  ro code  0x0800c72a      0x6  L2CAP.o [3]
  i.FreeACLDataList       ro code  0x0800c730      0x6  L2CAP.o [3]
  i.FreeChannelInfoList   ro code  0x0800c736     0x14  L2CAP.o [3]
  i.FreeConnectionInfoList
                          ro code  0x0800c74a     0x28  L2CAP.o [3]
  i.FreeIdentifierInfoList
                          ro code  0x0800c772     0x28  L2CAP.o [3]
  i.FreeCallbackList      ro code  0x0800c79a      0x6  HCI.o [3]
  i._HCI_Read_LE_Host_Supported
                          ro code  0x0800c7a0     0x38  HCI.o [3]
  i.SearchDriverEntry     ro code  0x0800c7d8     0x14  HCIDrv.o [3]
  i.FreeDriverStructureResources
                          ro code  0x0800c7ec     0x34  HCIDrv.o [3]
  i.CleanupCOMMList       ro code  0x0800c820     0x48  HCIComm.o [3]
  i.BuildCommandHeader    ro code  0x0800c868     0x2e  HCI.o [3]
  i.HCISendPacket         ro code  0x0800c896     0x76  HCI.o [3]
  i.BuildAndSubmitCommandWord
                          ro code  0x0800c90c     0x54  HCI.o [3]
  .text                   ro code  0x0800c960    0x280  stm32l1xx_hal_cortex.o [1]
  .text                   ro code  0x0800cbe0     0x80  buzzer.o [1]
  .text                   ro code  0x0800cc60    0xea2  stm32l1xx_hal_dma.o [1]
  .text                   ro code  0x0800db04   0x10a8  stm32l1xx_hal_rcc.o [1]
  .text                   ro code  0x0800ebac     0x1c  divbyzerocheck.o [4]
  .text                   ro code  0x0800ebc8     0x80  stm32l1xx_hal.o [1]
  .text                   ro code  0x0800ec48    0x25c  gpio.o [1]
  .text                   ro code  0x0800eea4     0xe4  dma.o [1]
  .text                   ro code  0x0800ef88    0x120  fsmc.o [1]
  .text                   ro code  0x0800f0a8    0x140  i2c.o [1]
  .text                   ro code  0x0800f1e8     0xf8  rtc.o [1]
  .text                   ro code  0x0800f2e0    0x204  spi.o [1]
  .text                   ro code  0x0800f4e4    0x1a4  tim.o [1]
  .text                   ro code  0x0800f688     0x3c  stm32l1xx_hal_pwr.o [1]
  .text                   ro code  0x0800f6c4    0x1a8  stm32l1xx_hal_rcc_ex.o [1]
  i.AcquireDriverEntry    ro code  0x0800f86c     0x58  HCIDrv.o [3]
  i.ReconfigureComm       ro code  0x0800f8c4     0xe4  HCIComm.o [3]
  i.BSC_SearchGenericListEntry
                          ro code  0x0800f9a8     0x36  BSC.o [3]
  i.AddServiceAttributeEntry
                          ro code  0x0800f9de     0x56  SDP.o [3]
  i.ParseAPIUUIDs         ro code  0x0800fa34     0xf0  SDP.o [3]
  i.SearchServiceRecordEntry
                          ro code  0x0800fb24     0x14  SDP.o [3]
  i.SearchL2CAPConnectionInfoEntryByCID
                          ro code  0x0800fb38     0x14  RFCOMM.o [3]
  i.SearchRFCOMMChannelInfoEntryByTEIAndDLCI
                          ro code  0x0800fb4c     0x34  RFCOMM.o [3]
  i.RFCOMM_Control        ro code  0x0800fb80     0x38  RFCOMM.o [3]
  i.Disconnect            ro code  0x0800fbb8    0x1c4  RFCOMM.o [3]
  i.BSC_FreeGenericListEntryList
                          ro code  0x0800fd7c     0x1e  BSC.o [3]
  i.DeleteCallbackEntry   ro code  0x0800fd9a     0x10  GAP.o [3]
  i.SearchACLLinkEntryBD_ADDR
                          ro code  0x0800fdaa     0x10  GAP.o [3]
  i.L2CA_Get_Link_Connection_State
                          ro code  0x0800fdba     0xec  L2CAP.o [3]
  i._HCI_Create_Connection_Cancel
                          ro code  0x0800fea6     0x30  HCI.o [3]
  i.BuildAndSubmitCommandByte
                          ro code  0x0800fed8     0x50  HCI.o [3]
  i.BuildAndSubmitCommandByteVariable
                          ro code  0x0800ff28     0x84  HCI.o [3]
  i.GetNextTimerID        ro code  0x0800ffac     0x44  BTPSTMR.o [3]
  i.RFCOMM_Data_Write     ro code  0x0800fff0     0xf0  RFCOMM.o [3]
  i.FormatAndDispatchFlowEvent
                          ro code  0x080100e0     0x32  RFCOMM.o [3]
  i.BuildAndSubmitCommandBD_ADDRByte
                          ro code  0x08010114     0x68  HCI.o [3]
  i.BuildAndSubmitCommandBD_ADDRByteVariable
                          ro code  0x0801017c     0x98  HCI.o [3]
  i._RFCOMM_Modem_Status  ro code  0x08010214     0x96  RFCOMM.o [3]
  i.RFCOMM_Control_Message
                          ro code  0x080102aa     0x80  RFCOMM.o [3]
  .text                   ro code  0x0801032c    0x656  afe.o [1]
  .text                   ro code  0x08010984    0x1b8  gauge.o [1]
  .text                   ro code  0x08010b3c    0x8f8  tasks_ecg.o [1]
  .text                   ro code  0x08011434    0x188  tasks_bt.o [1]
  .text                   ro code  0x080115bc    0x114  tasks_input.o [1]
  .text                   ro code  0x080116d0    0x184  tasks_periph.o [1]
  .text                   ro code  0x08011854     0x7c  tasks_fsm.o [1]
  .text                   ro code  0x080118d0     0x20  xmbtowc.o [5]
  .text                   ro code  0x080118f0     0x16  strchr.o [7]
  .text                   ro code  0x08011908     0x58  memchr.o [7]
  .text                   ro code  0x08011960      0xa  xmbcurmax.o [5]
  .text                   ro code  0x0801196c     0xb0  xxmemxmalloc.o [5]
  .text                   ro code  0x08011a1c     0x1a  xwctomb.o [5]
  .text                   ro code  0x08011a38     0x80  xxmemxfree.o [5]
  .text                   ro code  0x08011ab8     0xee  I64DivMod.o [7]
  .text                   ro code  0x08011ba6     0x42  xdnorm.o [6]
  .text                   ro code  0x08011be8     0x2e  DblCmpLe.o [6]
  .text                   ro code  0x08011c18     0x2e  DblCmpGe.o [6]
  .text                   ro code  0x08011c48    0x110  xdscale.o [6]
  .text                   ro code  0x08011d58     0x58  DblToI32.o [6]
  .text                   ro code  0x08011db0     0x30  I32ToDbl.o [6]
  .text                   ro code  0x08011de0    0x180  DblSub.o [6]
  .text                   ro code  0x08011f60    0x1a2  DblMul.o [6]
  .text                   ro code  0x08012104    0x256  DblDiv.o [6]
  .text                   ro code  0x0801235c     0x6c  localeconv.o [5]
  .text                   ro code  0x080123c8      0xe  div.o [5]
  i.InitializeProtocol    ro code  0x080123d8     0x54  HCIComm.o [3]
  i.DeleteCOMEntry        ro code  0x0801242c     0x14  HCIComm.o [3]
  i.FreeCOMStructureResources
                          ro code  0x08012440     0x40  HCIComm.o [3]
  i.CalculateBufferOffset
                          ro code  0x08012480     0x34  BSC.o [3]
  i.RegisterCallback      ro code  0x080124b4     0x98  HCIDrv.o [3]
  i._HCI_Write_SCO_Flow_Control_Enable
                          ro code  0x0801254c     0x2c  HCI.o [3]
  i.HCI_ChangeSCOConfiguration
                          ro code  0x08012578     0x60  HCIDrv.o [3]
  i.HCI_ChangeSCOConfigurationHandles
                          ro code  0x080125d8     0x3c  HCIDrv.o [3]
  i.VerifySharedBufferPointer
                          ro code  0x08012614     0x28  BSC.o [3]
  i.GetNextIDNumber       ro code  0x0801263c     0x14  L2CAP.o [3]
  i.AddRegistryInfoEntry  ro code  0x08012650     0x12  L2CAP.o [3]
  i._HCI_LE_Read_White_List_Size
                          ro code  0x08012662     0x32  HCI.o [3]
  i.L2CA_Register_Fixed_Channel
                          ro code  0x08012694     0x84  L2CAP.o [3]
  i.FreePortInfoEntryMemory
                          ro code  0x08012718     0x22  GOEP.o [3]
  i.AcquireGAPLEContext   ro code  0x0801273a     0x2a  GAP.o [3]
  i.FreeLELinkList        ro code  0x08012764     0x1c  GAPLE.o [3]
  i.FreeCallbackInfoList  ro code  0x08012780      0x6  GAPLE.o [3]
  i.CleanupSDPConnection  ro code  0x08012786     0x38  SDP.o [3]
  i._L2CA_Disconnect_Request
                          ro code  0x080127be     0x96  L2CAP.o [3]
  i.BuildAndSubmitCommandWordByte
                          ro code  0x08012854     0x58  HCI.o [3]
  i.CleanupChannel        ro code  0x080128ac     0x30  L2CAP.o [3]
  i.SearchConnectionInfoEntryByConnectionHandle
                          ro code  0x080128dc     0x14  L2CAP.o [3]
  i.LP_DisconnectReq      ro code  0x080128f0     0x64  L2CAP.o [3]
  i.SearchConnectionInfoEntryByBD_ADDRType
                          ro code  0x08012954     0x44  L2CAP.o [3]
  i.DeleteConnectionInfoEntry
                          ro code  0x08012998     0x2e  L2CAP.o [3]
  i.BSC_GetNextGenericListEntry
                          ro code  0x080129c6     0x20  BSC.o [3]
  i.DeleteChannelInfoEntry
                          ro code  0x080129e6     0x30  L2CAP.o [3]
  i.FreeFixedChannelInfoList
                          ro code  0x08012a16      0x6  L2CAP.o [3]
  i.HCI_SendPacket        ro code  0x08012a1c     0xb4  HCIDrv.o [3]
  i.HCI_CancelPacket      ro code  0x08012ad0     0x74  HCIDrv.o [3]
  .text                   ro code  0x08012b44    0x762  stm32l1xx_hal_tim.o [1]
  .text                   ro code  0x080132a8     0x10  stm32l1xx_hal_pwr_ex.o [1]
  .text                   ro code  0x080132b8    0x114  stm32l1xx_hal_sram.o [1]
  .text                   ro code  0x080133cc    0xb2e  stm32l1xx_hal_i2c.o [1]
  .text                   ro code  0x08013efc    0x1d0  stm32l1xx_hal_rtc.o [1]
  .text                   ro code  0x080140cc    0x27e  stm32l1xx_hal_rtc_ex.o [1]
  .text                   ro code  0x0801434a     0x8c  stm32l1xx_hal_spi_ex.o [1]
  .text                   ro code  0x080143d6     0x5a  stm32l1xx_hal_tim_ex.o [1]
  i.SearchCOMEntry        ro code  0x08014430     0x14  HCIComm.o [3]
  i.CalculateFCS          ro code  0x08014444     0x20  RFCOMM.o [3]
  i._L2CA_Data_Write      ro code  0x08014464      0xe  L2CAP.o [3]
  i.GetNextRFCOMMChannelInfoEntry
                          ro code  0x08014472      0xa  RFCOMM.o [3]
  i.RemoveL2CAPConnectionInfoEntry
                          ro code  0x0801447c     0x10  RFCOMM.o [3]
  i.RemoveRFCOMMChannelInfoEntry
                          ro code  0x0801448c     0x26  RFCOMM.o [3]
  i.DisconnectChannel     ro code  0x080144b2     0x86  RFCOMM.o [3]
  i.GetNextRFCOMMServerInfoEntry
                          ro code  0x08014538      0xa  RFCOMM.o [3]
  i.AdjustSharedBuffer    ro code  0x08014544     0x64  BSC.o [3]
  i._L2CA_Enhanced_Data_Write
                          ro code  0x080145a8     0xb6  L2CAP.o [3]
  i.SendFormattedControlMessage
                          ro code  0x08014660     0xbc  RFCOMM.o [3]
  .text                   ro code  0x0801471c     0xa0  afe_hal.o [1]
  .text                   ro code  0x080147bc    0x95a  stm32l1xx_hal_spi.o [1]
  .text                   ro code  0x08015116    0x1b8  gauge_hal.o [1]
  .text                   ro code  0x080152d0    0x794  dsp.o [1]
  .text                   ro code  0x08015a64     0xba  checked_operators.o [4]
  .text                   ro code  0x08015b20    0x324  authentication.o [1]
  .text                   ro code  0x08015e44     0x34  sprintf.o [5]
  .text                   ro code  0x08015e78      0x6  ABImemclr.o [7]
  .text                   ro code  0x08015e80     0x42  strcmp_unaligned.o [7]
  .text                   ro code  0x08015ec2     0x4a  fsm_client.o [1]
  .text                   ro code  0x08015f0c     0x14  setlocale.o [5]
  .text                   ro code  0x08015f20     0x60  xencoding_sb.o [5]
  .text                   ro code  0x08015f80     0x2c  xgetmemchunk.o [5]
  .text                   ro code  0x08015fac      0x2  I64DivZer.o [7]
  .text                   ro code  0x08015fb0     0xd4  DblAdd.o [6]
  .text                   ro code  0x08016084      0x2  xtls.o [5]
  i.HCILL_Initialize      ro code  0x08016086     0x50  HCILL.o [3]
  i.TWUART_Initialize     ro code  0x080160d8     0xf0  TWUART.o [3]
  i.ChangeCommSCOConfiguration
                          ro code  0x080161c8     0x30  HCIComm.o [3]
  i.SearchRegistryByValue
                          ro code  0x080161f8     0x14  L2CAP.o [3]
  i.FreeLELinkEntryMemory
                          ro code  0x0801620c     0x24  GAPLE.o [3]
  i.SearchChannelInfoEntry
                          ro code  0x08016230     0x14  L2CAP.o [3]
  i.CreateNewIdentifierEntry
                          ro code  0x08016244     0x74  L2CAP.o [3]
  i.L2CAP_DisconnectRequestResponse
                          ro code  0x080162b8     0x90  L2CAP.o [3]
  i.DeleteIdentifierInfoEntryByIdentifier
                          ro code  0x08016348     0x2e  L2CAP.o [3]
  i._L2CA_Flush_Channel_Data
                          ro code  0x08016376     0x72  L2CAP.o [3]
  i.LP_DisconnectCfm      ro code  0x080163e8     0xf6  L2CAP.o [3]
  i.SendHCIPacketToLowerDriver
                          ro code  0x080164e0     0xe8  HCIDrv.o [3]
  i.AddPacketQueueEntry   ro code  0x080165c8     0x60  HCIDrv.o [3]
  i.DeletePacketQueueEntry
                          ro code  0x08016628     0x14  HCIDrv.o [3]
  .text                   ro code  0x0801663c    0x664  stm32l1xx_ll_fsmc.o [1]
  i.RemoveRFCOMMMessageInfoEntryByTEIAndMessage
                          ro code  0x08016ca0     0x42  RFCOMM.o [3]
  i.SearchRFCOMMMessageInfoEntryByTEIAndDLCI
                          ro code  0x08016ce2     0x24  RFCOMM.o [3]
  i.FormatAndDispatchEventTEIDLCIByte
                          ro code  0x08016d06     0x32  RFCOMM.o [3]
  i.FormatAndDispatchOpenConfirmationEvent
                          ro code  0x08016d38     0x40  RFCOMM.o [3]
  i.CheckQueuedDataWrite  ro code  0x08016d78    0x106  L2CAP.o [3]
  i.GetNextDataIdentifier
                          ro code  0x08016e80     0x1c  L2CAP.o [3]
  i.EnhancedFragmentPacket
                          ro code  0x08016e9c     0x70  L2CAP.o [3]
  i.SearchRFCOMMMessageInfoEntryByMessageTEIAndDLCI
                          ro code  0x08016f0c     0x30  RFCOMM.o [3]
  i.AddRFCOMMMessageInfoEntry
                          ro code  0x08016f3c     0x42  RFCOMM.o [3]
  .text                   ro code  0x08016f80     0x22  I64Shl.o [7]
  .text                   ro code  0x08016fa4     0xac  state_welcome.o [1]
  i.SetTransportConfiguration
                          ro code  0x08017050     0x26  TWUART.o [3]
  i.FreeSecurityManagerResources
                          ro code  0x08017076     0x34  GAPLE.o [3]
  i.L2CAP_DataWrite       ro code  0x080170aa     0x7c  L2CAP.o [3]
  i.DeleteACLPacketEntry  ro code  0x08017126     0x1e  L2CAP.o [3]
  i.DispatchFixedChannelConnectDisconnect
                          ro code  0x08017144     0x54  L2CAP.o [3]
  i.FormatEventDisconnectIndication
                          ro code  0x08017198     0x14  L2CAP.o [3]
  i.FormatEventConnectConfirmation
                          ro code  0x080171ac     0x28  L2CAP.o [3]
  i.DispatchDebugPacketCallbacks
                          ro code  0x080171d4     0x1e  HCIDrv.o [3]
  i.SendCommPacket        ro code  0x080171f4     0xbc  HCIComm.o [3]
  i.BSC_AddGenericListEntry
                          ro code  0x080172b0     0x6c  BSC.o [3]
  i.FragmentPacket        ro code  0x0801731c     0xac  L2CAP.o [3]
  i.SearchACLPacketEntryByIdentifier
                          ro code  0x080173c8     0x14  L2CAP.o [3]
  .text                   ro code  0x080173dc     0xd0  state_running.o [1]
  .text                   ro code  0x080174ac     0x40  state.o [1]
  i.DeleteCallbackInfoByType
                          ro code  0x080174ec     0x14  GAPLE.o [3]
  i.QueueACLPacket        ro code  0x08017500     0x12  L2CAP.o [3]
  i.L2CAP_ProcessACLQueue
                          ro code  0x08017512     0x36  L2CAP.o [3]
  .text                   ro code  0x08017548     0xf4  state_goodbye.o [1]
  .text                   ro code  0x0801763c     0x48  state_h2h_wait.o [1]
  i.ProcessSendQueueData  ro code  0x08017684    0x1d0  L2CAP.o [3]
  .text                   ro code  0x08017854     0x6c  state_h2h_connected.o [1]
  i.HCI_Send_ACL_Data     ro code  0x080178c0     0x10  HCI.o [3]
  i.SearchIdentifierInfoEntryByIdentifier
                          ro code  0x080178d0     0x14  L2CAP.o [3]
  i.BTPS_ChangeTimer      ro code  0x080178e4     0x60  BTPSTMR.o [3]
  i.SearchFixedChannelInfoEntry
                          ro code  0x08017944     0x4c  L2CAP.o [3]
  i.FormatEventCIDOnly    ro code  0x08017990     0x12  L2CAP.o [3]
  .text                   ro code  0x080179a4     0x4c  state_h2h_keygen.o [1]
  i.SendDataPacket        ro code  0x080179f0     0xfe  HCI.o [3]
  .text                   ro code  0x08017af0     0xc4  state_h2h_waitkey.o [1]
  .text                   ro code  0x08017bb4     0x3c  state_h2h_auth.o [1]
  .rodata                 const    0x08017bf0   0x1848  BTPSVEND.o [1]
  i.L2CA_Event_Callback   ro code  0x08019438    0x6e8  SDP.o [3]
  i.AddConnectionInfoEntry
                          ro code  0x08019b20     0x12  SDP.o [3]
  i.ProcessSDPConnectionRequest
                          ro code  0x08019b32     0x8e  SDP.o [3]
  i.SendConnectionResponse
                          ro code  0x08019bc0     0x58  SDP.o [3]
  i._L2CA_Connect_Response
                          ro code  0x08019c18     0xb0  L2CAP.o [3]
  i.ProcessConnectionError
                          ro code  0x08019cc8     0x64  SDP.o [3]
  i.SearchConnectionInfoEntry
                          ro code  0x08019d2c     0x14  SDP.o [3]
  i._L2CA_Config_Request  ro code  0x08019d40    0x190  L2CAP.o [3]
  i._L2CA_Config_Response
                          ro code  0x08019ed0     0x86  L2CAP.o [3]
  i.DispatchSDPConnectionEvent
                          ro code  0x08019f56     0x26  SDP.o [3]
  i._L2CA_Disconnect_Response
                          ro code  0x08019f7c     0x20  L2CAP.o [3]
  i.ParseServiceSearchPattern
                          ro code  0x08019f9c     0xce  SDP.o [3]
  i.CalculateDataTypeLength
                          ro code  0x0801a06a     0x98  SDP.o [3]
  i.ProcessServiceSearchRequest
                          ro code  0x0801a104    0x19c  SDP.o [3]
  i.ParseAttributeIDList  ro code  0x0801a2a0     0xea  SDP.o [3]
  i.ProcessServiceAttributeRequest
                          ro code  0x0801a38a    0x1ac  SDP.o [3]
  i.FormatResponsePDUHeaderAndSend
                          ro code  0x0801a536     0x3a  SDP.o [3]
  i.ProcessServiceSearchAttributeRequest
                          ro code  0x0801a570    0x25a  SDP.o [3]
  i.DeleteConnectionInfoEntryCID
                          ro code  0x0801a7ca     0x14  SDP.o [3]
  i.L2CAP_ConnectRequestResponse
                          ro code  0x0801a7de     0xc6  L2CAP.o [3]
  i._HCI_Write_Automatic_Flush_Timeout
                          ro code  0x0801a8a4     0x32  HCI.o [3]
  i.ParseAPIOptions       ro code  0x0801a8d6     0xd8  L2CAP.o [3]
  i.L2CAP_ConfigRequestResponse
                          ro code  0x0801a9ae    0x10a  L2CAP.o [3]
  i._HCI_Write_Link_Supervision_Timeout
                          ro code  0x0801aab8     0x32  HCI.o [3]
  i.ReadDataElementSequenceLength
                          ro code  0x0801aaea     0x52  SDP.o [3]
  i.NormalizeUUID         ro code  0x0801ab3c     0x62  SDP.o [3]
  i.CompareServiceRecordWithServiceList
                          ro code  0x0801ab9e    0x202  SDP.o [3]
  i.CalculateAttributeRequestParameters
                          ro code  0x0801ada0     0x58  SDP.o [3]
  i.ParseRecordAttributes
                          ro code  0x0801adf8    0x14a  SDP.o [3]
  i.WriteAttributeRequestContinuationInformation
                          ro code  0x0801af42     0x60  SDP.o [3]
  i.BuildAndSubmitCommandThreeWords
                          ro code  0x0801afa4     0x74  HCI.o [3]
  i.ServiceAttributeListValid
                          ro code  0x0801b018     0x12  SDP.o [3]
  i.GetNextServiceAttribute
                          ro code  0x0801b02c     0x88  SDP.o [3]
  i.HCI_Event_Callback    ro code  0x0801b0b4    0x6a0  GAP.o [3]
  i.IssueBondingCallback  ro code  0x0801b754     0x38  GAP.o [3]
  i.DeleteACLLinkEntryConnection_Handle
                          ro code  0x0801b78c     0x14  GAP.o [3]
  i.FormatAndDispatchEncryptionChangeEvent
                          ro code  0x0801b7a0     0x4a  GAP.o [3]
  i.FormatAndDispatchAuthenticationStatusEvent
                          ro code  0x0801b7ea     0x32  GAP.o [3]
  i.SearchACLLinkEntryConnection_Handle
                          ro code  0x0801b81c     0x14  GAP.o [3]
  i.FormatAndDispatchAuthenticationEvent
                          ro code  0x0801b830     0x3c  GAP.o [3]
  i.GAP_Set_Encryption_Mode
                          ro code  0x0801b86c     0x84  GAP.o [3]
  i.FormatAndDispatchInquiryEvent
                          ro code  0x0801b8f0     0x32  GAP.o [3]
  i._HCI_Write_Encryption_Mode
                          ro code  0x0801b922     0x2c  HCI.o [3]
  i._HCI_Set_Connection_Encryption
                          ro code  0x0801b94e     0x2e  HCI.o [3]
  i.CleanUpInquiry        ro code  0x0801b97c     0x1c  GAP.o [3]
  i.AsynchronousHCIEventCallback
                          ro code  0x0801b998    0x684  HCI.o [3]
  i.BuildEventHeader      ro code  0x0801c01c     0x1e  HCI.o [3]
  i.BuildEventByte        ro code  0x0801c03a     0x14  HCI.o [3]
  i.BuildEventByteWordByte
                          ro code  0x0801c04e     0x2e  HCI.o [3]
  i.BuildEventByteBD_ADDRByte
                          ro code  0x0801c07c     0x34  HCI.o [3]
  i.BuildEventByteWordWord
                          ro code  0x0801c0b0     0x3c  HCI.o [3]
  i.BuildEventWord        ro code  0x0801c0ec     0x16  HCI.o [3]
  i.BuildEventBD_ADDRDWord
                          ro code  0x0801c102     0x34  HCI.o [3]
  i.BuildEventBD_ADDRVariableData
                          ro code  0x0801c136     0x3e  HCI.o [3]
  i.ProcessRFCOMMControlMessage
                          ro code  0x0801c174    0x622  RFCOMM.o [3]
  i.RFCOMM_Start_Link_Negotiation
                          ro code  0x0801c796     0x60  RFCOMM.o [3]
  i.HCI_Event_Callback    ro code  0x0801c7f8    0x500  L2CAP.o [3]
  i.LP_ConnectCfmNeg      ro code  0x0801ccf8     0xf4  L2CAP.o [3]
  i.AddConnectionInfoEntry
                          ro code  0x0801cdec     0x26  L2CAP.o [3]
  i._HCI_Read_Simple_Pairing_Mode
                          ro code  0x0801ce12     0x32  HCI.o [3]
  i._HCI_Read_Remote_Extended_Features
                          ro code  0x0801ce44     0x2e  HCI.o [3]
  i.LP_ConnectIndication  ro code  0x0801ce72     0xa6  L2CAP.o [3]
  i._HCI_Flush            ro code  0x0801cf18     0x2c  HCI.o [3]
  i.LP_ConnectCfm         ro code  0x0801cf44    0x13a  L2CAP.o [3]
  i.HCI_Schedule_Asynchronous_Callback
                          ro code  0x0801d07e     0x54  HCI.o [3]
  i._HCI_Reject_Connection_Request
                          ro code  0x0801d0d2     0x34  HCI.o [3]
  i._HCI_Accept_Connection_Request
                          ro code  0x0801d106     0x34  HCI.o [3]
  i.L2CA_Event_Callback   ro code  0x0801d13c    0x3f4  RFCOMM.o [3]
  i.SearchL2CAPConnectionInfoEntryByBD_ADDR
                          ro code  0x0801d530     0x10  RFCOMM.o [3]
  i.AddL2CAPConnectionInfoEntry
                          ro code  0x0801d540     0x12  RFCOMM.o [3]
  i.ProcessRFCOMMDataMessage
                          ro code  0x0801d552    0x2c0  RFCOMM.o [3]
  i.RFCOMM_Event_Callback
                          ro code  0x0801d812    0x390  SPP.o [3]
  i.FormatAndDispatchEventUnsignedInteger
                          ro code  0x0801dba2     0x2a  SPP.o [3]
  i.SendQueuedData        ro code  0x0801dbcc    0x168  SPP.o [3]
  i.SPP_Send_Break        ro code  0x0801dd34     0xdc  SPP.o [3]
  i.SPP_Line_Status       ro code  0x0801de10     0x80  SPP.o [3]
  i.FormatAndDispatchEventPortInformation
                          ro code  0x0801de90     0x32  SPP.o [3]
  i._RFCOMM_Line_Status_Change
                          ro code  0x0801dec2     0x48  RFCOMM.o [3]
  i.BuildPortInformationStructure
                          ro code  0x0801df0a    0x200  SPP.o [3]
  i.ProcessL2CAPDataPacket
                          ro code  0x0801e10a    0x336  L2CAP.o [3]
  i.L2CAP_RequestTimeout  ro code  0x0801e440    0x13a  L2CAP.o [3]
  i.L2CAP_ConnectRequestEvent
                          ro code  0x0801e57c    0x1a4  L2CAP.o [3]
  i.L2CAP_ConnectResponseEvent
                          ro code  0x0801e720    0x12c  L2CAP.o [3]
  i.L2CAP_ConfigRequestEvent
                          ro code  0x0801e84c    0x214  L2CAP.o [3]
  i.L2CAP_ConfigResponseEvent
                          ro code  0x0801ea60     0xc2  L2CAP.o [3]
  i.L2CAP_DisconnectRequestEvent
                          ro code  0x0801eb22     0x86  L2CAP.o [3]
  i.L2CAP_DisconnectResponseEvent
                          ro code  0x0801eba8     0x80  L2CAP.o [3]
  i.L2CAP_EchoRequestResponse
                          ro code  0x0801ec28     0xac  L2CAP.o [3]
  i.L2CAP_InformationRequestResponse
                          ro code  0x0801ecd4     0xde  L2CAP.o [3]
  i.L2CAP_ConnectionParameterUpdateRequestEvent
                          ro code  0x0801edb2     0x9c  L2CAP.o [3]
  i.L2CAP_ConnectionParameterUpdateResponseEvent
                          ro code  0x0801ee4e     0x7a  L2CAP.o [3]
  i.L2CAP_RejectCommand   ro code  0x0801eec8     0x96  L2CAP.o [3]
  i.HandleReadDataError   ro code  0x0801ef5e     0x26  L2CAP.o [3]
  i.FormatEventDisconnectConfirmation
                          ro code  0x0801ef84     0x16  L2CAP.o [3]
  i.FormatEventConfigConfirmation
                          ro code  0x0801ef9a     0x30  L2CAP.o [3]
  i.CreateNewChannel      ro code  0x0801efcc     0x78  L2CAP.o [3]
  i.ParseOptionsToAPI     ro code  0x0801f044    0x164  L2CAP.o [3]
  i.HCICallbackThread     ro code  0x0801f1a8    0x278  HCI.o [3]
  i.CreditDataPacket      ro code  0x0801f420     0x16  HCI.o [3]
  i.DeleteCallbackEntry   ro code  0x0801f436     0x14  HCI.o [3]
  i._HCI_Host_Number_Of_Completed_Packets
                          ro code  0x0801f44c     0x98  HCI.o [3]
  i.HCI_DriverCallback    ro code  0x0801f4e4    0x21c  HCIDrv.o [3]
  i.ProtocolEventCallback
                          ro code  0x0801f700    0x214  HCIComm.o [3]
  i.HCITR_COMDataCallback_UART
                          ro code  0x0801f914    0x1e2  HCIComm.o [3]
  i.TWUART_ReceiveBytes   ro code  0x0801faf8    0x1a0  TWUART.o [3]
  i.SetTWUARTTimer        ro code  0x0801fc98     0x54  TWUART.o [3]
  i.RestartPacketizer     ro code  0x0801fcec     0x20  TWUART.o [3]
  i.ProcessReceivedPacket
                          ro code  0x0801fd0c    0x178  TWUART.o [3]
  i.CheckIdle             ro code  0x0801fe84     0x2c  TWUART.o [3]
  i.CalculateCRC          ro code  0x0801feb0     0x30  TWUART.o [3]
  i.SendNullPacket        ro code  0x0801fee0     0x18  TWUART.o [3]
  i.FreeBufferListHead    ro code  0x0801fef8     0x1c  TWUART.o [3]
  i.SendQueuedPackets     ro code  0x0801ff14     0x5c  TWUART.o [3]
  i.ProcessTWUARTMessage  ro code  0x0801ff70     0xe8  TWUART.o [3]
  i.SendSLIPPacket        ro code  0x08020058     0xc8  TWUART.o [3]
  i.TWUART_Resynchronize  ro code  0x08020120     0x6e  TWUART.o [3]
  i.SendTWUARTMessage     ro code  0x08020190     0x5c  TWUART.o [3]
  i.ParseConfigurationField
                          ro code  0x080201ec     0x96  TWUART.o [3]
  i.SetTWUARTState        ro code  0x08020282     0x80  TWUART.o [3]
  i.TransmitData          ro code  0x08020302     0x1a  TWUART.o [3]
  i.EncodeAndSend         ro code  0x0802031c     0x8c  TWUART.o [3]
  i.SendSleepIndication   ro code  0x080203a8     0x10  TWUART.o [3]
  i.RFCOMMServerSABMMessageHandler
                          ro code  0x080203b8    0x188  RFCOMM.o [3]
  i.SearchRFCOMMServerInfoEntryByTEI
                          ro code  0x08020540     0x28  RFCOMM.o [3]
  i.AddRFCOMMChannelInfoEntry
                          ro code  0x08020568     0x36  RFCOMM.o [3]
  i.HCI_ACL_Data_Callback
                          ro code  0x080205a0    0x168  L2CAP.o [3]
  i.SearchACLPacketEntryByConnectionHandle
                          ro code  0x08020708     0x14  L2CAP.o [3]
  i.L2CAP_ReceiveTimeout  ro code  0x0802071c     0x82  L2CAP.o [3]
  i.VerifyACLHeader       ro code  0x0802079e     0x90  L2CAP.o [3]
  i.SPPServerHandler      ro code  0x0802082e    0x132  SPP.o [3]
  i._RFCOMM_Parameter_Negotiation_Response
                          ro code  0x08020960     0xc8  RFCOMM.o [3]
  i.CalculateCreditThreshold
                          ro code  0x08020a28     0x34  SPP.o [3]
  .constdata              const    0x08020a5c    0x100  RFCOMM.o [3]
  i._HCI_Event_Callback   ro code  0x08020b5c     0xf6  SCO.o [3]
  .text                   ro code  0x08020c54     0xdc  stm32l1xx_it.o [1]
  i.RFCOMMServerPNMessageHandler
                          ro code  0x08020d30     0xdc  RFCOMM.o [3]
  .text                   ro code  0x08020e0c     0xd0  packbits_init.o [7]
  .text                   ro code  0x08020edc      0x6  abort.o [5]
  .text                   ro code  0x08020ee4     0x14  exit.o [8]
  i.TWUART_TransmitBytes  ro code  0x08020ef8     0xbc  TWUART.o [3]
  i.SendReliablePacket    ro code  0x08020fb4     0x82  TWUART.o [3]
  i.RFCOMM_SignalTimeout  ro code  0x08021036     0xba  RFCOMM.o [3]
  i.TWUART_Reconfigure    ro code  0x080210f0     0xae  TWUART.o [3]
  i.AsynchronousCallbackFunction
                          ro code  0x080211a0     0xa4  BTPSTMR.o [3]
  i.DelayedAuthenticationProcess
                          ro code  0x08021244     0xa0  L2CAP.o [3]
  i.BSC_AuthenticateDevice
                          ro code  0x080212e4     0x86  BSC.o [3]
  i.HCILL_TransmitBytes   ro code  0x0802136c     0xa0  HCILL.o [3]
  i.TransmitData          ro code  0x0802140c     0x26  HCILL.o [3]
  i.SendSleepIndication   ro code  0x08021432     0x10  HCILL.o [3]
  i.HCILL_ReceiveBytes    ro code  0x08021444     0x9c  HCILL.o [3]
  i.SendQueuedPackets     ro code  0x080214e0     0x20  HCILL.o [3]
  i.FreeTransmitBufferListHead
                          ro code  0x08021500     0x1e  HCILL.o [3]
  i.GAP_Authenticate_Remote_Device
                          ro code  0x0802151e     0x9a  GAP.o [3]
  i._HCI_Authentication_Requested
                          ro code  0x080215b8     0x2c  HCI.o [3]
  .rodata                 const    0x080215e4     0x90  dsp.o [1]
  i.RetransmitTimerExpired
                          ro code  0x08021674     0x82  TWUART.o [3]
  i.TimerThread           ro code  0x080216f8     0x7c  BTPSTMR.o [3]
  i.UpdateAndExpireTimers
                          ro code  0x08021774     0x78  BTPSTMR.o [3]
  i.BSC_ScheduleAsynchronousCallback
                          ro code  0x080217ec     0x32  BSC.o [3]
  i.SynchronousHCICommandCallback
                          ro code  0x0802181e     0x74  HCI.o [3]
  i.RFCOMMCleanupHandler  ro code  0x08021892     0x68  RFCOMM.o [3]
  i.FreeL2CAPConnectionInfoList
                          ro code  0x080218fa      0x6  RFCOMM.o [3]
  i.FreeRFCOMMChannelInfoList
                          ro code  0x08021900      0x6  RFCOMM.o [3]
  i.L2CAP_StateTimeout    ro code  0x08021906     0x66  L2CAP.o [3]
  .text                   ro code  0x0802196c     0x64  system_stm32l1xx.o [1]
  i.TWUART_Shutdown       ro code  0x080219d0     0x5c  TWUART.o [3]
  i.BSC_Event_Callback    ro code  0x08021a2c     0x54  GAP.o [3]
  i.AcquireGAPStackInfo   ro code  0x08021a80     0x4e  GAPLE.o [3]
  i.ReleaseGAPLEContext   ro code  0x08021ace      0xa  GAP.o [3]
  i._L2CA_Event_Callback  ro code  0x08021ad8     0x4a  RFCOMM.o [3]
  i._HCI_SCO_Callback     ro code  0x08021b22     0x48  SCO.o [3]
  .rodata                 const    0x08021b6c     0x44  authentication.o [1]
  .rodata                 const    0x08021bb0     0x44  authentication.o [1]
  .rodata                 const    0x08021bf4     0x44  authentication.o [1]
  .rodata                 const    0x08021c38     0x44  authentication.o [1]
  .rodata                 const    0x08021c7c     0x44  authentication.o [1]
  i.IdleTimerExpired      ro code  0x08021cc0     0x40  TWUART.o [3]
  .text                   ro code  0x08021d00     0x40  zero_init3.o [7]
  i.AcknowledgeTimerExpired
                          ro code  0x08021d40     0x3e  TWUART.o [3]
  .constdata              const    0x08021d80     0x3c  BSC.o [3]
  i.AsynchronousACLDataCallback
                          ro code  0x08021dbc     0x3a  HCI.o [3]
  i.AsynchronousSCODataCallback
                          ro code  0x08021df6     0x3a  HCI.o [3]
  i.HCILL_Reconfigure     ro code  0x08021e30     0x3a  HCILL.o [3]
  i.HCILL_Shutdown        ro code  0x08021e6a     0x38  HCILL.o [3]
  i.L2CAP_ConnectionTimeout
                          ro code  0x08021ea2     0x36  L2CAP.o [3]
  i._RFCOMM_Event_Callback
                          ro code  0x08021ed8     0x36  SPP.o [3]
  .constdata              const    0x08021f10     0x34  SDP.o [3]
  .constdata              const    0x08021f44     0x30  HCIComm.o [3]
  i._HCI_Event_Callback   ro code  0x08021f74     0x2e  GAPLE.o [3]
  i._L2CA_Event_Callback  ro code  0x08021fa2     0x2e  GAPLE.o [3]
  .constdata              const    0x08021fd0     0x28  TWUART.o [3]
  .rodata                 const    0x08021ff8     0x28  dsp.o [1]
  .text                   ro code  0x08022020     0x28  data_init.o [7]
  i.Discoverability_Timeout_Callback
                          ro code  0x08022048     0x26  GAP.o [3]
  i.HCILL_Resynchronize   ro code  0x0802206e     0x26  HCILL.o [3]
  i.MailboxDeleteDataCallback
                          ro code  0x08022094     0x26  HCI.o [3]
  .iar.init_table         const    0x080220bc     0x2c  - Linker created -
  .rodata                 const    0x080220e8     0x1c  bluetooth_internal.o [1]
  .text                   ro code  0x08022104     0x1a  cmain.o [7]
  .text                   ro code  0x0802211e      0x4  low_level_init.o [5]
  .text                   ro code  0x08022122      0x4  exit.o [5]
  .text                   ro code  0x08022128      0xa  cexit.o [7]
  .constdata              const    0x08022134     0x18  L2CAP.o [3]
  .rodata                 const    0x0802214c     0x14  HCITRANS.o [1]
  .rodata                 const    0x08022160     0x14  state_h2h_connected.o [1]
  .rodata                 const    0x08022174     0x14  state_h2h_waitkey.o [1]
  .rodata                 const    0x08022188     0x14  tasks_bt.o [1]
  .rodata                 const    0x0802219c     0x14  tasks_bt.o [1]
  .rodata                 const    0x080221b0     0x14  tasks_ecg.o [1]
  .rodata                 const    0x080221c4     0x14  tasks_ecg.o [1]
  .rodata                 const    0x080221d8     0x14  tasks_ecg.o [1]
  .rodata                 const    0x080221ec     0x14  tasks_ecg.o [1]
  .rodata                 const    0x08022200     0x14  tasks_ecg.o [1]
  .rodata                 const    0x08022214     0x14  tasks_ecg.o [1]
  .rodata                 const    0x08022228     0x14  tasks_ecg.o [1]
  .rodata                 const    0x0802223c     0x14  tasks_fsm.o [1]
  .rodata                 const    0x08022250     0x14  tasks_input.o [1]
  .rodata                 const    0x08022264     0x14  tasks_input.o [1]
  .rodata                 const    0x08022278     0x14  tasks_periph.o [1]
  .rodata                 const    0x0802228c     0x14  tasks_periph.o [1]
  .rodata                 const    0x080222a0     0x14  tasks_periph.o [1]
  .rodata                 const    0x080222b4     0x14  tasks_periph.o [1]
  .rodata                 const    0x080222c8     0x14  tasks_periph.o [1]
  i.ProtocolTimerCallback
                          ro code  0x080222dc     0x14  HCIComm.o [3]
  .rodata                 const    0x080222f0     0x10  bluetooth_internal.o [1]
  .rodata                 const    0x08022300     0x10  state_h2h_connected.o [1]
  .rodata                 const    0x08022310     0x10  system_stm32l1xx.o [1]
  .rodata                 const    0x08022320     0x10  tasks_bt.o [1]
  .rodata                 const    0x08022330     0x10  tasks_ecg.o [1]
  .rodata                 const    0x08022340     0x10  tasks_ecg.o [1]
  .rodata                 const    0x08022350     0x10  tasks_ecg.o [1]
  .rodata                 const    0x08022360     0x10  tasks_ecg.o [1]
  .rodata                 const    0x08022370     0x10  tasks_fsm.o [1]
  .rodata                 const    0x08022380     0x10  tasks_periph.o [1]
  .text                   ro code  0x08022390     0x10  startup_stm32l162xd.o [1]
  .constdata              const    0x080223a0      0xc  SPP.o [3]
  .rodata                 const    0x080223ac      0xc  HCITRANS.o [1]
  .rodata                 const    0x080223b8      0xc  state_h2h_auth.o [1]
  .rodata                 const    0x080223c4      0xc  state_h2h_keygen.o [1]
  .rodata                 const    0x080223d0      0xc  state_h2h_wait.o [1]
  .rodata                 const    0x080223dc      0xc  state_h2h_waitkey.o [1]
  .rodata                 const    0x080223e8      0xc  system_stm32l1xx.o [1]
  .rodata                 const    0x080223f4      0xc  tasks_bt.o [1]
  .rodata                 const    0x08022400      0xc  tasks_bt.o [1]
  .rodata                 const    0x0802240c      0xc  tasks_bt.o [1]
  .rodata                 const    0x08022418      0xc  tasks_bt.o [1]
  .rodata                 const    0x08022424      0xc  tasks_ecg.o [1]
  .rodata                 const    0x08022430      0xc  tasks_ecg.o [1]
  .rodata                 const    0x0802243c      0xc  tasks_ecg.o [1]
  .rodata                 const    0x08022448      0xc  tasks_fsm.o [1]
  .rodata                 const    0x08022454      0xc  tasks_periph.o [1]
  .text                   ro code  0x08022460      0xc  cstartup_M.o [7]
  .rodata                 const    0x0802246c      0x8  bluetooth_internal.o [1]
  .rodata                 const    0x08022474      0x8  bluetooth_internal.o [1]
  .rodata                 const    0x0802247c      0x8  bluetooth_internal.o [1]
  .rodata                 const    0x08022484      0x8  bluetooth_internal.o [1]
  .rodata                 const    0x0802248c      0x8  BTPSKRNL.o [1]
  .rodata                 const    0x08022494      0x8  state_goodbye.o [1]
  .rodata                 const    0x0802249c      0x8  state_running.o [1]
  .rodata                 const    0x080224a4      0x8  state_welcome.o [1]
  .rodata                 const    0x080224ac      0x8  system_stm32l1xx.o [1]
  .rodata                 const    0x080224b4      0x8  tasks.o [1]
  .rodata                 const    0x080224bc      0x8  tasks_ecg.o [1]
  .rodata                 const    0x080224c4      0x8  tasks_ecg.o [1]
  .rodata                 const    0x080224cc      0x8  tasks_ecg.o [1]
  .rodata                 const    0x080224d4      0x8  tasks_ecg.o [1]
  .rodata                 const    0x080224dc      0x8  tasks_ecg.o [1]
  .rodata                 const    0x080224e4      0x8  tasks_ecg.o [1]
  .rodata                 const    0x080224ec      0x8  tasks_ecg.o [1]
  .rodata                 const    0x080224f4      0x8  tasks_ecg.o [1]
  .rodata                 const    0x080224fc      0x8  tasks_ecg.o [1]
  .rodata                 const    0x08022504      0x8  tasks_ecg.o [1]
  .rodata                 const    0x0802250c      0x8  tasks_ecg.o [1]
  .constdata              const    0x08022514      0x4  HCILL.o [3]
  .rodata                 const    0x08022518      0x4  HCITRANS.o [1]
  .rodata                 const    0x0802251c      0x4  heap_4.o [1]
  .rodata                 const    0x08022520      0x4  port.o [1]
  .rodata                 const    0x08022524      0x4  tasks_ecg.o [1]
  .rodata                 const    0x08022528      0x4  tasks_ecg.o [1]
  .rodata                 const    0x0802252c      0x4  tasks_ecg.o [1]
  .rodata                 const    0x08022530      0x4  tasks_ecg.o [1]
  .rodata                 const    0x08022534      0x4  tasks_input.o [1]
  .rodata                 const    0x08022538      0x4  tasks_input.o [1]
  .rodata                 const    0x0802253c      0x4  tasks_periph.o [1]
  .rodata                 const    0x08022540      0x4  tasks_periph.o [1]
  .rodata                 const    0x08022544      0x4  tasks_periph.o [1]
  .text                   ro code  0x08022548      0x4  startup_stm32l162xd.o [1]
  .text                   ro code  0x0802254c      0x4  startup_stm32l162xd.o [1]
  .text                   ro code  0x08022550      0x4  startup_stm32l162xd.o [1]
  .text                   ro code  0x08022554      0x4  startup_stm32l162xd.o [1]
  .text                   ro code  0x08022558      0x4  startup_stm32l162xd.o [1]
  .text                   ro code  0x0802255c      0x4  startup_stm32l162xd.o [1]
  .text                   ro code  0x08022560      0x4  startup_stm32l162xd.o [1]
  .text                   ro code  0x08022564      0x4  startup_stm32l162xd.o [1]
  .text                   ro code  0x08022568      0x4  startup_stm32l162xd.o [1]
  .text                   ro code  0x0802256c      0x4  startup_stm32l162xd.o [1]
  .text                   ro code  0x08022570      0x4  startup_stm32l162xd.o [1]
  .text                   ro code  0x08022574      0x4  startup_stm32l162xd.o [1]
  .text                   ro code  0x08022578      0x4  startup_stm32l162xd.o [1]
  .text                   ro code  0x0802257c      0x4  startup_stm32l162xd.o [1]
  .text                   ro code  0x08022580      0x4  startup_stm32l162xd.o [1]
  .text                   ro code  0x08022584      0x4  startup_stm32l162xd.o [1]
  .text                   ro code  0x08022588      0x4  startup_stm32l162xd.o [1]
  .text                   ro code  0x0802258c      0x4  startup_stm32l162xd.o [1]
  .text                   ro code  0x08022590      0x4  startup_stm32l162xd.o [1]
  .text                   ro code  0x08022594      0x4  startup_stm32l162xd.o [1]
  .text                   ro code  0x08022598      0x4  startup_stm32l162xd.o [1]
  .text                   ro code  0x0802259c      0x4  startup_stm32l162xd.o [1]
  .text                   ro code  0x080225a0      0x4  startup_stm32l162xd.o [1]
  .text                   ro code  0x080225a4      0x4  startup_stm32l162xd.o [1]
  .text                   ro code  0x080225a8      0x4  startup_stm32l162xd.o [1]
  .text                   ro code  0x080225ac      0x4  startup_stm32l162xd.o [1]
  .text                   ro code  0x080225b0      0x4  startup_stm32l162xd.o [1]
  .text                   ro code  0x080225b4      0x4  startup_stm32l162xd.o [1]
  .text                   ro code  0x080225b8      0x4  startup_stm32l162xd.o [1]
  .text                   ro code  0x080225bc      0x4  startup_stm32l162xd.o [1]
  .text                   ro code  0x080225c0      0x4  startup_stm32l162xd.o [1]
  .text                   ro code  0x080225c4      0x4  startup_stm32l162xd.o [1]
  .text                   ro code  0x080225c8      0x4  startup_stm32l162xd.o [1]
  .text                   ro code  0x080225cc      0x4  startup_stm32l162xd.o [1]
  .text                   ro code  0x080225d0      0x4  startup_stm32l162xd.o [1]
  .text                   ro code  0x080225d4      0x4  startup_stm32l162xd.o [1]
  .text                   ro code  0x080225d8      0x4  startup_stm32l162xd.o [1]
  .text                   ro code  0x080225dc      0x4  startup_stm32l162xd.o [1]
  .text                   ro code  0x080225e0      0x4  startup_stm32l162xd.o [1]
  .text                   ro code  0x080225e4      0x4  startup_stm32l162xd.o [1]
  .text                   ro code  0x080225e8      0x4  startup_stm32l162xd.o [1]
  .text                   ro code  0x080225ec      0x4  startup_stm32l162xd.o [1]
  .rodata                 const    0x080225f0      0x0  zero_init3.o [7]
  .rodata                 const    0x080225f0      0x0  packbits_init.o [7]
  Initializer bytes       const    0x080225f0     0x2f  <for P2 s0>
                                 - 0x0802261f  0x224fb

"P2":                                           0x9ee8
  P2 s0                            0x20000000    0x178  <Init block>
    __DLIB_PERTHREAD      inited   0x20000000     0x88  localeconv.o [5]
    __DLIB_PERTHREAD      inited   0x20000088     0x74  setlocale.o [5]
    .data                 inited   0x200000fc     0x1c  BTPSTMR.o [3]
    .data                 inited   0x20000118     0x10  BSC.o [3]
    .data                 inited   0x20000128      0xc  L2CAP.o [3]
    .data                 inited   0x20000134      0xc  SDP.o [3]
    .data                 inited   0x20000140      0xc  HCIDrv.o [3]
    .data                 inited   0x2000014c      0xc  HCIComm.o [3]
    .data                 inited   0x20000158      0x4  port.o [1]
    .data                 inited   0x2000015c      0x4  system_stm32l1xx.o [1]
    .data                 inited   0x20000160      0x4  HCI.o [3]
    .data                 inited   0x20000164      0x4  SPP.o [3]
    .data                 inited   0x20000168      0x4  RFCOMM.o [3]
    .data                 inited   0x2000016c      0x2  gauge.o [1]
    .data                 inited   0x2000016e      0x2  gauge.o [1]
    .data                 inited   0x20000170      0x2  gauge.o [1]
    .data                 inited   0x20000172      0x2  gauge.o [1]
    .data                 inited   0x20000174      0x2  gauge.o [1]
    .data                 inited   0x20000176      0x2  gauge.o [1]
  .bss                    zero     0x20000178   0x88b8  heap_4.o [1]
  .bss                    zero     0x20008a30    0x460  bluetooth_internal.o [1]
  .bss                    zero     0x20008e90    0x1c0  BTPSTMR.o [3]
  .bss                    zero     0x20009050    0x11c  dsp.o [1]
  .bss                    zero     0x2000916c     0x8c  tasks.o [1]
  .bss                    zero     0x200091f8     0x64  freertos.o [1]
  .bss                    zero     0x2000925c     0x58  spi.o [1]
  .bss                    zero     0x200092b4     0x58  spi.o [1]
  .bss                    zero     0x2000930c     0x44  fsmc.o [1]
  .bss                    zero     0x20009350     0x40  queue.o [1]
  .bss                    zero     0x20009390     0x40  usart.o [1]
  .bss                    zero     0x200093d0     0x3c  i2c.o [1]
  .bss                    zero     0x2000940c     0x38  dma.o [1]
  .bss                    zero     0x20009444     0x38  i2c.o [1]
  .bss                    zero     0x2000947c     0x38  i2c.o [1]
  .bss                    zero     0x200094b4     0x38  spi.o [1]
  .bss                    zero     0x200094ec     0x38  spi.o [1]
  .bss                    zero     0x20009524     0x38  tasks_fsm.o [1]
  .bss                    zero     0x2000955c     0x38  tim.o [1]
  .bss                    zero     0x20009594     0x38  tim.o [1]
  .bss                    zero     0x200095cc     0x38  usart.o [1]
  .bss                    zero     0x20009604     0x38  usart.o [1]
  .bss                    zero     0x2000963c     0x2c  HCI.o [3]
  .bss                    zero     0x20009668     0x28  dsp.o [1]
  .bss                    zero     0x20009690     0x28  freertos.o [1]
  .bss                    zero     0x200096b8     0x20  rtc.o [1]
  .bss                    zero     0x200096d8     0x18  bluetooth_internal.o [1]
  .bss                    zero     0x200096f0     0x18  tasks_ecg.o [1]
  .bss                    zero     0x20009708     0x14  tasks.o [1]
  .bss                    zero     0x2000971c     0x14  tasks.o [1]
  .bss                    zero     0x20009730     0x14  tasks.o [1]
  .bss                    zero     0x20009744     0x14  tasks.o [1]
  .bss                    zero     0x20009758     0x14  tasks.o [1]
  .bss                    zero     0x2000976c      0x8  bluetooth_internal.o [1]
  .bss                    zero     0x20009774      0x8  bluetooth_internal.o [1]
  .bss                    zero     0x2000977c      0x8  bluetooth_internal.o [1]
  .bss                    zero     0x20009784      0x8  freertos.o [1]
  .bss                    zero     0x2000978c      0x8  heap_4.o [1]
  .bss                    zero     0x20009794      0x8  xxmemxmalloc.o [5]
  .bss                    zero     0x2000979c      0x4  bluetooth_internal.o [1]
  .bss                    zero     0x200097a0      0x4  bluetooth_internal.o [1]
  .bss                    zero     0x200097a4      0x4  bluetooth_internal.o [1]
  .bss                    zero     0x200097a8      0x4  bluetooth_internal.o [1]
  .bss                    zero     0x200097ac      0x4  bluetooth_internal.o [1]
  .bss                    zero     0x200097b0      0x4  bluetooth_internal.o [1]
  .bss                    zero     0x200097b4      0x4  BTPSKRNL.o [1]
  .bss                    zero     0x200097b8      0x4  BTPSVEND.o [1]
  .bss                    zero     0x200097bc      0x4  dsp.o [1]
  .bss                    zero     0x200097c0      0x4  dsp.o [1]
  .bss                    zero     0x200097c4      0x4  fsmc.o [1]
  .bss                    zero     0x200097c8      0x4  HCITRANS.o [1]
  .bss                    zero     0x200097cc      0x4  HCITRANS.o [1]
  .bss                    zero     0x200097d0      0x4  HCITRANS.o [1]
  .bss                    zero     0x200097d4      0x4  HCITRANS.o [1]
  .bss                    zero     0x200097d8      0x4  HCITRANS.o [1]
  .bss                    zero     0x200097dc      0x4  heap_4.o [1]
  .bss                    zero     0x200097e0      0x4  heap_4.o [1]
  .bss                    zero     0x200097e4      0x4  heap_4.o [1]
  .bss                    zero     0x200097e8      0x4  heap_4.o [1]
  .bss                    zero     0x200097ec      0x4  port.o [1]
  .bss                    zero     0x200097f0      0x4  port.o [1]
  .bss                    zero     0x200097f4      0x4  port.o [1]
  .bss                    zero     0x200097f8      0x4  port.o [1]
  .bss                    zero     0x200097fc      0x4  stm32l1xx_hal.o [1]
  .bss                    zero     0x20009800      0x4  tasks.o [1]
  .bss                    zero     0x20009804      0x4  tasks.o [1]
  .bss                    zero     0x20009808      0x4  tasks.o [1]
  .bss                    zero     0x2000980c      0x4  tasks.o [1]
  .bss                    zero     0x20009810      0x4  tasks.o [1]
  .bss                    zero     0x20009814      0x4  tasks.o [1]
  .bss                    zero     0x20009818      0x4  tasks.o [1]
  .bss                    zero     0x2000981c      0x4  tasks.o [1]
  .bss                    zero     0x20009820      0x4  tasks.o [1]
[...]
default_h2h_ok          0x080174b1     0x2  Code  Lc  state.o [1]
default_h2h_pass_ready  0x080174af     0x2  Code  Lc  state.o [1]
default_h2h_start_connect
                        0x080174ad     0x2  Code  Lc  state.o [1]
default_implementation  0x080174b9    0x1a  Code  Gb  state.o [1]
diferentiator_3000      0x08015707   0x328  Code  Gb  dsp.o [1]
div                     0x080123c9     0xe  Code  Gb  div.o [5]
eTaskConfirmSleepModeStatus
                        0x08005471    0x3a  Code  Gb  tasks.o [1]
ecg_afeTaskHandle       0x2000988c     0x4  Data  Gb  tasks_ecg.o [1]
ecg_bpmDetTaskHandle    0x20009894     0x4  Data  Gb  tasks_ecg.o [1]
ecg_filterTaskHandle    0x20009890     0x4  Data  Gb  tasks_ecg.o [1]
ecg_keyGenTaskHandle    0x20009898     0x4  Data  Gb  tasks_ecg.o [1]
ecg_validationTaskHandle
                        0x2000989c     0x4  Data  Gb  tasks_ecg.o [1]
entry_to_goodbye        0x0801760f    0x1a  Code  Gb  state_goodbye.o [1]
entry_to_h2h_auth       0x08017bc7    0x20  Code  Gb  state_h2h_auth.o [1]
entry_to_h2h_connected  0x0801788b    0x20  Code  Gb  state_h2h_connected.o [1]
entry_to_h2h_keygen     0x080179c3    0x20  Code  Gb  state_h2h_keygen.o [1]
entry_to_h2h_wait       0x0801765b    0x20  Code  Gb  state_h2h_wait.o [1]
entry_to_h2h_waitkey    0x08017b77    0x20  Code  Gb  state_h2h_waitkey.o [1]
entry_to_running        0x08017481    0x14  Code  Gb  state_running.o [1]
entry_to_welcome        0x0801702b    0x1a  Code  Gb  state_welcome.o [1]
erase_key               0x08015bb1    0x12  Code  Gb  authentication.o [1]
exit                    0x08022123     0x4  Code  Gb  exit.o [5]
free                    0x08011a39    0x7a  Code  Gb  xxmemxfree.o [5]
fsm                     0x20009524    0x38  Data  Gb  tasks_fsm.o [1]
fsm_button_long         0x08015eff     0xc  Code  Gb  fsm_client.o [1]
fsm_button_short        0x08015ef3     0xc  Code  Gb  fsm_client.o [1]
fsm_client_init         0x08015ec3     0xc  Code  Gb  fsm_client.o [1]
fsm_h2h_ok              0x08015ee7     0xc  Code  Gb  fsm_client.o [1]
fsm_h2h_pass_ready      0x08015edb     0xc  Code  Gb  fsm_client.o [1]
fsm_h2h_start_connect   0x08015ecf     0xc  Code  Gb  fsm_client.o [1]
fsm_managerTaskHandle   0x200098a8     0x4  Data  Gb  tasks_fsm.o [1]
fsm_no_event            0x08015f0b     0x2  Code  Gb  fsm_client.o [1]
gauge                   0x200091f8    0x64  Data  Gb  freertos.o [1]
gauge_format_data       0x08010a91    0xac  Code  Gb  gauge.o [1]
gauge_hal_init          0x08015117     0x4  Code  Gb  gauge_hal.o [1]
gauge_hal_ram_update    0x080151cb   0x104  Code  Gb  gauge_hal.o [1]
gauge_hal_read_reg16    0x08015193    0x38  Code  Gb  gauge_hal.o [1]
gauge_hal_read_reg8     0x08015169    0x2a  Code  Gb  gauge_hal.o [1]
gauge_hal_write_reg16   0x0801513d    0x2c  Code  Gb  gauge_hal.o [1]
gauge_hal_write_reg8    0x0801511b    0x22  Code  Gb  gauge_hal.o [1]
gauge_init              0x08010985    0xcc  Code  Gb  gauge.o [1]
gauge_operation_config  0x20000176     0x2  Data  Gb  gauge.o [1]
gauge_param_design_capacity
                        0x2000016c     0x2  Data  Gb  gauge.o [1]
gauge_param_design_energy
                        0x2000016e     0x2  Data  Gb  gauge.o [1]
gauge_param_reserve_capacity
                        0x20000172     0x2  Data  Gb  gauge.o [1]
gauge_param_taper_rate  0x20000174     0x2  Data  Gb  gauge.o [1]
gauge_param_terminate_voltage
                        0x20000170     0x2  Data  Gb  gauge.o [1]
gauge_start_read        0x08010a69    0x28  Code  Gb  gauge.o [1]
h2h_auth_to_wait        0x08017bb5     0xc  Code  Lc  state_h2h_auth.o [1]
h2h_connect_to_keygen   0x08017855     0xc  Code  Lc  state_h2h_connected.o [1]
h2h_keygen_to_waitkey   0x080179a5     0xc  Code  Lc  state_h2h_keygen.o [1]
h2h_wait_to_start_connect
                        0x0801763d     0xc  Code  Lc  state_h2h_wait.o [1]
h2h_waitkey_to_aut      0x08017afd     0xc  Code  Lc  state_h2h_waitkey.o [1]
h2h_waitkey_to_wait     0x08017af1     0xc  Code  Lc  state_h2h_waitkey.o [1]
hdma_i2c1_rx            0x2000947c    0x38  Data  Gb  i2c.o [1]
hdma_i2c1_tx            0x20009444    0x38  Data  Gb  i2c.o [1]
hdma_memtomem_dma2_channel1
                        0x2000940c    0x38  Data  Gb  dma.o [1]
hdma_spi1_rx            0x200094ec    0x38  Data  Gb  spi.o [1]
hdma_spi1_tx            0x200094b4    0x38  Data  Gb  spi.o [1]
hdma_usart1_rx          0x20009604    0x38  Data  Gb  usart.o [1]
hdma_usart1_tx          0x200095cc    0x38  Data  Gb  usart.o [1]
hi2c1                   0x200093d0    0x3c  Data  Gb  i2c.o [1]
hrtc                    0x200096b8    0x20  Data  Gb  rtc.o [1]
hspi1                   0x2000925c    0x58  Data  Gb  spi.o [1]
hspi2                   0x200092b4    0x58  Data  Gb  spi.o [1]
hsram1                  0x2000930c    0x44  Data  Gb  fsmc.o [1]
htim3                   0x2000955c    0x38  Data  Gb  tim.o [1]
htim4                   0x20009594    0x38  Data  Gb  tim.o [1]
huart1                  0x20009390    0x40  Data  Gb  usart.o [1]
inHandlerMode           0x080033df    0x12  Code  Lc  cmsis_os.o [1]
init_key                0x08015b21    0x14  Code  Gb  authentication.o [1]
input_buttonTaskHandle  0x200098b4     0x4  Data  Gb  tasks_input.o [1]
leads                   0x200096f0    0x18  Data  Gb  tasks_ecg.o [1]
localeconv              0x08012397    0x16  Code  Gb  localeconv.o [5]
log_P_x                 0x08021c7c    0x44  Data  Lc  authentication.o [1]
log_Q_x1                0x08021c38    0x44  Data  Lc  authentication.o [1]
log_Q_x2                0x08021bf4    0x44  Data  Lc  authentication.o [1]
log_Q_x3                0x08021bb0    0x44  Data  Lc  authentication.o [1]
log_Q_x4                0x08021b6c    0x44  Data  Lc  authentication.o [1]
low_pass_coef_151hz     0x080215e4    0x90  Data  Gb  dsp.o [1]
low_pass_filterino_151Hz
                        0x0801538b   0x364  Code  Gb  dsp.o [1]
main                    0x08008b31    0x44  Code  Gb  main.o [1]
makeFreeRtosPriority    0x080033cd    0x12  Code  Lc  cmsis_os.o [1]
malloc                  0x0801196d    0xac  Code  Gb  xxmemxmalloc.o [5]
memchr                  0x08011909          Code  Gb  memchr.o [7]
mutex_ecg_leadsHandle   0x20009848     0x4  Data  Gb  tasks_ecg.o [1]
osDelay                 0x08003435    0x1c  Code  Gb  cmsis_os.o [1]
osKernelStart           0x080033f1     0xa  Code  Gb  cmsis_os.o [1]
osMailCreate            0x080037b9    0x84  Code  Gb  cmsis_os.o [1]
osMailGet               0x08003891    0xac  Code  Gb  cmsis_os.o [1]
osMailPut               0x0800383d    0x54  Code  Gb  cmsis_os.o [1]
osMessageCreate         0x08003699    0x12  Code  Gb  cmsis_os.o [1]
osMessageGet            0x08003709    0xb0  Code  Gb  cmsis_os.o [1]
osMessagePut            0x080036ab    0x5e  Code  Gb  cmsis_os.o [1]
osMutexCreate           0x08003451     0xc  Code  Gb  cmsis_os.o [1]
osMutexRelease          0x080034db    0x4c  Code  Gb  cmsis_os.o [1]
osMutexWait             0x0800345d    0x7e  Code  Gb  cmsis_os.o [1]
osPoolCreate            0x08003625    0x74  Code  Gb  cmsis_os.o [1]
osSemaphoreCreate       0x08003527    0x34  Code  Gb  cmsis_os.o [1]
osSemaphoreRelease      0x080035d9    0x4c  Code  Gb  cmsis_os.o [1]
osSemaphoreWait         0x0800355b    0x7e  Code  Gb  cmsis_os.o [1]
osSystickHandler        0x0800393d    0x10  Code  Gb  cmsis_os.o [1]
osThreadCreate          0x080033fb    0x3a  Code  Gb  cmsis_os.o [1]
pcInterruptPriorityRegisters
                        0x08022520     0x4  Data  Lc  port.o [1]
periph_batteryTaskHandle
                        0x200098cc     0x4  Data  Gb  tasks_periph.o [1]
periph_buzzerTaskHandle
                        0x200098c8     0x4  Data  Gb  tasks_periph.o [1]
periph_rtcTaskHandle    0x200098d0     0x4  Data  Gb  tasks_periph.o [1]
prvAddCurrentTaskToDelayedList
                        0x08005655    0x48  Code  Lc  tasks.o [1]
prvAllocateTCBAndStack  0x080056b1    0x5a  Code  Lc  tasks.o [1]
prvCheckTasksWaitingTermination
                        0x080055e5    0x66  Code  Lc  tasks.o [1]
prvCopyDataFromQueue    0x0800639b    0x30  Code  Lc  queue.o [1]
prvCopyDataToQueue      0x08006303    0x98  Code  Lc  queue.o [1]
prvDeleteTCB            0x0800570b    0x12  Code  Lc  tasks.o [1]
prvGetExpectedIdleTime  0x08004c87    0x30  Code  Lc  tasks.o [1]
prvHeapInit             0x08006735    0x6e  Code  Lc  heap_4.o [1]
prvIdleTask             0x0800541f    0x4e  Code  Lc  tasks.o [1]
prvInitialiseTCBVariables
                        0x080054b9    0x6c  Code  Lc  tasks.o [1]
prvInitialiseTaskLists  0x08005525    0xb4  Code  Lc  tasks.o [1]
prvInsertBlockIntoFreeList
                        0x080067a3    0x62  Code  Lc  heap_4.o [1]
prvIsQueueEmpty         0x080064a1    0x20  Code  Lc  queue.o [1]
prvIsQueueFull          0x080064c1    0x22  Code  Lc  queue.o [1]
prvResetNextTaskUnblockTime
                        0x0800571d    0x2e  Code  Lc  tasks.o [1]
prvTaskExitError        0x08008cc9    0x1a  Code  Lc  port.o [1]
prvUnlockQueue          0x080063cb    0xd6  Code  Lc  queue.o [1]
pvPortMalloc            0x080065d1    0xfa  Code  Gb  heap_4.o [1]
pvTaskIncrementMutexHeldCount
                        0x08005aed    0x1e  Code  Gb  tasks.o [1]
pxCurrentTCB            0x20009800     0x4  Data  Gb  tasks.o [1]
pxDelayedTaskList       0x20009804     0x4  Data  Lc  tasks.o [1]
pxEnd                   0x200097dc     0x4  Data  Lc  heap_4.o [1]
pxOverflowDelayedTaskList
                        0x20009808     0x4  Data  Lc  tasks.o [1]
pxPortInitialiseStack   0x08008cad    0x1c  Code  Gb  port.o [1]
pxReadyTasksLists       0x2000916c    0x8c  Data  Lc  tasks.o [1]
queue_bt_packet_recievedHandle
                        0x20009838     0x4  Data  Gb  tasks_bt.o [1]
queue_bt_packet_sendHandle
                        0x2000983c     0x4  Data  Gb  tasks_bt.o [1]
queue_ecg_afe_ch_1Handle
                        0x20009858     0x4  Data  Gb  tasks_ecg.o [1]
queue_ecg_afe_ch_2Handle
                        0x2000985c     0x4  Data  Gb  tasks_ecg.o [1]
queue_ecg_bpmHandle     0x2000987c     0x4  Data  Gb  tasks_ecg.o [1]
queue_ecg_bpm_screenHandle
                        0x20009880     0x4  Data  Gb  tasks_ecg.o [1]
queue_ecg_keyHandle     0x20009884     0x4  Data  Gb  tasks_ecg.o [1]
queue_ecg_keybtHandle   0x20009888     0x4  Data  Gb  tasks_ecg.o [1]
queue_ecg_lead_IHandle  0x20009864     0x4  Data  Gb  tasks_ecg.o [1]
queue_ecg_lead_IIHandle
                        0x20009868     0x4  Data  Gb  tasks_ecg.o [1]
queue_ecg_lead_IIIHandle
                        0x2000986c     0x4  Data  Gb  tasks_ecg.o [1]
queue_ecg_lead_aVFHandle
                        0x20009878     0x4  Data  Gb  tasks_ecg.o [1]
queue_ecg_lead_aVLHandle
                        0x20009874     0x4  Data  Gb  tasks_ecg.o [1]
queue_ecg_lead_aVRHandle
                        0x20009870     0x4  Data  Gb  tasks_ecg.o [1]
queue_ecg_preprocessedHandle
                        0x20009860     0x4  Data  Gb  tasks_ecg.o [1]
queue_fsm_eventsHandle  0x200098a4     0x4  Data  Gb  tasks_fsm.o [1]
queue_periph_buzzerHandle
                        0x200098c4     0x4  Data  Gb  tasks_periph.o [1]
rtc_fail4               0x08004387    0x16  Code  Lc  rangecheck.o [4]
rtc_fail4               0x08015a9b    0x16  Code  Lc  checked_operators.o [4]
rtc_fail8               0x08004351    0x36  Code  Lc  rangecheck.o [4]
rtc_fail8               0x08015a65    0x36  Code  Lc  checked_operators.o [4]
running_action_button_short
                        0x080173dd    0x8e  Code  Lc  state_running.o [1]
running_to_goodbye      0x0801746b     0xc  Code  Lc  state_running.o [1]
sem_bt_data_receiveHandle
                        0x200097d4     0x4  Data  Gb  HCITRANS.o [1]
sem_ecg_afe_dma_rxHandle
                        0x20009850     0x4  Data  Gb  tasks_ecg.o [1]
sem_ecg_afe_drdyHandle  0x2000984c     0x4  Data  Gb  tasks_ecg.o [1]
sem_ecg_keygenHandle    0x20009854     0x4  Data  Gb  tasks_ecg.o [1]
sem_input_button_long_pressHandle
                        0x200098b0     0x4  Data  Gb  tasks_input.o [1]
sem_input_button_short_pressHandle
                        0x200098ac     0x4  Data  Gb  tasks_input.o [1]
sem_periph_batteryHandle
                        0x200098b8     0x4  Data  Gb  tasks_periph.o [1]
sem_periph_gauge_dma_rxHandle
                        0x200098bc     0x4  Data  Gb  tasks_periph.o [1]
sem_periph_rtcHandle    0x200098c0     0x4  Data  Gb  tasks_periph.o [1]
show_filter             0x080156ef    0x18  Code  Gb  dsp.o [1]
sizerino                0x200098a0     0x4  Data  Gb  tasks_ecg.o [1]
sprintf                 0x08015e45    0x34  Code  Gb  sprintf.o [5]
strchr                  0x080118f1          Code  Gb  strchr.o [7]
strlen                  0x080069a9          Code  Gb  strlen.o [7]
system_init             0x0800a451    0x24  Code  Gb  freertos.o [1]
tasks_bt_init           0x08011435    0x40  Code  Gb  tasks_bt.o [1]
tasks_bt_start          0x08011475    0x34  Code  Gb  tasks_bt.o [1]
tasks_ecg_init          0x08010b3d   0x1bc  Code  Gb  tasks_ecg.o [1]
tasks_ecg_start         0x08010cf9    0x8a  Code  Gb  tasks_ecg.o [1]
tasks_fsm_init          0x08011855    0x20  Code  Gb  tasks_fsm.o [1]
tasks_fsm_start         0x08011875    0x1e  Code  Gb  tasks_fsm.o [1]
tasks_input_init        0x080115bd    0x2a  Code  Gb  tasks_input.o [1]
tasks_input_start       0x080115e7    0x1e  Code  Gb  tasks_input.o [1]
tasks_periph_init       0x080116d1    0x5a  Code  Gb  tasks_periph.o [1]
tasks_periph_start      0x0801172b    0x4a  Code  Gb  tasks_periph.o [1]
ucHeap                  0x20000178  0x88b8  Data  Lc  heap_4.o [1]
ucMaxSysCallPriority    0x200098e3     0x1  Data  Lc  port.o [1]
ulMaxPRIGROUPValue      0x200097f8     0x4  Data  Lc  port.o [1]
ulPortSetInterruptMask  0x0800a343          Code  Gb  portasm.o [1]
ulStoppedTimerCompensation
                        0x200097f4     0x4  Data  Lc  port.o [1]
ulTimerCountsForOneTick
                        0x200097ec     0x4  Data  Lc  port.o [1]
uwTick                  0x200097fc     0x4  Data  Gb  stm32l1xx_hal.o [1]
uxCriticalNesting       0x20000158     0x4  Data  Lc  port.o [1]
uxCurrentNumberOfTasks  0x20009810     0x4  Data  Lc  tasks.o [1]
uxListRemove            0x0800a40f    0x28  Code  Gb  list.o [1]
uxPendedTicks           0x20009820     0x4  Data  Lc  tasks.o [1]
uxSchedulerSuspended    0x20009834     0x4  Data  Lc  tasks.o [1]
uxTaskNumber            0x2000982c     0x4  Data  Lc  tasks.o [1]
uxTasksDeleted          0x2000980c     0x4  Data  Lc  tasks.o [1]
uxTopReadyPriority      0x20009818     0x4  Data  Lc  tasks.o [1]
vApplicationStackOverflowHook
                        0x0800a43d    0x14  Code  Gb  freertos.o [1]
vListInitialise         0x0800a399    0x1e  Code  Gb  list.o [1]
vListInitialiseItem     0x0800a3b7     0x6  Code  Gb  list.o [1]
vListInsert             0x0800a3d5    0x3a  Code  Gb  list.o [1]
vListInsertEnd          0x0800a3bd    0x18  Code  Gb  list.o [1]
vPortClearInterruptMask
                        0x0800a351          Code  Gb  portasm.o [1]
vPortEnterCritical      0x08008d7d    0x30  Code  Gb  port.o [1]
vPortExitCritical       0x08008dad    0x2a  Code  Gb  port.o [1]
vPortFree               0x080066cb    0x64  Code  Gb  heap_4.o [1]
vPortSetupTimerInterrupt
                        0x08008f39    0x6a  Code  Wk  port.o [1]
vPortStartFirstTask     0x0800a377          Code  Gb  portasm.o [1]
vPortSuppressTicksAndSleep
                        0x08008df5   0x144  Code  Wk  port.o [1]
vPortValidateInterruptPriority
                        0x08008fa5    0x3c  Code  Gb  port.o [1]
vPortYield              0x08008d6b    0x12  Code  Gb  port.o [1]
vQueueDelete            0x080062e5    0x1e  Code  Gb  queue.o [1]
vQueueUnregisterQueue   0x080064e3    0xe4  Code  Gb  queue.o [1]
vTaskDelay              0x08004ba9    0x78  Code  Gb  tasks.o [1]
vTaskDelete             0x08004a85   0x124  Code  Gb  tasks.o [1]
vTaskMissedYield        0x08005415     0x8  Code  Gb  tasks.o [1]
vTaskPlaceOnEventList   0x08005201    0x84  Code  Gb  tasks.o [1]
vTaskPriorityInherit    0x08005785   0x1ea  Code  Gb  tasks.o [1]
vTaskSetTimeOutState    0x08005385    0x1e  Code  Gb  tasks.o [1]
vTaskStartScheduler     0x08004c21    0x56  Code  Gb  tasks.o [1]
vTaskStepTick           0x08004e21    0x2c  Code  Gb  tasks.o [1]
vTaskSuspendAll         0x08004c77    0x10  Code  Gb  tasks.o [1]
vTaskSwitchContext      0x08005091   0x16a  Code  Gb  tasks.o [1]
validate                0x08015bc3   0x266  Code  Gb  authentication.o [1]
vsprintf                0x080069e1    0x2c  Code  Gb  vsprintf.o [5]
wakeup_check            0x08008b75    0x52  Code  Gb  main.o [1]
write_key               0x08015b35    0x7c  Code  Gb  authentication.o [1]
xBlockAllocatedBit      0x200097e8     0x4  Data  Lc  heap_4.o [1]
xDelayedTaskList1       0x20009708    0x14  Data  Lc  tasks.o [1]
xDelayedTaskList2       0x2000971c    0x14  Data  Lc  tasks.o [1]
xFreeBytesRemaining     0x200097e0     0x4  Data  Lc  heap_4.o [1]
xHeapStructSize         0x0802251c     0x4  Data  Lc  heap_4.o [1]
xMaximumPossibleSuppressedTicks
                        0x200097f0     0x4  Data  Lc  port.o [1]
xMinimumEverFreeBytesRemaining
                        0x200097e4     0x4  Data  Lc  heap_4.o [1]
xNextTaskUnblockTime    0x20009830     0x4  Data  Lc  tasks.o [1]
xNumOfOverflows         0x20009828     0x4  Data  Lc  tasks.o [1]
xPendingReadyList       0x20009730    0x14  Data  Lc  tasks.o [1]
xPortGetMinimumEverFreeHeapSize
                        0x0800672f     0x6  Code  Gb  heap_4.o [1]
xPortStartScheduler     0x08008ce3    0x88  Code  Gb  port.o [1]
xPortSysTickHandler     0x08008dd7    0x1e  Code  Gb  port.o [1]
xQueueCreateCountingSemaphore
                        0x08005d13    0x3a  Code  Gb  queue.o [1]
xQueueCreateMutex       0x08005c33    0x5c  Code  Gb  queue.o [1]
xQueueGenericCreate     0x08005bc9    0x6a  Code  Gb  queue.o [1]
xQueueGenericReceive    0x08006089   0x184  Code  Gb  queue.o [1]
xQueueGenericReset      0x08005b51    0x78  Code  Gb  queue.o [1]
xQueueGenericSend       0x08005d4d   0x160  Code  Gb  queue.o [1]
xQueueGenericSendFromISR
                        0x08005ead    0xf8  Code  Gb  queue.o [1]
xQueueGiveFromISR       0x08005fa5    0xe4  Code  Gb  queue.o [1]
xQueueGiveMutexRecursive
                        0x08005c8f    0x40  Code  Gb  queue.o [1]
xQueueReceiveFromISR    0x0800620d    0xd8  Code  Gb  queue.o [1]
xQueueRegistry          0x20009350    0x40  Data  Gb  queue.o [1]
xQueueTakeMutexRecursive
                        0x08005ccf    0x44  Code  Gb  queue.o [1]
xSchedulerRunning       0x2000981c     0x4  Data  Lc  tasks.o [1]
xStart                  0x2000978c     0x8  Data  Lc  heap_4.o [1]
xSuspendedTaskList      0x20009758    0x14  Data  Lc  tasks.o [1]
xTaskCheckForTimeOut    0x080053a3    0x72  Code  Gb  tasks.o [1]
xTaskGenericCreate      0x08004865   0x220  Code  Gb  tasks.o [1]
xTaskGetCurrentTaskHandle
                        0x0800574b     0xa  Code  Gb  tasks.o [1]
xTaskGetSchedulerState  0x08005755    0x26  Code  Gb  tasks.o [1]
xTaskIncrementTick      0x08004e5d   0x234  Code  Gb  tasks.o [1]
xTaskPriorityDisinherit
                        0x0800596f   0x17e  Code  Gb  tasks.o [1]
xTaskRemoveFromEventList
                        0x08005285    0xee  Code  Gb  tasks.o [1]
xTaskResumeAll          0x08004cb7   0x148  Code  Gb  tasks.o [1]
xTasksWaitingTermination
                        0x20009744    0x14  Data  Lc  tasks.o [1]
xTickCount              0x20009814     0x4  Data  Lc  tasks.o [1]
xYieldPending           0x20009824     0x4  Data  Lc  tasks.o [1]


[1] = C:\Users\Administrator\Documents\GitHub\tiic-2015\code\Persimmon\H2H Pacemaker\EWARM\H2H\Obj
[2] = command line
[3] = Bluetopia_16_M3.a
[4] = as7l.a
[5] = dl7M_tlf.a
[6] = m7M_tl.a
[7] = rt7M_tl.a
[8] = shb_l.a

  132 465 bytes of readonly  code memory
    8 366 bytes of readonly  data memory
   40 676 bytes of readwrite data memory

Errors: none
Warnings: none
