###############################################################################
#
# IAR ELF Linker V7.40.3.8902/W32 for ARM                 28/Sep/2016  08:00:18
# Copyright 2007-2015 IAR Systems AB.
#
#    Output file  =  
#        C:\Users\Administrator\Documents\GitHub\tiic-2015\code\Persimmon\H2H
#        Access Device\EWARM\H2H\Exe\H2H.out
#    Map file     =  
#        C:\Users\Administrator\Documents\GitHub\tiic-2015\code\Persimmon\H2H
#        Access Device\EWARM\H2H/List\H2H.map
#    Command line =  
#        "C:\Users\Administrator\Documents\GitHub\tiic-2015\code\Persimmon\H2H
#        Access Device\EWARM\H2H\Obj\afe.o"
#        "C:\Users\Administrator\Documents\GitHub\tiic-2015\code\Persimmon\H2H
#        Access Device\EWARM\H2H\Obj\afe_hal.o"
#        "C:\Users\Administrator\Documents\GitHub\tiic-2015\code\Persimmon\H2H
#        Access Device\EWARM\H2H\Obj\authentication.o"
#        "C:\Users\Administrator\Documents\GitHub\tiic-2015\code\Persimmon\H2H
#        Access Device\EWARM\H2H\Obj\bluetooth_internal.o"
#        "C:\Users\Administrator\Documents\GitHub\tiic-2015\code\Persimmon\H2H
#        Access Device\EWARM\H2H\Obj\BTPSKRNL.o"
#        "C:\Users\Administrator\Documents\GitHub\tiic-2015\code\Persimmon\H2H
#        Access Device\EWARM\H2H\Obj\BTPSVEND.o"
#        "C:\Users\Administrator\Documents\GitHub\tiic-2015\code\Persimmon\H2H
#        Access Device\EWARM\H2H\Obj\BTVS.o"
#        "C:\Users\Administrator\Documents\GitHub\tiic-2015\code\Persimmon\H2H
#        Access Device\EWARM\H2H\Obj\buzzer.o"
#        "C:\Users\Administrator\Documents\GitHub\tiic-2015\code\Persimmon\H2H
#        Access Device\EWARM\H2H\Obj\cmsis_os.o"
#        "C:\Users\Administrator\Documents\GitHub\tiic-2015\code\Persimmon\H2H
#        Access Device\EWARM\H2H\Obj\color.o"
#        "C:\Users\Administrator\Documents\GitHub\tiic-2015\code\Persimmon\H2H
#        Access Device\EWARM\H2H\Obj\croutine.o"
#        "C:\Users\Administrator\Documents\GitHub\tiic-2015\code\Persimmon\H2H
#        Access Device\EWARM\H2H\Obj\dma.o"
#        "C:\Users\Administrator\Documents\GitHub\tiic-2015\code\Persimmon\H2H
#        Access Device\EWARM\H2H\Obj\dsp.o"
#        "C:\Users\Administrator\Documents\GitHub\tiic-2015\code\Persimmon\H2H
#        Access Device\EWARM\H2H\Obj\event_groups.o"
#        "C:\Users\Administrator\Documents\GitHub\tiic-2015\code\Persimmon\H2H
#        Access Device\EWARM\H2H\Obj\font_awesome.o"
#        "C:\Users\Administrator\Documents\GitHub\tiic-2015\code\Persimmon\H2H
#        Access Device\EWARM\H2H\Obj\freertos.o"
#        "C:\Users\Administrator\Documents\GitHub\tiic-2015\code\Persimmon\H2H
#        Access Device\EWARM\H2H\Obj\fsm_client.o"
#        "C:\Users\Administrator\Documents\GitHub\tiic-2015\code\Persimmon\H2H
#        Access Device\EWARM\H2H\Obj\fsmc.o"
#        "C:\Users\Administrator\Documents\GitHub\tiic-2015\code\Persimmon\H2H
#        Access Device\EWARM\H2H\Obj\gauge.o"
#        "C:\Users\Administrator\Documents\GitHub\tiic-2015\code\Persimmon\H2H
#        Access Device\EWARM\H2H\Obj\gauge_hal.o"
#        "C:\Users\Administrator\Documents\GitHub\tiic-2015\code\Persimmon\H2H
#        Access Device\EWARM\H2H\Obj\gpio.o"
#        "C:\Users\Administrator\Documents\GitHub\tiic-2015\code\Persimmon\H2H
#        Access Device\EWARM\H2H\Obj\graph_ecg.o"
#        "C:\Users\Administrator\Documents\GitHub\tiic-2015\code\Persimmon\H2H
#        Access Device\EWARM\H2H\Obj\HCITRANS.o"
#        "C:\Users\Administrator\Documents\GitHub\tiic-2015\code\Persimmon\H2H
#        Access Device\EWARM\H2H\Obj\heap_4.o"
#        "C:\Users\Administrator\Documents\GitHub\tiic-2015\code\Persimmon\H2H
#        Access Device\EWARM\H2H\Obj\i2c.o"
#        "C:\Users\Administrator\Documents\GitHub\tiic-2015\code\Persimmon\H2H
#        Access Device\EWARM\H2H\Obj\item_area.o"
#        "C:\Users\Administrator\Documents\GitHub\tiic-2015\code\Persimmon\H2H
#        Access Device\EWARM\H2H\Obj\item_graph.o"
#        "C:\Users\Administrator\Documents\GitHub\tiic-2015\code\Persimmon\H2H
#        Access Device\EWARM\H2H\Obj\item_lcd_config.o"
#        "C:\Users\Administrator\Documents\GitHub\tiic-2015\code\Persimmon\H2H
#        Access Device\EWARM\H2H\Obj\lcd.o"
#        "C:\Users\Administrator\Documents\GitHub\tiic-2015\code\Persimmon\H2H
#        Access Device\EWARM\H2H\Obj\lcd_hal.o"
#        "C:\Users\Administrator\Documents\GitHub\tiic-2015\code\Persimmon\H2H
#        Access Device\EWARM\H2H\Obj\lcd_primitives.o"
#        "C:\Users\Administrator\Documents\GitHub\tiic-2015\code\Persimmon\H2H
#        Access Device\EWARM\H2H\Obj\list.o"
#        "C:\Users\Administrator\Documents\GitHub\tiic-2015\code\Persimmon\H2H
#        Access Device\EWARM\H2H\Obj\main.o"
#        "C:\Users\Administrator\Documents\GitHub\tiic-2015\code\Persimmon\H2H
#        Access Device\EWARM\H2H\Obj\menu.o"
#        "C:\Users\Administrator\Documents\GitHub\tiic-2015\code\Persimmon\H2H
#        Access Device\EWARM\H2H\Obj\menu_ecg.o"
#        "C:\Users\Administrator\Documents\GitHub\tiic-2015\code\Persimmon\H2H
#        Access Device\EWARM\H2H\Obj\menu_goodbye.o"
#        "C:\Users\Administrator\Documents\GitHub\tiic-2015\code\Persimmon\H2H
#        Access Device\EWARM\H2H\Obj\menu_h2h_connect.o"
#        "C:\Users\Administrator\Documents\GitHub\tiic-2015\code\Persimmon\H2H
#        Access Device\EWARM\H2H\Obj\menu_h2h_devices.o"
#        "C:\Users\Administrator\Documents\GitHub\tiic-2015\code\Persimmon\H2H
#        Access Device\EWARM\H2H\Obj\menu_h2h_ongoing_action.o"
#        "C:\Users\Administrator\Documents\GitHub\tiic-2015\code\Persimmon\H2H
#        Access Device\EWARM\H2H\Obj\menu_h2h_ongoing_connecting.o"
#        "C:\Users\Administrator\Documents\GitHub\tiic-2015\code\Persimmon\H2H
#        Access Device\EWARM\H2H\Obj\menu_h2h_ongoing_error.o"
#        "C:\Users\Administrator\Documents\GitHub\tiic-2015\code\Persimmon\H2H
#        Access Device\EWARM\H2H\Obj\menu_main.o"
#        "C:\Users\Administrator\Documents\GitHub\tiic-2015\code\Persimmon\H2H
#        Access Device\EWARM\H2H\Obj\menu_settings_configtabs.o"
#        "C:\Users\Administrator\Documents\GitHub\tiic-2015\code\Persimmon\H2H
#        Access Device\EWARM\H2H\Obj\menu_settings_configtabs_about.o"
#        "C:\Users\Administrator\Documents\GitHub\tiic-2015\code\Persimmon\H2H
#        Access Device\EWARM\H2H\Obj\menu_settings_configtabs_bluetooth.o"
#        "C:\Users\Administrator\Documents\GitHub\tiic-2015\code\Persimmon\H2H
#        Access Device\EWARM\H2H\Obj\menu_settings_configtabs_screen.o"
#        "C:\Users\Administrator\Documents\GitHub\tiic-2015\code\Persimmon\H2H
#        Access Device\EWARM\H2H\Obj\menu_settings_configtabs_timedate.o"
#        "C:\Users\Administrator\Documents\GitHub\tiic-2015\code\Persimmon\H2H
#        Access Device\EWARM\H2H\Obj\menu_settings_configtabs_touch.o"
#        "C:\Users\Administrator\Documents\GitHub\tiic-2015\code\Persimmon\H2H
#        Access Device\EWARM\H2H\Obj\menu_top_bar.o"
#        "C:\Users\Administrator\Documents\GitHub\tiic-2015\code\Persimmon\H2H
#        Access Device\EWARM\H2H\Obj\menu_welcome.o"
#        "C:\Users\Administrator\Documents\GitHub\tiic-2015\code\Persimmon\H2H
#        Access Device\EWARM\H2H\Obj\myriad_pro.o"
#        "C:\Users\Administrator\Documents\GitHub\tiic-2015\code\Persimmon\H2H
#        Access Device\EWARM\H2H\Obj\port.o"
#        "C:\Users\Administrator\Documents\GitHub\tiic-2015\code\Persimmon\H2H
#        Access Device\EWARM\H2H\Obj\portasm.o"
#        "C:\Users\Administrator\Documents\GitHub\tiic-2015\code\Persimmon\H2H
#        Access Device\EWARM\H2H\Obj\queue.o"
#        "C:\Users\Administrator\Documents\GitHub\tiic-2015\code\Persimmon\H2H
#        Access Device\EWARM\H2H\Obj\rtc.o"
#        "C:\Users\Administrator\Documents\GitHub\tiic-2015\code\Persimmon\H2H
#        Access Device\EWARM\H2H\Obj\spi.o"
#        "C:\Users\Administrator\Documents\GitHub\tiic-2015\code\Persimmon\H2H
#        Access Device\EWARM\H2H\Obj\startup_stm32l162xd.o"
#        "C:\Users\Administrator\Documents\GitHub\tiic-2015\code\Persimmon\H2H
#        Access Device\EWARM\H2H\Obj\state.o"
#        "C:\Users\Administrator\Documents\GitHub\tiic-2015\code\Persimmon\H2H
#        Access Device\EWARM\H2H\Obj\state_ecg.o"
#        "C:\Users\Administrator\Documents\GitHub\tiic-2015\code\Persimmon\H2H
#        Access Device\EWARM\H2H\Obj\state_ecg_1_lead.o"
#        "C:\Users\Administrator\Documents\GitHub\tiic-2015\code\Persimmon\H2H
#        Access Device\EWARM\H2H\Obj\state_ecg_2_lead.o"
#        "C:\Users\Administrator\Documents\GitHub\tiic-2015\code\Persimmon\H2H
#        Access Device\EWARM\H2H\Obj\state_ecg_6_lead.o"
#        "C:\Users\Administrator\Documents\GitHub\tiic-2015\code\Persimmon\H2H
#        Access Device\EWARM\H2H\Obj\state_goodbye.o"
#        "C:\Users\Administrator\Documents\GitHub\tiic-2015\code\Persimmon\H2H
#        Access Device\EWARM\H2H\Obj\state_h2h.o"
#        "C:\Users\Administrator\Documents\GitHub\tiic-2015\code\Persimmon\H2H
#        Access Device\EWARM\H2H\Obj\state_h2h_autentication.o"
#        "C:\Users\Administrator\Documents\GitHub\tiic-2015\code\Persimmon\H2H
#        Access Device\EWARM\H2H\Obj\state_h2h_connect_1.o"
#        "C:\Users\Administrator\Documents\GitHub\tiic-2015\code\Persimmon\H2H
#        Access Device\EWARM\H2H\Obj\state_h2h_connect_2.o"
#        "C:\Users\Administrator\Documents\GitHub\tiic-2015\code\Persimmon\H2H
#        Access Device\EWARM\H2H\Obj\state_h2h_connect_3.o"
#        "C:\Users\Administrator\Documents\GitHub\tiic-2015\code\Persimmon\H2H
#        Access Device\EWARM\H2H\Obj\state_h2h_connect_4.o"
#        "C:\Users\Administrator\Documents\GitHub\tiic-2015\code\Persimmon\H2H
#        Access Device\EWARM\H2H\Obj\state_h2h_ongoing.o"
#        "C:\Users\Administrator\Documents\GitHub\tiic-2015\code\Persimmon\H2H
#        Access Device\EWARM\H2H\Obj\state_h2h_ongoing_action.o"
#        "C:\Users\Administrator\Documents\GitHub\tiic-2015\code\Persimmon\H2H
#        Access Device\EWARM\H2H\Obj\state_h2h_ongoing_connecting.o"
#        "C:\Users\Administrator\Documents\GitHub\tiic-2015\code\Persimmon\H2H
#        Access Device\EWARM\H2H\Obj\state_h2h_ongoing_error.o"
#        "C:\Users\Administrator\Documents\GitHub\tiic-2015\code\Persimmon\H2H
#        Access Device\EWARM\H2H\Obj\state_h2h_start_connect.o"
#        "C:\Users\Administrator\Documents\GitHub\tiic-2015\code\Persimmon\H2H
#        Access Device\EWARM\H2H\Obj\state_h2h_validation_error.o"
#        "C:\Users\Administrator\Documents\GitHub\tiic-2015\code\Persimmon\H2H
#        Access Device\EWARM\H2H\Obj\state_h2h_validation_ok.o"
#        "C:\Users\Administrator\Documents\GitHub\tiic-2015\code\Persimmon\H2H
#        Access Device\EWARM\H2H\Obj\state_h2h_wait_key.o"
#        "C:\Users\Administrator\Documents\GitHub\tiic-2015\code\Persimmon\H2H
#        Access Device\EWARM\H2H\Obj\state_main.o"
#        "C:\Users\Administrator\Documents\GitHub\tiic-2015\code\Persimmon\H2H
#        Access Device\EWARM\H2H\Obj\state_running.o"
#        "C:\Users\Administrator\Documents\GitHub\tiic-2015\code\Persimmon\H2H
#        Access Device\EWARM\H2H\Obj\state_settings.o"
#        "C:\Users\Administrator\Documents\GitHub\tiic-2015\code\Persimmon\H2H
#        Access Device\EWARM\H2H\Obj\state_settings_configtabs.o"
#        "C:\Users\Administrator\Documents\GitHub\tiic-2015\code\Persimmon\H2H
#        Access Device\EWARM\H2H\Obj\state_settings_configtabs_about.o"
#        "C:\Users\Administrator\Documents\GitHub\tiic-2015\code\Persimmon\H2H
#        Access Device\EWARM\H2H\Obj\state_settings_configtabs_bluetooth.o"
#        "C:\Users\Administrator\Documents\GitHub\tiic-2015\code\Persimmon\H2H
#        Access Device\EWARM\H2H\Obj\state_settings_configtabs_screen.o"
#        "C:\Users\Administrator\Documents\GitHub\tiic-2015\code\Persimmon\H2H
#        Access Device\EWARM\H2H\Obj\state_settings_configtabs_timedate.o"
#        "C:\Users\Administrator\Documents\GitHub\tiic-2015\code\Persimmon\H2H
#        Access Device\EWARM\H2H\Obj\state_settings_configtabs_touch.o"
#        "C:\Users\Administrator\Documents\GitHub\tiic-2015\code\Persimmon\H2H
#        Access Device\EWARM\H2H\Obj\state_settings_touchcalib.o"
#        "C:\Users\Administrator\Documents\GitHub\tiic-2015\code\Persimmon\H2H
#        Access Device\EWARM\H2H\Obj\state_settings_touchcalib_point_1.o"
#        "C:\Users\Administrator\Documents\GitHub\tiic-2015\code\Persimmon\H2H
#        Access Device\EWARM\H2H\Obj\state_settings_touchcalib_point_2.o"
#        "C:\Users\Administrator\Documents\GitHub\tiic-2015\code\Persimmon\H2H
#        Access Device\EWARM\H2H\Obj\state_settings_touchcalib_point_3.o"
#        "C:\Users\Administrator\Documents\GitHub\tiic-2015\code\Persimmon\H2H
#        Access Device\EWARM\H2H\Obj\state_welcome.o"
#        "C:\Users\Administrator\Documents\GitHub\tiic-2015\code\Persimmon\H2H
#        Access Device\EWARM\H2H\Obj\stm32l1xx_hal.o"
#        "C:\Users\Administrator\Documents\GitHub\tiic-2015\code\Persimmon\H2H
#        Access Device\EWARM\H2H\Obj\stm32l1xx_hal_cortex.o"
#        "C:\Users\Administrator\Documents\GitHub\tiic-2015\code\Persimmon\H2H
#        Access Device\EWARM\H2H\Obj\stm32l1xx_hal_dma.o"
#        "C:\Users\Administrator\Documents\GitHub\tiic-2015\code\Persimmon\H2H
#        Access Device\EWARM\H2H\Obj\stm32l1xx_hal_flash.o"
#        "C:\Users\Administrator\Documents\GitHub\tiic-2015\code\Persimmon\H2H
#        Access Device\EWARM\H2H\Obj\stm32l1xx_hal_flash_ex.o"
#        "C:\Users\Administrator\Documents\GitHub\tiic-2015\code\Persimmon\H2H
#        Access Device\EWARM\H2H\Obj\stm32l1xx_hal_flash_ramfunc.o"
#        "C:\Users\Administrator\Documents\GitHub\tiic-2015\code\Persimmon\H2H
#        Access Device\EWARM\H2H\Obj\stm32l1xx_hal_gpio.o"
#        "C:\Users\Administrator\Documents\GitHub\tiic-2015\code\Persimmon\H2H
#        Access Device\EWARM\H2H\Obj\stm32l1xx_hal_i2c.o"
#        "C:\Users\Administrator\Documents\GitHub\tiic-2015\code\Persimmon\H2H
#        Access Device\EWARM\H2H\Obj\stm32l1xx_hal_msp.o"
#        "C:\Users\Administrator\Documents\GitHub\tiic-2015\code\Persimmon\H2H
#        Access Device\EWARM\H2H\Obj\stm32l1xx_hal_pwr.o"
#        "C:\Users\Administrator\Documents\GitHub\tiic-2015\code\Persimmon\H2H
#        Access Device\EWARM\H2H\Obj\stm32l1xx_hal_pwr_ex.o"
#        "C:\Users\Administrator\Documents\GitHub\tiic-2015\code\Persimmon\H2H
#        Access Device\EWARM\H2H\Obj\stm32l1xx_hal_rcc.o"
#        "C:\Users\Administrator\Documents\GitHub\tiic-2015\code\Persimmon\H2H
#        Access Device\EWARM\H2H\Obj\stm32l1xx_hal_rcc_ex.o"
#        "C:\Users\Administrator\Documents\GitHub\tiic-2015\code\Persimmon\H2H
#        Access Device\EWARM\H2H\Obj\stm32l1xx_hal_rtc.o"
#        "C:\Users\Administrator\Documents\GitHub\tiic-2015\code\Persimmon\H2H
#        Access Device\EWARM\H2H\Obj\stm32l1xx_hal_rtc_ex.o"
#        "C:\Users\Administrator\Documents\GitHub\tiic-2015\code\Persimmon\H2H
#        Access Device\EWARM\H2H\Obj\stm32l1xx_hal_spi.o"
#        "C:\Users\Administrator\Documents\GitHub\tiic-2015\code\Persimmon\H2H
#        Access Device\EWARM\H2H\Obj\stm32l1xx_hal_spi_ex.o"
#        "C:\Users\Administrator\Documents\GitHub\tiic-2015\code\Persimmon\H2H
#        Access Device\EWARM\H2H\Obj\stm32l1xx_hal_sram.o"
#        "C:\Users\Administrator\Documents\GitHub\tiic-2015\code\Persimmon\H2H
#        Access Device\EWARM\H2H\Obj\stm32l1xx_hal_tim.o"
#        "C:\Users\Administrator\Documents\GitHub\tiic-2015\code\Persimmon\H2H
#        Access Device\EWARM\H2H\Obj\stm32l1xx_hal_tim_ex.o"
#        "C:\Users\Administrator\Documents\GitHub\tiic-2015\code\Persimmon\H2H
#        Access Device\EWARM\H2H\Obj\stm32l1xx_hal_uart.o"
#        "C:\Users\Administrator\Documents\GitHub\tiic-2015\code\Persimmon\H2H
#        Access Device\EWARM\H2H\Obj\stm32l1xx_it.o"
#        "C:\Users\Administrator\Documents\GitHub\tiic-2015\code\Persimmon\H2H
#        Access Device\EWARM\H2H\Obj\stm32l1xx_ll_fsmc.o"
#        "C:\Users\Administrator\Documents\GitHub\tiic-2015\code\Persimmon\H2H
#        Access Device\EWARM\H2H\Obj\system_stm32l1xx.o"
#        "C:\Users\Administrator\Documents\GitHub\tiic-2015\code\Persimmon\H2H
#        Access Device\EWARM\H2H\Obj\tags_ecg.o"
#        "C:\Users\Administrator\Documents\GitHub\tiic-2015\code\Persimmon\H2H
#        Access Device\EWARM\H2H\Obj\tasks.o"
#        "C:\Users\Administrator\Documents\GitHub\tiic-2015\code\Persimmon\H2H
#        Access Device\EWARM\H2H\Obj\tasks_bt.o"
#        "C:\Users\Administrator\Documents\GitHub\tiic-2015\code\Persimmon\H2H
#        Access Device\EWARM\H2H\Obj\tasks_ecg.o"
#        "C:\Users\Administrator\Documents\GitHub\tiic-2015\code\Persimmon\H2H
#        Access Device\EWARM\H2H\Obj\tasks_fsm.o"
#        "C:\Users\Administrator\Documents\GitHub\tiic-2015\code\Persimmon\H2H
#        Access Device\EWARM\H2H\Obj\tasks_gui.o"
#        "C:\Users\Administrator\Documents\GitHub\tiic-2015\code\Persimmon\H2H
#        Access Device\EWARM\H2H\Obj\tasks_input.o"
#        "C:\Users\Administrator\Documents\GitHub\tiic-2015\code\Persimmon\H2H
#        Access Device\EWARM\H2H\Obj\tasks_periph.o"
#        "C:\Users\Administrator\Documents\GitHub\tiic-2015\code\Persimmon\H2H
#        Access Device\EWARM\H2H\Obj\tim.o"
#        "C:\Users\Administrator\Documents\GitHub\tiic-2015\code\Persimmon\H2H
#        Access Device\EWARM\H2H\Obj\timers.o"
#        "C:\Users\Administrator\Documents\GitHub\tiic-2015\code\Persimmon\H2H
#        Access Device\EWARM\H2H\Obj\touch.o"
#        "C:\Users\Administrator\Documents\GitHub\tiic-2015\code\Persimmon\H2H
#        Access Device\EWARM\H2H\Obj\touch_calib.o"
#        "C:\Users\Administrator\Documents\GitHub\tiic-2015\code\Persimmon\H2H
#        Access Device\EWARM\H2H\Obj\touch_hal.o"
#        "C:\Users\Administrator\Documents\GitHub\tiic-2015\code\Persimmon\H2H
#        Access Device\EWARM\H2H\Obj\trcBase.o"
#        "C:\Users\Administrator\Documents\GitHub\tiic-2015\code\Persimmon\H2H
#        Access Device\EWARM\H2H\Obj\trcHardwarePort.o"
#        "C:\Users\Administrator\Documents\GitHub\tiic-2015\code\Persimmon\H2H
#        Access Device\EWARM\H2H\Obj\trcKernel.o"
#        "C:\Users\Administrator\Documents\GitHub\tiic-2015\code\Persimmon\H2H
#        Access Device\EWARM\H2H\Obj\trcKernelPortFreeRTOS.o"
#        "C:\Users\Administrator\Documents\GitHub\tiic-2015\code\Persimmon\H2H
#        Access Device\EWARM\H2H\Obj\trcUser.o"
#        "C:\Users\Administrator\Documents\GitHub\tiic-2015\code\Persimmon\H2H
#        Access Device\EWARM\H2H\Obj\usart.o" --redirect _Printf=_PrintfFull
#        --redirect _Scanf=_ScanfFull -o
#        "C:\Users\Administrator\Documents\GitHub\tiic-2015\code\Persimmon\H2H
#        Access Device\EWARM\H2H\Exe\H2H.out" --map
#        "C:\Users\Administrator\Documents\GitHub\tiic-2015\code\Persimmon\H2H
#        Access Device\EWARM\H2H/List\H2H.map" --config
#        "C:\Users\Administrator\Documents\GitHub\tiic-2015\code\Persimmon\H2H
#        Access Device\EWARM/stm32l162xd_flash.icf" --semihosting
#        "C:\Users\Administrator\Documents\GitHub\tiic-2015\code\Persimmon\H2H
#        Access Device\EWARM/../Bluetopia/lib/ewarm/Bluetopia_16_M3.a" --entry
#        __iar_program_start --vfe
#
###############################################################################

*******************************************************************************
*** RUNTIME MODEL ATTRIBUTES
***

CppFlavor                     = *
__Heap_Handler                = Basic
__SystemLibrary               = DLib
__dlib_dynamic_initialization = normal
__iar_rtc_support             = 1


*******************************************************************************
*** PLACEMENT SUMMARY
***

"A1":  place at 0x08000000 { ro section .intvec };
"P1":  place in [from 0x08000000 to 0x0805ffff] { ro };
"P2":  place in [from 0x20000000 to 0x2000bfff] { rw, block CSTACK, block HEAP };

  Section                 Kind        Address     Size  Object
  -------                 ----        -------     ----  ------
"A1":                                            0x124
  .intvec                 ro code  0x08000000    0x124  startup_stm32l162xd.o [1]
                                 - 0x08000124    0x124

"P1":                                          0x42f06
  .rodata                 const    0x08000124   0xa9d8  font_awesome.o [1]
  .rodata                 const    0x0800aafc   0x46c0  myriad_pro.o [1]
  .rodata                 const    0x0800f1bc   0x3664  myriad_pro.o [1]
  .rodata                 const    0x08012820   0x2590  myriad_pro.o [1]
  .text                   ro code  0x08014db0   0x2554  bluetooth_internal.o [1]
  .text                   ro code  0x08017304    0x584  BTPSKRNL.o [1]
  i.BSC_Initialize        ro code  0x08017888    0x378  BSC.o [3]
  .text                   ro code  0x08017c00    0x894  stm32l1xx_hal_gpio.o [1]
  .text                   ro code  0x08018494    0x584  cmsis_os.o [1]
  i.GAP_Set_Local_Device_Name
                          ro code  0x08018a18     0x2e  GAP.o [3]
  i.L2CA_Set_Link_Connection_Configuration
                          ro code  0x08018a46     0x42  L2CAP.o [3]
  i.HCI_Command_Supported
                          ro code  0x08018a88     0x3a  HCI.o [3]
  i.HCI_Write_Default_Link_Policy_Settings
                          ro code  0x08018ac2     0x28  HCI.o [3]
  i.HCI_Register_Event_Callback
                          ro code  0x08018aea      0xa  HCI.o [3]
  .text                   ro code  0x08018af4    0x236  HCITRANS.o [1]
  i.HCI_Reconfigure_Driver
                          ro code  0x08018d2a     0x38  HCI.o [3]
  .constdata              const    0x08018d62     0x1e  GAP.o [3]
  i.BSC_Shutdown          ro code  0x08018d80     0xf4  BSC.o [3]
  i.SPP_Open_Server_Port  ro code  0x08018e74     0xf4  SPP.o [3]
  i.SPP_Register_Raw_SDP_Record
                          ro code  0x08018f68    0x1c8  SPP.o [3]
  i.SPP_Close_Server_Port
                          ro code  0x08019130     0x6a  SPP.o [3]
  i.SDP_Delete_Service_Record
                          ro code  0x0801919a     0x5a  SDP.o [3]
  i.SPP_Open_Remote_Port  ro code  0x080191f4    0x10c  SPP.o [3]
  i.GAP_Set_Pairability_Mode
                          ro code  0x08019300     0xd4  GAP.o [3]
  i.GAP_Register_Remote_Authentication
                          ro code  0x080193d4     0x32  GAP.o [3]
  i.GAP_Set_Connectability_Mode
                          ro code  0x08019406     0x54  GAP.o [3]
  .text                   ro code  0x0801945a      0xa  xsprout.o [5]
  i.GAP_Set_Discoverability_Mode
                          ro code  0x08019464    0x18c  GAP.o [3]
  i.GAP_Query_Remote_Device_Name
                          ro code  0x080195f0     0xd8  GAP.o [3]
  i.GAP_Perform_Inquiry   ro code  0x080196c8    0x144  GAP.o [3]
  .text                   ro code  0x0801980c    0x10c  rangecheck.o [4]
  .text                   ro code  0x08019918     0x76  ABImemcpy_unaligned.o [7]
  i.SPP_Data_Write        ro code  0x0801998e    0x234  SPP.o [3]
  i.HCI_Delete_Stored_Link_Key
                          ro code  0x08019bc2     0x32  HCI.o [3]
  i.GAP_Authentication_Response
                          ro code  0x08019bf4    0x174  GAP.o [3]
  .text                   ro code  0x08019d68      0x6  ABImemclr4.o [7]
  i.GAP_Query_Connection_Handle
                          ro code  0x08019d6e     0x3c  GAP.o [3]
  i.SPP_Data_Read         ro code  0x08019daa     0xfc  SPP.o [3]
  i.SPP_Respond_Port_Information
                          ro code  0x08019ea6     0x5e  SPP.o [3]
  i.SPP_Open_Port_Request_Response
                          ro code  0x08019f04     0x8a  SPP.o [3]
  .constdata              const    0x08019f8e      0x5  SDP.o [3]
  .constdata              const    0x08019f93      0x5  SDP.o [3]
  .text                   ro code  0x08019f98     0x1c  switchcheck.o [4]
  i.SDP_Service_Search_Attribute_Request
                          ro code  0x08019fb4     0x58  SDP.o [3]
  .text                   ro code  0x0801a00c   0x12ec  tasks.o [1]
  .text                   ro code  0x0801b2f8    0xa80  queue.o [1]
  .text                   ro code  0x0801bd78    0x250  heap_4.o [1]
  .text                   ro code  0x0801bfc8     0x78  ABImemmove_unaligned.o [7]
  .text                   ro code  0x0801c040     0x66  ABImemset.o [7]
  .constdata              const    0x0801c0a6      0x5  SDP.o [3]
  .text                   ro code  0x0801c0ac     0x62  memcmp_unaligned.o [7]
  .text                   ro code  0x0801c110     0x44  strcpy_unaligned.o [7]
  .text                   ro code  0x0801c154     0x36  strlen.o [7]
  .text                   ro code  0x0801c18c     0x2c  vsprintf.o [5]
  i.InitializeBSCModule   ro code  0x0801c1b8     0x20  BSC.o [3]
  i.BTPS_InitializeTimerModule
                          ro code  0x0801c1d8     0x74  BTPSTMR.o [3]
  .text                   ro code  0x0801c24c    0x228  BTPSVEND.o [1]
  i.HCI_OpenDriver        ro code  0x0801c474     0xd8  HCIDrv.o [3]
  i.BSC_AddGenericListEntry_Actual
                          ro code  0x0801c54c     0x46  BSC.o [3]
  i.IncreaseBluetoothStackThreadCount
                          ro code  0x0801c594     0x38  BSC.o [3]
  i.HCI_Initialize        ro code  0x0801c5cc    0x258  HCI.o [3]
  i.DecreaseBluetoothStackThreadCount
                          ro code  0x0801c824     0x74  BSC.o [3]
  i._HCI_Read_BD_ADDR     ro code  0x0801c898     0x38  HCI.o [3]
  i.InitializeCertificateModule
                          ro code  0x0801c8d0      0x4  BTPSC.o [3]
  i.GetCertLength         ro code  0x0801c8d4      0x4  BTPSC.o [3]
  i.GetCertPtr            ro code  0x0801c8d8      0x8  BTPSC.o [3]
  i.GetCertCurrentDate    ro code  0x0801c8e0      0x4  BTPSC.o [3]
  i.GetAccess             ro code  0x0801c8e4     0x22  BTPSC.o [3]
  i.CleanupCertificateModule
                          ro code  0x0801c906      0x2  BTPSC.o [3]
  i.SCO_Initialize        ro code  0x0801c908    0x224  SCO.o [3]
  i.L2CAP_Initialize      ro code  0x0801cb2c    0x1e8  L2CAP.o [3]
  i.SDP_Initialize        ro code  0x0801cd14     0xa8  SDP.o [3]
  i.RFCOMM_Initialize     ro code  0x0801cdbc     0xc0  RFCOMM.o [3]
  i.GAP_Initialize        ro code  0x0801ce7c     0xd4  GAP.o [3]
  i.SPP_Initialize        ro code  0x0801cf50     0x88  SPP.o [3]
  i.GOEP_Initialize       ro code  0x0801cfd8     0x36  GOEP.o [3]
  i.OTP_Initialize        ro code  0x0801d00e      0x4  OTP.o [3]
  i.OTP_Cleanup           ro code  0x0801d012      0x2  OTP.o [3]
  i.GOEP_Cleanup          ro code  0x0801d014     0x2a  GOEP.o [3]
  i.SPP_Cleanup           ro code  0x0801d03e     0x2a  SPP.o [3]
  i.GAP_Cleanup           ro code  0x0801d068     0x7e  GAP.o [3]
  i.RFCOMM_Cleanup        ro code  0x0801d0e6     0x2c  RFCOMM.o [3]
  i.SDP_Cleanup           ro code  0x0801d112     0x44  SDP.o [3]
  i.SCO_Cleanup           ro code  0x0801d156     0x8c  SCO.o [3]
  i.L2CAP_Cleanup         ro code  0x0801d1e2     0x74  L2CAP.o [3]
  i.HCI_Cleanup           ro code  0x0801d256     0x8a  HCI.o [3]
  i.HCI_Query_LE_Controller_Support
                          ro code  0x0801d2e0     0x24  HCI.o [3]
  i.HCI_CloseDriver       ro code  0x0801d304     0xbc  HCIDrv.o [3]
  i.FreeBSCTimerEntryList
                          ro code  0x0801d3c0     0x26  BSC.o [3]
  i.BTPS_CleanupTimerModule
                          ro code  0x0801d3e8     0x4c  BTPSTMR.o [3]
  .text                   ro code  0x0801d434    0x1f0  stm32l1xx_hal_msp.o [1]
  .text                   ro code  0x0801d624    0x370  port.o [1]
  i.AcquireGAPStackInformation
                          ro code  0x0801d994     0x28  GAP.o [3]
  i._HCI_Change_Local_Name
                          ro code  0x0801d9bc     0x7c  HCI.o [3]
  i.ReleaseBluetoothStackInformation
                          ro code  0x0801da38     0x1c  BSC.o [3]
  i.AcquireL2CAPStackInformation
                          ro code  0x0801da54     0x2e  L2CAP.o [3]
  i.AcquireBluetoothStackInformation
                          ro code  0x0801da84     0x8c  BSC.o [3]
  i._HCI_Write_Default_Link_Policy_Settings
                          ro code  0x0801db10     0x2c  HCI.o [3]
  i.RegisterCallback      ro code  0x0801db3c     0xa4  HCI.o [3]
  .text                   ro code  0x0801dbe0    0x8e4  stm32l1xx_hal_uart.o [1]
  .text                   ro code  0x0801e4c4    0x1a4  usart.o [1]
  .text                   ro code  0x0801e668    0x17a  main.o [1]
  i.HCI_ReconfigureDriver
                          ro code  0x0801e7e4     0x6c  HCIDrv.o [3]
  i.SearchBTStackEntry    ro code  0x0801e850     0x14  BSC.o [3]
  i.AcquireSPPStackInformation
                          ro code  0x0801e864     0x28  SPP.o [3]
  i.GetNextSerialPortID   ro code  0x0801e88c     0x14  SPP.o [3]
  i._RFCOMM_Register_Server_Channel
                          ro code  0x0801e8a0     0x98  RFCOMM.o [3]
  i.AddPortInformationEntry
                          ro code  0x0801e938     0x12  SPP.o [3]
  i._RFCOMM_Un_Register_Server_Channel
                          ro code  0x0801e94a     0x2e  RFCOMM.o [3]
  i.AcquireSPPStackPortInformation
                          ro code  0x0801e978     0x42  SPP.o [3]
  i.SDP_Create_Service_Record
                          ro code  0x0801e9bc    0x158  SDP.o [3]
  i.WriteDataElementSequenceHeader
                          ro code  0x0801eb14     0x5a  SDP.o [3]
  i.SDP_Add_Raw_Attribute
                          ro code  0x0801eb6e     0xea  SDP.o [3]
  i.DeletePortInformationEntry
                          ro code  0x0801ec58     0x14  SPP.o [3]
  i._RFCOMM_Release_Request
                          ro code  0x0801ec6c     0xcc  RFCOMM.o [3]
  i.FreePortInformationEntryMemory
                          ro code  0x0801ed38     0x2a  SPP.o [3]
  i.AcquireSDPStackInformation
                          ro code  0x0801ed62     0x28  SDP.o [3]
  i.BSC_DeleteGenericListEntry
                          ro code  0x0801ed8a     0x62  BSC.o [3]
  i.FreeServiceAttributeList
                          ro code  0x0801edec      0x6  SDP.o [3]
  i.BSC_FreeGenericListEntryMemory
                          ro code  0x0801edf2      0xa  BSC.o [3]
  i.CompareNULLBluetoothAddress
                          ro code  0x0801edfc     0x20  BSC.o [3]
  i._RFCOMM_Open_Request  ro code  0x0801ee1c    0x34c  RFCOMM.o [3]
  i.HCI_Version_Supported
                          ro code  0x0801f168     0x24  HCI.o [3]
  i.GAP_Cancel_Bonding    ro code  0x0801f18c     0xb0  GAP.o [3]
  i._HCI_Write_Simple_Pairing_Mode
                          ro code  0x0801f23c     0x2c  HCI.o [3]
  i._HCI_Read_Scan_Enable
                          ro code  0x0801f268     0x32  HCI.o [3]
  i._HCI_Write_Scan_Enable
                          ro code  0x0801f29a     0x2c  HCI.o [3]
  i.BTPS_StopTimer        ro code  0x0801f2c8     0x74  BTPSTMR.o [3]
  i._HCI_Write_Current_IAC_LAP
                          ro code  0x0801f33c     0x3e  HCI.o [3]
  i.BTPS_StartTimer       ro code  0x0801f37c     0x94  BTPSTMR.o [3]
  i._HCI_Read_Class_of_Device
                          ro code  0x0801f410     0x36  HCI.o [3]
  i._HCI_Write_Class_of_Device
                          ro code  0x0801f446     0x32  HCI.o [3]
  i.CompareBluetoothAddress
                          ro code  0x0801f478     0x38  BSC.o [3]
  i.SearchCallbackEntry   ro code  0x0801f4b0     0x10  GAP.o [3]
  i.AddCallbackEntry      ro code  0x0801f4c0     0x12  GAP.o [3]
  i._HCI_Remote_Name_Request
                          ro code  0x0801f4d4     0x84  HCI.o [3]
  i.DeleteCallbackEntry   ro code  0x0801f558     0x10  GAP.o [3]
  i._HCI_Periodic_Inquiry_Mode
                          ro code  0x0801f568     0x8c  HCI.o [3]
  i._HCI_Inquiry          ro code  0x0801f5f4     0x78  HCI.o [3]
  .text                   ro code  0x0801f66c     0x10  rtc_report.o [8]
  i._RFCOMM_Send_Data_With_Credits
                          ro code  0x0801f67c     0xfc  RFCOMM.o [3]
  i._RFCOMM_Send_Data     ro code  0x0801f778     0x10  RFCOMM.o [3]
  i._HCI_Delete_Stored_Link_Key
                          ro code  0x0801f788     0x3c  HCI.o [3]
  i._HCI_User_Confirmation_Request_Reply
                          ro code  0x0801f7c4     0x30  HCI.o [3]
  i._HCI_User_Confirmation_Request_Negative_Reply
                          ro code  0x0801f7f4     0x30  HCI.o [3]
  i._HCI_User_Passkey_Request_Reply
                          ro code  0x0801f824     0x50  HCI.o [3]
  i._HCI_User_Passkey_Request_Negative_Reply
                          ro code  0x0801f874     0x30  HCI.o [3]
  i._HCI_Send_Keypress_Notification
                          ro code  0x0801f8a4     0x34  HCI.o [3]
  i._HCI_Remote_OOB_Data_Request_Reply
                          ro code  0x0801f8d8     0x7c  HCI.o [3]
  i._HCI_Remote_OOB_Data_Request_Negative_Reply
                          ro code  0x0801f954     0x30  HCI.o [3]
  i._HCI_IO_Capability_Request_Negative_Reply
                          ro code  0x0801f984     0x34  HCI.o [3]
  i._HCI_IO_Capability_Request_Reply
                          ro code  0x0801f9b8     0x50  HCI.o [3]
  i._HCI_Link_Key_Request_Reply
                          ro code  0x0801fa08     0x38  HCI.o [3]
  i._HCI_Link_Key_Request_Negative_Reply
                          ro code  0x0801fa40     0x30  HCI.o [3]
  i._HCI_PIN_Code_Request_Reply
                          ro code  0x0801fa70     0x3c  HCI.o [3]
  i._HCI_PIN_Code_Request_Negative_Reply
                          ro code  0x0801faac     0x30  HCI.o [3]
  .text                   ro code  0x0801fadc     0x32  ABImemset48.o [7]
  i.AcquireGAPStackACLInfo
                          ro code  0x0801fb0e     0x42  GAP.o [3]
  i._RFCOMM_Send_Credits  ro code  0x0801fb50      0xe  RFCOMM.o [3]
  i.SPP_Port_Status       ro code  0x0801fb5e     0xca  SPP.o [3]
  i.BuildRemotePortNegotiationStructure
                          ro code  0x0801fc28    0x1d6  SPP.o [3]
  i._RFCOMM_Remote_Port_Negotiation_Response
                          ro code  0x0801fdfe     0x8a  RFCOMM.o [3]
  i._RFCOMM_Open_Response
                          ro code  0x0801fe88     0xa6  RFCOMM.o [3]
  i.FormatAndDispatchEventBD_ADDR
                          ro code  0x0801ff2e     0x2c  SPP.o [3]
  i.SearchPortInformationEntry
                          ro code  0x0801ff5a     0x14  SPP.o [3]
  i.CleanupPortInformationEntry
                          ro code  0x0801ff6e     0x54  SPP.o [3]
  i._SDP_Service_Search_Attribute_Request
                          ro code  0x0801ffc4    0x144  SDP.o [3]
  CODE                    ro code  0x08020108     0x94  portasm.o [1]
  .text                   ro code  0x0802019c     0x9e  list.o [1]
  .text                   ro code  0x0802023c     0xc0  freertos.o [1]
  .text                   ro code  0x080202fc   0x1156  xprintffull.o [5]
  i.HCI_Send_Raw_Command  ro code  0x08021454    0x17c  HCI.o [3]
  .text                   ro code  0x080215d0    0x518  BTVS.o [1]
  i.InitializeCOMMList    ro code  0x08021ae8     0x18  HCIComm.o [3]
  i.BSC_AcquireListLock   ro code  0x08021b00     0x18  BSC.o [3]
  i.GetNextCallbackPacketID
                          ro code  0x08021b18     0x14  HCIDrv.o [3]
  i.OpenComm              ro code  0x08021b2c    0x108  HCIComm.o [3]
  i.CloseComm             ro code  0x08021c34     0x44  HCIComm.o [3]
  i.BSC_ReleaseListLock   ro code  0x08021c78     0x14  BSC.o [3]
  i.CompareListEntryKeys  ro code  0x08021c8c     0x4a  BSC.o [3]
  i.QuerySharedBuffer     ro code  0x08021cd6     0x3a  BSC.o [3]
  i.HCI_RegisterEventCallback
                          ro code  0x08021d10      0xa  HCIDrv.o [3]
  i.HCI_RegisterACLDataCallback
                          ro code  0x08021d1a      0xa  HCIDrv.o [3]
  i.HCI_RegisterSCODataCallback
                          ro code  0x08021d24      0xa  HCIDrv.o [3]
  i.HCI_Reset             ro code  0x08021d2e     0x8a  HCI.o [3]
  i._HCI_Read_Local_Version_Information
                          ro code  0x08021db8     0x54  HCI.o [3]
  i.DetermineLEControllerSupport
                          ro code  0x08021e0c     0x2a  HCI.o [3]
  i._HCI_Set_Event_Mask   ro code  0x08021e36     0x32  HCI.o [3]
  i._HCI_Write_LE_Host_Supported
                          ro code  0x08021e68     0x38  HCI.o [3]
  i._HCI_Read_Local_Supported_Commands
                          ro code  0x08021ea0     0x38  HCI.o [3]
  i.HCI_UnRegisterCallback
                          ro code  0x08021ed8     0x70  HCIDrv.o [3]
  i.SendDispatchResetThreadClose
                          ro code  0x08021f48     0x1c  HCI.o [3]
  i.BuildAndSubmitCommandNoData
                          ro code  0x08021f64      0xe  HCI.o [3]
  i._HCI_Read_Local_Supported_Features
                          ro code  0x08021f72     0x3a  HCI.o [3]
  i._HCI_Read_Buffer_Size
                          ro code  0x08021fac     0x50  HCI.o [3]
  i.HCI_Write_SCO_Flow_Control_Enable
                          ro code  0x08021ffc     0x28  HCI.o [3]
  i.HCI_Register_SCO_Data_Callback
                          ro code  0x08022024      0xa  HCI.o [3]
  i.HCI_Change_SCO_Configuration
                          ro code  0x0802202e     0x2a  HCI.o [3]
  i.HCI_Change_SCO_Configuration_Handles
                          ro code  0x08022058     0x2e  HCI.o [3]
  i.FreeL2CAPContextInformation
                          ro code  0x08022086     0x3e  L2CAP.o [3]
  i.HCI_Build_ACL_Packet_Type_Mask
                          ro code  0x080220c4     0x26  HCI.o [3]
  i._HCI_LE_Read_Buffer_Size
                          ro code  0x080220ea     0x38  HCI.o [3]
  i.HCI_Register_ACL_Data_Callback
                          ro code  0x08022122      0xa  HCI.o [3]
  i.AddServiceRecordEntry
                          ro code  0x0802212c     0x12  SDP.o [3]
  i._L2CA_Register_PSM    ro code  0x0802213e     0x56  L2CAP.o [3]
  i.BSC_RegisterEventCallback
                          ro code  0x08022194     0x2a  BSC.o [3]
  i.GAP_LE_Initialize     ro code  0x080221c0    0x108  GAPLE.o [3]
  i.BSC_UnRegisterEventCallback
                          ro code  0x080222c8     0x1a  BSC.o [3]
  i._RFCOMM_Set_System_Parameters
                          ro code  0x080222e2     0x48  RFCOMM.o [3]
  i.FreePortInfoList      ro code  0x0802232a     0x1c  GOEP.o [3]
  i.FreePortInformationList
                          ro code  0x08022346     0x1c  SPP.o [3]
  i.FreeACLLinkList       ro code  0x08022362      0x6  GAP.o [3]
  i.FreeCallbackList      ro code  0x08022368      0x6  GAP.o [3]
  i.FreeInquiryResultList
                          ro code  0x0802236e      0x6  GAP.o [3]
  i.GAP_LE_Cleanup        ro code  0x08022374     0x34  GAPLE.o [3]
  i.AcquireRFCOMMStackInformation
                          ro code  0x080223a8     0x2e  RFCOMM.o [3]
  i.FreeConnectionInfoList
                          ro code  0x080223d6     0x24  SDP.o [3]
  i.FreeL2CAPConnectionInfoList
                          ro code  0x080223fa     0x2e  SDP.o [3]
  i.FreeServiceRecordList
                          ro code  0x08022428     0x28  SDP.o [3]
  i.FreeCallbackList      ro code  0x08022450      0x6  SCO.o [3]
  i._HCI_Disconnect       ro code  0x08022456     0x2e  HCI.o [3]
  i.FreeACLLinkList       ro code  0x08022484      0x6  SCO.o [3]
  i.HandleChannelDisconnection
                          ro code  0x0802248c     0xcc  L2CAP.o [3]
  i.GetNextChannelInfoEntry
                          ro code  0x08022558      0xa  L2CAP.o [3]
  i.FreeRegistryInfoList  ro code  0x08022562      0x6  L2CAP.o [3]
  i.FreeACLDataList       ro code  0x08022568      0x6  L2CAP.o [3]
  i.FreeChannelInfoList   ro code  0x0802256e     0x14  L2CAP.o [3]
  i.FreeConnectionInfoList
                          ro code  0x08022582     0x28  L2CAP.o [3]
  i.FreeIdentifierInfoList
                          ro code  0x080225aa     0x28  L2CAP.o [3]
  i.FreeCallbackList      ro code  0x080225d2      0x6  HCI.o [3]
  i._HCI_Read_LE_Host_Supported
                          ro code  0x080225d8     0x38  HCI.o [3]
  i.SearchDriverEntry     ro code  0x08022610     0x14  HCIDrv.o [3]
  i.FreeDriverStructureResources
                          ro code  0x08022624     0x34  HCIDrv.o [3]
  i.CleanupCOMMList       ro code  0x08022658     0x48  HCIComm.o [3]
  .text                   ro code  0x080226a0    0x280  stm32l1xx_hal_cortex.o [1]
  .text                   ro code  0x08022920     0x80  buzzer.o [1]
  .text                   ro code  0x080229a0     0x1c  divbyzerocheck.o [4]
  i.BuildCommandHeader    ro code  0x080229bc     0x2e  HCI.o [3]
  i.HCISendPacket         ro code  0x080229ea     0x76  HCI.o [3]
  i.BuildAndSubmitCommandWord
                          ro code  0x08022a60     0x54  HCI.o [3]
  .text                   ro code  0x08022ab4   0x169a  stm32l1xx_hal_dma.o [1]
  .text                   ro code  0x08024150   0x10a8  stm32l1xx_hal_rcc.o [1]
  .text                   ro code  0x080251f8     0x80  stm32l1xx_hal.o [1]
  .text                   ro code  0x08025278    0x264  gpio.o [1]
  .text                   ro code  0x080254dc     0xe4  dma.o [1]
  .text                   ro code  0x080255c0    0x120  fsmc.o [1]
  .text                   ro code  0x080256e0    0x140  i2c.o [1]
  .text                   ro code  0x08025820     0xc8  rtc.o [1]
  .text                   ro code  0x080258e8    0x204  spi.o [1]
  .text                   ro code  0x08025aec    0x1a4  tim.o [1]
  .text                   ro code  0x08025c90     0x3c  stm32l1xx_hal_pwr.o [1]
  .text                   ro code  0x08025ccc    0x1a8  stm32l1xx_hal_rcc_ex.o [1]
  i.AcquireDriverEntry    ro code  0x08025e74     0x58  HCIDrv.o [3]
  i.ReconfigureComm       ro code  0x08025ecc     0xe4  HCIComm.o [3]
  i.BSC_SearchGenericListEntry
                          ro code  0x08025fb0     0x36  BSC.o [3]
  i.AddServiceAttributeEntry
                          ro code  0x08025fe6     0x56  SDP.o [3]
  i.ParseAPIUUIDs         ro code  0x0802603c     0xf0  SDP.o [3]
  i.SearchServiceRecordEntry
                          ro code  0x0802612c     0x14  SDP.o [3]
  i.SearchL2CAPConnectionInfoEntryByCID
                          ro code  0x08026140     0x14  RFCOMM.o [3]
  i.SearchRFCOMMChannelInfoEntryByTEIAndDLCI
                          ro code  0x08026154     0x34  RFCOMM.o [3]
  i.RFCOMM_Control        ro code  0x08026188     0x38  RFCOMM.o [3]
  i.Disconnect            ro code  0x080261c0    0x1c4  RFCOMM.o [3]
  i.BSC_FreeGenericListEntryList
                          ro code  0x08026384     0x1e  BSC.o [3]
  i.SearchL2CAPConnectionInfoEntryByBD_ADDR
                          ro code  0x080263a2     0x10  RFCOMM.o [3]
  i.GetNextRFCOMMChannelInfoEntry
                          ro code  0x080263b2      0xa  RFCOMM.o [3]
  i.SearchRFCOMMMessageInfoEntryByTEIAndDLCI
                          ro code  0x080263bc     0x24  RFCOMM.o [3]
  i.AddRFCOMMChannelInfoEntry
                          ro code  0x080263e0     0x36  RFCOMM.o [3]
  i.RFCOMM_Start_Link_Negotiation
                          ro code  0x08026416     0x60  RFCOMM.o [3]
  i.RemoveRFCOMMChannelInfoEntry
                          ro code  0x08026476     0x26  RFCOMM.o [3]
  i.AddL2CAPConnectionInfoEntry
                          ro code  0x0802649c     0x12  RFCOMM.o [3]
  i._L2CA_Connect_Request
                          ro code  0x080264b0    0x1f0  L2CAP.o [3]
  i.RemoveL2CAPConnectionInfoEntry
                          ro code  0x080266a0     0x10  RFCOMM.o [3]
  i.SearchACLLinkEntryBD_ADDR
                          ro code  0x080266b0     0x10  GAP.o [3]
  i.L2CA_Get_Link_Connection_State
                          ro code  0x080266c0     0xec  L2CAP.o [3]
  i._HCI_Create_Connection_Cancel
                          ro code  0x080267ac     0x30  HCI.o [3]
  i.BuildAndSubmitCommandByte
                          ro code  0x080267dc     0x50  HCI.o [3]
  i.BuildAndSubmitCommandByteVariable
                          ro code  0x0802682c     0x84  HCI.o [3]
  i.GetNextTimerID        ro code  0x080268b0     0x44  BTPSTMR.o [3]
  i.SetEventHandler       ro code  0x080268f4     0x1e  HCI.o [3]
  i.RFCOMM_Data_Write     ro code  0x08026912     0xf0  RFCOMM.o [3]
  i.FormatAndDispatchFlowEvent
                          ro code  0x08026a02     0x32  RFCOMM.o [3]
  i.BuildAndSubmitCommandBD_ADDRByte
                          ro code  0x08026a34     0x68  HCI.o [3]
  i.BuildAndSubmitCommandBD_ADDRByteVariable
                          ro code  0x08026a9c     0x98  HCI.o [3]
  i._RFCOMM_Modem_Status  ro code  0x08026b34     0x96  RFCOMM.o [3]
  i.RFCOMM_Control_Message
                          ro code  0x08026bca     0x80  RFCOMM.o [3]
  i.ParseAPIAttributeIDList
                          ro code  0x08026c4a     0xd6  SDP.o [3]
  i.GetNextServiceRequestID
                          ro code  0x08026d20     0x14  SDP.o [3]
  i.SubmitSDPRequest      ro code  0x08026d34     0xb0  SDP.o [3]
  .text                   ro code  0x08026de4    0x656  afe.o [1]
  .text                   ro code  0x0802743c    0x1b8  gauge.o [1]
  .text                   ro code  0x080275f4    0x72e  lcd.o [1]
  .text                   ro code  0x08027d24    0x166  touch.o [1]
  .text                   ro code  0x08027e8c    0x900  tasks_ecg.o [1]
  .text                   ro code  0x0802878c    0x210  tasks_bt.o [1]
  .text                   ro code  0x0802899c    0x358  tasks_input.o [1]
  .text                   ro code  0x08028cf4    0x420  tasks_periph.o [1]
  .text                   ro code  0x08029114     0x7c  tasks_fsm.o [1]
  .text                   ro code  0x08029190     0x7c  tasks_gui.o [1]
  .text                   ro code  0x0802920c     0x20  xmbtowc.o [5]
  .text                   ro code  0x0802922c     0x16  strchr.o [7]
  .text                   ro code  0x08029244     0x58  memchr.o [7]
  .text                   ro code  0x0802929c      0xa  xmbcurmax.o [5]
  .text                   ro code  0x080292a8     0xb0  xxmemxmalloc.o [5]
  .text                   ro code  0x08029358     0x1a  xwctomb.o [5]
  .text                   ro code  0x08029374     0x80  xxmemxfree.o [5]
  .text                   ro code  0x080293f4     0xee  I64DivMod.o [7]
  .text                   ro code  0x080294e2     0x42  xdnorm.o [6]
  .text                   ro code  0x08029524     0x2e  DblCmpLe.o [6]
  .text                   ro code  0x08029554     0x2e  DblCmpGe.o [6]
  .text                   ro code  0x08029584    0x110  xdscale.o [6]
  .text                   ro code  0x08029694     0x58  DblToI32.o [6]
  .text                   ro code  0x080296ec     0x30  I32ToDbl.o [6]
  .text                   ro code  0x0802971c    0x180  DblSub.o [6]
  .text                   ro code  0x0802989c    0x1a2  DblMul.o [6]
  .text                   ro code  0x08029a40    0x256  DblDiv.o [6]
  .text                   ro code  0x08029c98     0x6c  localeconv.o [5]
  .text                   ro code  0x08029d04      0xe  div.o [5]
  i.InitializeProtocol    ro code  0x08029d14     0x54  HCIComm.o [3]
  i.DeleteCOMEntry        ro code  0x08029d68     0x14  HCIComm.o [3]
  i.FreeCOMStructureResources
                          ro code  0x08029d7c     0x40  HCIComm.o [3]
  i.CalculateBufferOffset
                          ro code  0x08029dbc     0x34  BSC.o [3]
  i.RegisterCallback      ro code  0x08029df0     0x98  HCIDrv.o [3]
  i._HCI_Write_SCO_Flow_Control_Enable
                          ro code  0x08029e88     0x2c  HCI.o [3]
  i.HCI_ChangeSCOConfiguration
                          ro code  0x08029eb4     0x60  HCIDrv.o [3]
  i.HCI_ChangeSCOConfigurationHandles
                          ro code  0x08029f14     0x3c  HCIDrv.o [3]
  i.VerifySharedBufferPointer
                          ro code  0x08029f50     0x28  BSC.o [3]
  i.GetNextIDNumber       ro code  0x08029f78     0x14  L2CAP.o [3]
  i.AddRegistryInfoEntry  ro code  0x08029f8c     0x12  L2CAP.o [3]
  i._HCI_LE_Read_White_List_Size
                          ro code  0x08029f9e     0x32  HCI.o [3]
  i.L2CA_Register_Fixed_Channel
                          ro code  0x08029fd0     0x84  L2CAP.o [3]
  i.FreePortInfoEntryMemory
                          ro code  0x0802a054     0x22  GOEP.o [3]
  i.AcquireGAPLEContext   ro code  0x0802a076     0x2a  GAP.o [3]
  i.FreeLELinkList        ro code  0x0802a0a0     0x1c  GAPLE.o [3]
  i.FreeCallbackInfoList  ro code  0x0802a0bc      0x6  GAPLE.o [3]
  i.CleanupSDPConnection  ro code  0x0802a0c2     0x38  SDP.o [3]
  i._L2CA_Disconnect_Request
                          ro code  0x0802a0fa     0x96  L2CAP.o [3]
  i.BuildAndSubmitCommandWordByte
                          ro code  0x0802a190     0x58  HCI.o [3]
  i.CleanupChannel        ro code  0x0802a1e8     0x30  L2CAP.o [3]
  i.SearchConnectionInfoEntryByConnectionHandle
                          ro code  0x0802a218     0x14  L2CAP.o [3]
  i.LP_DisconnectReq      ro code  0x0802a22c     0x64  L2CAP.o [3]
  i.SearchConnectionInfoEntryByBD_ADDRType
                          ro code  0x0802a290     0x44  L2CAP.o [3]
  i.DeleteConnectionInfoEntry
                          ro code  0x0802a2d4     0x2e  L2CAP.o [3]
  i.BSC_GetNextGenericListEntry
                          ro code  0x0802a302     0x20  BSC.o [3]
  i.DeleteChannelInfoEntry
                          ro code  0x0802a322     0x30  L2CAP.o [3]
  i.FreeFixedChannelInfoList
                          ro code  0x0802a352      0x6  L2CAP.o [3]
  .text                   ro code  0x0802a358    0x762  stm32l1xx_hal_tim.o [1]
  i.HCI_SendPacket        ro code  0x0802aabc     0xb4  HCIDrv.o [3]
  i.HCI_CancelPacket      ro code  0x0802ab70     0x74  HCIDrv.o [3]
  .text                   ro code  0x0802abe4     0x10  stm32l1xx_hal_pwr_ex.o [1]
  .text                   ro code  0x0802abf4    0x114  stm32l1xx_hal_sram.o [1]
  .text                   ro code  0x0802ad08    0xb2e  stm32l1xx_hal_i2c.o [1]
  .text                   ro code  0x0802b838    0x1d0  stm32l1xx_hal_rtc.o [1]
  .text                   ro code  0x0802ba08    0x27e  stm32l1xx_hal_rtc_ex.o [1]
  .text                   ro code  0x0802bc86     0x8c  stm32l1xx_hal_spi_ex.o [1]
  .text                   ro code  0x0802bd12     0x5a  stm32l1xx_hal_tim_ex.o [1]
  i.SearchCOMEntry        ro code  0x0802bd6c     0x14  HCIComm.o [3]
  i.CalculateFCS          ro code  0x0802bd80     0x20  RFCOMM.o [3]
  i._L2CA_Data_Write      ro code  0x0802bda0      0xe  L2CAP.o [3]
  i.DisconnectChannel     ro code  0x0802bdae     0x86  RFCOMM.o [3]
  i.GetNextRFCOMMServerInfoEntry
                          ro code  0x0802be34      0xa  RFCOMM.o [3]
  i.SendFormattedControlMessage
                          ro code  0x0802be40     0xbc  RFCOMM.o [3]
  i._HCI_Read_Simple_Pairing_Mode
                          ro code  0x0802befc     0x32  HCI.o [3]
  i.CreateNewChannel      ro code  0x0802bf30     0x78  L2CAP.o [3]
  i.BSC_AuthenticateDevice
                          ro code  0x0802bfa8     0x86  BSC.o [3]
  i.CreateNewIdentifierEntry
                          ro code  0x0802c030     0x74  L2CAP.o [3]
  i.L2CAP_ConnectRequestResponse
                          ro code  0x0802c0a4     0xc6  L2CAP.o [3]
  i.DeleteIdentifierInfoEntryByIdentifier
                          ro code  0x0802c16a     0x2e  L2CAP.o [3]
  i.LP_ConnectRequest     ro code  0x0802c198     0xce  L2CAP.o [3]
  i.AdjustSharedBuffer    ro code  0x0802c268     0x64  BSC.o [3]
  i._L2CA_Enhanced_Data_Write
                          ro code  0x0802c2cc     0xb6  L2CAP.o [3]
  i.AddConnectionInfoEntry
                          ro code  0x0802c382     0x12  SDP.o [3]
  i.SendSDPRequestPDU     ro code  0x0802c394    0x154  SDP.o [3]
  .text                   ro code  0x0802c4e8     0xa0  afe_hal.o [1]
  .text                   ro code  0x0802c588    0x95a  stm32l1xx_hal_spi.o [1]
  .text                   ro code  0x0802cee2    0x1b8  gauge_hal.o [1]
  .text                   ro code  0x0802d09a    0x180  lcd_hal.o [1]
  .text                   ro code  0x0802d21c    0x4b6  lcd_primitives.o [1]
  .text                   ro code  0x0802d6d4     0xba  checked_operators.o [4]
  .text                   ro code  0x0802d790     0x60  touch_hal.o [1]
  .text                   ro code  0x0802d7f0    0x794  dsp.o [1]
  .text                   ro code  0x0802df84    0x31c  authentication.o [1]
  .text                   ro code  0x0802e2a0     0x34  sprintf.o [5]
  .text                   ro code  0x0802e2d4      0x6  ABImemclr.o [7]
  .text                   ro code  0x0802e2dc     0x42  strcmp_unaligned.o [7]
  .text                   ro code  0x0802e31e    0x300  item_area.o [1]
  .text                   ro code  0x0802e620    0x458  menu.o [1]
  .text                   ro code  0x0802ea78      0x4  item_lcd_config.o [1]
  .text                   ro code  0x0802ea7c    0x126  fsm_client.o [1]
  .text                   ro code  0x0802eba4     0x14  setlocale.o [5]
  .text                   ro code  0x0802ebb8     0x60  xencoding_sb.o [5]
  .text                   ro code  0x0802ec18     0x2c  xgetmemchunk.o [5]
  .text                   ro code  0x0802ec44      0x2  I64DivZer.o [7]
  .text                   ro code  0x0802ec48     0xd4  DblAdd.o [6]
  .text                   ro code  0x0802ed1c      0x2  xtls.o [5]
  i.HCILL_Initialize      ro code  0x0802ed1e     0x50  HCILL.o [3]
  i.TWUART_Initialize     ro code  0x0802ed70     0xf0  TWUART.o [3]
  i.ChangeCommSCOConfiguration
                          ro code  0x0802ee60     0x30  HCIComm.o [3]
  i.SearchRegistryByValue
                          ro code  0x0802ee90     0x14  L2CAP.o [3]
  i.FreeLELinkEntryMemory
                          ro code  0x0802eea4     0x24  GAPLE.o [3]
  i.SearchChannelInfoEntry
                          ro code  0x0802eec8     0x14  L2CAP.o [3]
  i.L2CAP_DisconnectRequestResponse
                          ro code  0x0802eedc     0x90  L2CAP.o [3]
  i._L2CA_Flush_Channel_Data
                          ro code  0x0802ef6c     0x72  L2CAP.o [3]
  i.LP_DisconnectCfm      ro code  0x0802efde     0xf6  L2CAP.o [3]
  i.SendHCIPacketToLowerDriver
                          ro code  0x0802f0d4     0xe8  HCIDrv.o [3]
  i.AddPacketQueueEntry   ro code  0x0802f1bc     0x60  HCIDrv.o [3]
  i.DeletePacketQueueEntry
                          ro code  0x0802f21c     0x14  HCIDrv.o [3]
  .text                   ro code  0x0802f230    0x664  stm32l1xx_ll_fsmc.o [1]
  i.RemoveRFCOMMMessageInfoEntryByTEIAndMessage
                          ro code  0x0802f894     0x42  RFCOMM.o [3]
  i.FormatAndDispatchEventTEIDLCIByte
                          ro code  0x0802f8d6     0x32  RFCOMM.o [3]
  i.FormatAndDispatchOpenConfirmationEvent
                          ro code  0x0802f908     0x40  RFCOMM.o [3]
  i.SearchRFCOMMMessageInfoEntryByMessageTEIAndDLCI
                          ro code  0x0802f948     0x30  RFCOMM.o [3]
  i.AddRFCOMMMessageInfoEntry
                          ro code  0x0802f978     0x42  RFCOMM.o [3]
  i.L2CAP_DataWrite       ro code  0x0802f9ba     0x7c  L2CAP.o [3]
  i._HCI_Create_Connection
                          ro code  0x0802fa38     0x84  HCI.o [3]
  i.AddConnectionInfoEntry
                          ro code  0x0802fabc     0x26  L2CAP.o [3]
  i.CheckQueuedDataWrite  ro code  0x0802fae2    0x106  L2CAP.o [3]
  i.GetNextDataIdentifier
                          ro code  0x0802fbe8     0x1c  L2CAP.o [3]
  i.EnhancedFragmentPacket
                          ro code  0x0802fc04     0x70  L2CAP.o [3]
  i.GetNextTransactionID  ro code  0x0802fc74     0x10  SDP.o [3]
  .text                   ro code  0x0802fc84     0x22  I64Shl.o [7]
  .text                   ro code  0x0802fca8     0xf4  state_welcome.o [1]
  i.SetTransportConfiguration
                          ro code  0x0802fd9c     0x26  TWUART.o [3]
  i.FreeSecurityManagerResources
                          ro code  0x0802fdc2     0x34  GAPLE.o [3]
  i.DeleteACLPacketEntry  ro code  0x0802fdf6     0x1e  L2CAP.o [3]
  i.DispatchFixedChannelConnectDisconnect
                          ro code  0x0802fe14     0x54  L2CAP.o [3]
  i.FormatEventDisconnectIndication
                          ro code  0x0802fe68     0x14  L2CAP.o [3]
  i.FormatEventConnectConfirmation
                          ro code  0x0802fe7c     0x28  L2CAP.o [3]
  i.DispatchDebugPacketCallbacks
                          ro code  0x0802fea4     0x1e  HCIDrv.o [3]
  i.SendCommPacket        ro code  0x0802fec4     0xbc  HCIComm.o [3]
  i.BSC_AddGenericListEntry
                          ro code  0x0802ff80     0x6c  BSC.o [3]
  i.QueueACLPacket        ro code  0x0802ffec     0x12  L2CAP.o [3]
  i.L2CAP_ProcessACLQueue
                          ro code  0x0802fffe     0x36  L2CAP.o [3]
  i.FragmentPacket        ro code  0x08030034     0xac  L2CAP.o [3]
  i.SearchACLPacketEntryByIdentifier
                          ro code  0x080300e0     0x14  L2CAP.o [3]
  .text                   ro code  0x080300f4     0x68  state_running.o [1]
  .text                   ro code  0x0803015c    0x10c  state.o [1]
  i.DeleteCallbackInfoByType
                          ro code  0x08030268     0x14  GAPLE.o [3]
  i.ProcessSendQueueData  ro code  0x0803027c    0x1d0  L2CAP.o [3]
  .text                   ro code  0x0803044c    0x138  state_goodbye.o [1]
  .text                   ro code  0x08030584    0x124  state_main.o [1]
  i.HCI_Send_ACL_Data     ro code  0x080306a8     0x10  HCI.o [3]
  i.SearchIdentifierInfoEntryByIdentifier
                          ro code  0x080306b8     0x14  L2CAP.o [3]
  i.BTPS_ChangeTimer      ro code  0x080306cc     0x60  BTPSTMR.o [3]
  i.SearchFixedChannelInfoEntry
                          ro code  0x0803072c     0x4c  L2CAP.o [3]
  i.FormatEventCIDOnly    ro code  0x08030778     0x12  L2CAP.o [3]
  .text                   ro code  0x0803078c    0x12c  state_ecg.o [1]
  .text                   ro code  0x080308b8     0x1c  state_h2h.o [1]
  .text                   ro code  0x080308d4     0x1c  state_settings.o [1]
  i.SendDataPacket        ro code  0x080308f0     0xfe  HCI.o [3]
  .text                   ro code  0x080309f0    0x13c  state_ecg_1_lead.o [1]
  .text                   ro code  0x08030b2c    0x3f0  state_ecg_2_lead.o [1]
  .text                   ro code  0x08030f1c    0x45c  state_ecg_6_lead.o [1]
  .text                   ro code  0x08031378    0x108  state_h2h_start_connect.o [1]
  .text                   ro code  0x08031480    0x154  state_settings_configtabs.o [1]
  .text                   ro code  0x080315d4     0x28  item_graph.o [1]
  .text                   ro code  0x080315fc     0x30  state_h2h_ongoing.o [1]
  .text                   ro code  0x0803162c     0xf4  state_settings_configtabs_screen.o [1]
  .text                   ro code  0x08031720     0xf4  state_settings_configtabs_timedate.o [1]
  .text                   ro code  0x08031814     0xf8  state_settings_configtabs_bluetooth.o [1]
  .text                   ro code  0x0803190c     0xf4  state_settings_configtabs_about.o [1]
  .text                   ro code  0x08031a00    0x108  state_settings_configtabs_touch.o [1]
  .text                   ro code  0x08031b08    0x110  state_h2h_ongoing_connecting.o [1]
  .text                   ro code  0x08031c18     0x30  state_settings_touchcalib.o [1]
  .text                   ro code  0x08031c48    0x108  state_h2h_ongoing_error.o [1]
  .text                   ro code  0x08031d50    0x65c  state_h2h_ongoing_action.o [1]
  .text                   ro code  0x080323ac     0x48  state_settings_touchcalib_point_1.o [1]
  .text                   ro code  0x080323f4     0x84  state_h2h_connect_1.o [1]
  .text                   ro code  0x08032478     0x84  state_h2h_connect_2.o [1]
  .text                   ro code  0x080324fc     0x84  state_h2h_connect_3.o [1]
  .text                   ro code  0x08032580     0x84  state_h2h_connect_4.o [1]
  .text                   ro code  0x08032604     0x48  state_settings_touchcalib_point_2.o [1]
  .text                   ro code  0x0803264c     0xc0  state_h2h_wait_key.o [1]
  .text                   ro code  0x0803270c     0x48  state_settings_touchcalib_point_3.o [1]
  .text                   ro code  0x08032754     0xbc  state_h2h_autentication.o [1]
  .text                   ro code  0x08032810     0xb4  state_h2h_validation_ok.o [1]
  .text                   ro code  0x080328c4     0xa0  state_h2h_validation_error.o [1]
  .rodata                 const    0x08032964   0x1848  BTPSVEND.o [1]
  .rodata                 const    0x080341ac   0x1794  myriad_pro.o [1]
  i.L2CA_Event_Callback   ro code  0x08035940    0x6e8  SDP.o [3]
  i.ProcessSDPConnectionRequest
                          ro code  0x08036028     0x8e  SDP.o [3]
  i.SendConnectionResponse
                          ro code  0x080360b6     0x58  SDP.o [3]
  i._L2CA_Connect_Response
                          ro code  0x08036110     0xb0  L2CAP.o [3]
  i.ProcessConnectionError
                          ro code  0x080361c0     0x64  SDP.o [3]
  i.SearchConnectionInfoEntry
                          ro code  0x08036224     0x14  SDP.o [3]
  i._L2CA_Config_Request  ro code  0x08036238    0x190  L2CAP.o [3]
  i._L2CA_Config_Response
                          ro code  0x080363c8     0x86  L2CAP.o [3]
  i.DispatchSDPConnectionEvent
                          ro code  0x0803644e     0x26  SDP.o [3]
  i._L2CA_Disconnect_Response
                          ro code  0x08036474     0x20  L2CAP.o [3]
  i.ParseServiceSearchPattern
                          ro code  0x08036494     0xce  SDP.o [3]
  i.CalculateDataTypeLength
                          ro code  0x08036562     0x98  SDP.o [3]
  i.ProcessServiceSearchRequest
                          ro code  0x080365fc    0x19c  SDP.o [3]
  i.ParseAttributeIDList  ro code  0x08036798     0xea  SDP.o [3]
  i.ProcessServiceAttributeRequest
                          ro code  0x08036882    0x1ac  SDP.o [3]
  i.FormatResponsePDUHeaderAndSend
                          ro code  0x08036a2e     0x3a  SDP.o [3]
  i.ProcessServiceSearchAttributeRequest
                          ro code  0x08036a68    0x25a  SDP.o [3]
  i.DeleteConnectionInfoEntryCID
                          ro code  0x08036cc2     0x14  SDP.o [3]
  i._HCI_Write_Automatic_Flush_Timeout
                          ro code  0x08036cd6     0x32  HCI.o [3]
  i.ParseAPIOptions       ro code  0x08036d08     0xd8  L2CAP.o [3]
  i.L2CAP_ConfigRequestResponse
                          ro code  0x08036de0    0x10a  L2CAP.o [3]
  i._HCI_Write_Link_Supervision_Timeout
                          ro code  0x08036eea     0x32  HCI.o [3]
  i.ReadDataElementSequenceLength
                          ro code  0x08036f1c     0x52  SDP.o [3]
  i.NormalizeUUID         ro code  0x08036f6e     0x62  SDP.o [3]
  i.CompareServiceRecordWithServiceList
                          ro code  0x08036fd0    0x202  SDP.o [3]
  i.CalculateAttributeRequestParameters
                          ro code  0x080371d2     0x58  SDP.o [3]
  i.ParseRecordAttributes
                          ro code  0x0803722a    0x14a  SDP.o [3]
  i.WriteAttributeRequestContinuationInformation
                          ro code  0x08037374     0x60  SDP.o [3]
  i.BuildAndSubmitCommandThreeWords
                          ro code  0x080373d4     0x74  HCI.o [3]
  i.ServiceAttributeListValid
                          ro code  0x08037448     0x12  SDP.o [3]
  i.GetNextServiceAttribute
                          ro code  0x0803745c     0x88  SDP.o [3]
  i.HCI_Event_Callback    ro code  0x080374e4    0x6a0  GAP.o [3]
  i.IssueBondingCallback  ro code  0x08037b84     0x38  GAP.o [3]
  i.DeleteACLLinkEntryConnection_Handle
                          ro code  0x08037bbc     0x14  GAP.o [3]
  i.FormatAndDispatchEncryptionChangeEvent
                          ro code  0x08037bd0     0x4a  GAP.o [3]
  i.FormatAndDispatchAuthenticationStatusEvent
                          ro code  0x08037c1a     0x32  GAP.o [3]
  i.SearchACLLinkEntryConnection_Handle
                          ro code  0x08037c4c     0x14  GAP.o [3]
  i.FormatAndDispatchAuthenticationEvent
                          ro code  0x08037c60     0x3c  GAP.o [3]
  i.GAP_Set_Encryption_Mode
                          ro code  0x08037c9c     0x84  GAP.o [3]
  i.FormatAndDispatchInquiryEvent
                          ro code  0x08037d20     0x32  GAP.o [3]
  i._HCI_Write_Encryption_Mode
                          ro code  0x08037d52     0x2c  HCI.o [3]
  i._HCI_Set_Connection_Encryption
                          ro code  0x08037d7e     0x2e  HCI.o [3]
  i.CleanUpInquiry        ro code  0x08037dac     0x1c  GAP.o [3]
  i.AsynchronousHCIEventCallback
                          ro code  0x08037dc8    0x684  HCI.o [3]
  i.BuildEventHeader      ro code  0x0803844c     0x1e  HCI.o [3]
  i.BuildEventByte        ro code  0x0803846a     0x14  HCI.o [3]
  i.BuildEventByteWordByte
                          ro code  0x0803847e     0x2e  HCI.o [3]
  i.BuildEventByteBD_ADDRByte
                          ro code  0x080384ac     0x34  HCI.o [3]
  i.BuildEventByteWordWord
                          ro code  0x080384e0     0x3c  HCI.o [3]
  i.BuildEventWord        ro code  0x0803851c     0x16  HCI.o [3]
  i.BuildEventBD_ADDRDWord
                          ro code  0x08038532     0x34  HCI.o [3]
  i.BuildEventBD_ADDRVariableData
                          ro code  0x08038566     0x3e  HCI.o [3]
  i.ProcessRFCOMMControlMessage
                          ro code  0x080385a4    0x622  RFCOMM.o [3]
  i.HCI_Event_Callback    ro code  0x08038bc8    0x500  L2CAP.o [3]
  i.LP_ConnectCfmNeg      ro code  0x080390c8     0xf4  L2CAP.o [3]
  i._HCI_Read_Remote_Extended_Features
                          ro code  0x080391bc     0x2e  HCI.o [3]
  i.LP_ConnectIndication  ro code  0x080391ea     0xa6  L2CAP.o [3]
  i._HCI_Flush            ro code  0x08039290     0x2c  HCI.o [3]
  i.LP_ConnectCfm         ro code  0x080392bc    0x13a  L2CAP.o [3]
  i.HCI_Schedule_Asynchronous_Callback
                          ro code  0x080393f6     0x54  HCI.o [3]
  i._HCI_Reject_Connection_Request
                          ro code  0x0803944a     0x34  HCI.o [3]
  i._HCI_Accept_Connection_Request
                          ro code  0x0803947e     0x34  HCI.o [3]
  .rodata                 const    0x080394b4    0x410  menu_goodbye.o [1]
  .rodata                 const    0x080398c4    0x410  menu_h2h_ongoing_error.o [1]
  .rodata                 const    0x08039cd4    0x410  menu_main.o [1]
  .rodata                 const    0x0803a0e4    0x410  menu_settings_configtabs.o [1]
  .rodata                 const    0x0803a4f4    0x410  menu_settings_configtabs_about.o [1]
  .rodata                 const    0x0803a904    0x410  menu_settings_configtabs_bluetooth.o [1]
  .rodata                 const    0x0803ad14    0x410  menu_settings_configtabs_screen.o [1]
  .rodata                 const    0x0803b124    0x410  menu_settings_configtabs_timedate.o [1]
  .rodata                 const    0x0803b534    0x410  menu_welcome.o [1]
  .rodata                 const    0x0803b944    0x410  tags_ecg.o [1]
  .rodata                 const    0x0803bd54    0x410  tags_ecg.o [1]
  .rodata                 const    0x0803c164    0x410  tags_ecg.o [1]
  i.L2CA_Event_Callback   ro code  0x0803c574    0x3f4  RFCOMM.o [3]
  i.ProcessRFCOMMDataMessage
                          ro code  0x0803c968    0x2c0  RFCOMM.o [3]
  i.RFCOMM_Event_Callback
                          ro code  0x0803cc28    0x390  SPP.o [3]
  i.FormatAndDispatchEventUnsignedInteger
                          ro code  0x0803cfb8     0x2a  SPP.o [3]
  i.SendQueuedData        ro code  0x0803cfe4    0x168  SPP.o [3]
  i.SPP_Send_Break        ro code  0x0803d14c     0xdc  SPP.o [3]
  i.SPP_Line_Status       ro code  0x0803d228     0x80  SPP.o [3]
  i.FormatAndDispatchEventPortInformation
                          ro code  0x0803d2a8     0x32  SPP.o [3]
  i._RFCOMM_Line_Status_Change
                          ro code  0x0803d2da     0x48  RFCOMM.o [3]
  i.BuildPortInformationStructure
                          ro code  0x0803d322    0x200  SPP.o [3]
  i.ProcessL2CAPDataPacket
                          ro code  0x0803d522    0x336  L2CAP.o [3]
  i.L2CAP_RequestTimeout  ro code  0x0803d858    0x13a  L2CAP.o [3]
  i.L2CAP_ConnectRequestEvent
                          ro code  0x0803d994    0x1a4  L2CAP.o [3]
  i.L2CAP_ConnectResponseEvent
                          ro code  0x0803db38    0x12c  L2CAP.o [3]
  i.L2CAP_ConfigRequestEvent
                          ro code  0x0803dc64    0x214  L2CAP.o [3]
  i.L2CAP_ConfigResponseEvent
                          ro code  0x0803de78     0xc2  L2CAP.o [3]
  i.L2CAP_DisconnectRequestEvent
                          ro code  0x0803df3a     0x86  L2CAP.o [3]
  i.L2CAP_DisconnectResponseEvent
                          ro code  0x0803dfc0     0x80  L2CAP.o [3]
  i.L2CAP_EchoRequestResponse
                          ro code  0x0803e040     0xac  L2CAP.o [3]
  i.L2CAP_InformationRequestResponse
                          ro code  0x0803e0ec     0xde  L2CAP.o [3]
  i.L2CAP_ConnectionParameterUpdateRequestEvent
                          ro code  0x0803e1ca     0x9c  L2CAP.o [3]
  i.L2CAP_ConnectionParameterUpdateResponseEvent
                          ro code  0x0803e266     0x7a  L2CAP.o [3]
  i.L2CAP_RejectCommand   ro code  0x0803e2e0     0x96  L2CAP.o [3]
  i.HandleReadDataError   ro code  0x0803e376     0x26  L2CAP.o [3]
  i.FormatEventDisconnectConfirmation
                          ro code  0x0803e39c     0x16  L2CAP.o [3]
  i.FormatEventConfigConfirmation
                          ro code  0x0803e3b2     0x30  L2CAP.o [3]
  i.ParseOptionsToAPI     ro code  0x0803e3e2    0x164  L2CAP.o [3]
  i.HCICallbackThread     ro code  0x0803e548    0x278  HCI.o [3]
  i.CreditDataPacket      ro code  0x0803e7c0     0x16  HCI.o [3]
  i.DeleteCallbackEntry   ro code  0x0803e7d6     0x14  HCI.o [3]
  i._HCI_Host_Number_Of_Completed_Packets
                          ro code  0x0803e7ec     0x98  HCI.o [3]
  i.HCI_DriverCallback    ro code  0x0803e884    0x21c  HCIDrv.o [3]
  i.ProtocolEventCallback
                          ro code  0x0803eaa0    0x214  HCIComm.o [3]
  i.HCITR_COMDataCallback_UART
                          ro code  0x0803ecb4    0x1e2  HCIComm.o [3]
  i.GAPInquiryEventHandler
                          ro code  0x0803ee96    0x1d2  GAP.o [3]
  i.ProcessServiceAttributeResponse
                          ro code  0x0803f068    0x1ce  SDP.o [3]
  i.FreeParsedServiceAttributeResponseData
                          ro code  0x0803f236     0x68  SDP.o [3]
  i.FreeDataElementList   ro code  0x0803f29e     0x3e  SDP.o [3]
  i.ParseDataElement      ro code  0x0803f2dc    0x1c2  SDP.o [3]
  .text                   ro code  0x0803f49e    0x1c2  lz77_init.o [7]
  .text                   ro code  0x0803f660      0x6  abort.o [5]
  .text                   ro code  0x0803f668     0x14  exit.o [8]
  i.TWUART_ReceiveBytes   ro code  0x0803f67c    0x1a0  TWUART.o [3]
  i.SetTWUARTTimer        ro code  0x0803f81c     0x54  TWUART.o [3]
  i.RestartPacketizer     ro code  0x0803f870     0x20  TWUART.o [3]
  i.ProcessReceivedPacket
                          ro code  0x0803f890    0x178  TWUART.o [3]
  i.CheckIdle             ro code  0x0803fa08     0x2c  TWUART.o [3]
  i.CalculateCRC          ro code  0x0803fa34     0x30  TWUART.o [3]
  i.SendNullPacket        ro code  0x0803fa64     0x18  TWUART.o [3]
  i.FreeBufferListHead    ro code  0x0803fa7c     0x1c  TWUART.o [3]
  i.SendQueuedPackets     ro code  0x0803fa98     0x5c  TWUART.o [3]
  i.ProcessTWUARTMessage  ro code  0x0803faf4     0xe8  TWUART.o [3]
  i.SendSLIPPacket        ro code  0x0803fbdc     0xc8  TWUART.o [3]
  i.TWUART_Resynchronize  ro code  0x0803fca4     0x6e  TWUART.o [3]
  i.SendTWUARTMessage     ro code  0x0803fd14     0x5c  TWUART.o [3]
  i.ParseConfigurationField
                          ro code  0x0803fd70     0x96  TWUART.o [3]
  i.SetTWUARTState        ro code  0x0803fe06     0x80  TWUART.o [3]
  i.TransmitData          ro code  0x0803fe86     0x1a  TWUART.o [3]
  i.EncodeAndSend         ro code  0x0803fea0     0x8c  TWUART.o [3]
  i.SendSleepIndication   ro code  0x0803ff2c     0x10  TWUART.o [3]
  i.RFCOMMServerSABMMessageHandler
                          ro code  0x0803ff3c    0x188  RFCOMM.o [3]
  i.SearchRFCOMMServerInfoEntryByTEI
                          ro code  0x080400c4     0x28  RFCOMM.o [3]
  i.HCI_ACL_Data_Callback
                          ro code  0x080400ec    0x168  L2CAP.o [3]
  i.SearchACLPacketEntryByConnectionHandle
                          ro code  0x08040254     0x14  L2CAP.o [3]
  i.L2CAP_ReceiveTimeout  ro code  0x08040268     0x82  L2CAP.o [3]
  i.VerifyACLHeader       ro code  0x080402ea     0x90  L2CAP.o [3]
  i.HCIInquiryEventHandler
                          ro code  0x0804037a    0x160  HCI.o [3]
  i.ParseInquiryResultRSSI
                          ro code  0x080404da     0x2e  HCI.o [3]
  i.SDPParseServiceAttributeResponseData
                          ro code  0x08040508    0x144  SDP.o [3]
  i.ParseDataElements     ro code  0x0804064c    0x116  SDP.o [3]
  i.SPPServerHandler      ro code  0x08040762    0x132  SPP.o [3]
  i._RFCOMM_Parameter_Negotiation_Response
                          ro code  0x08040894     0xc8  RFCOMM.o [3]
  i.CalculateCreditThreshold
                          ro code  0x0804095c     0x34  SPP.o [3]
  .constdata              const    0x08040990    0x100  RFCOMM.o [3]
  i.RFCOMMClientSABMMessageHandler
                          ro code  0x08040a90     0xfc  RFCOMM.o [3]
  i.ProcessSendPDU        ro code  0x08040b8c     0xf8  SDP.o [3]
  i._HCI_Event_Callback   ro code  0x08040c84     0xf6  SCO.o [3]
  .text                   ro code  0x08040d7c     0xdc  stm32l1xx_it.o [1]
  i.RFCOMMServerPNMessageHandler
                          ro code  0x08040e58     0xdc  RFCOMM.o [3]
  i.TWUART_TransmitBytes  ro code  0x08040f34     0xbc  TWUART.o [3]
  i.SendReliablePacket    ro code  0x08040ff0     0x82  TWUART.o [3]
  i.RFCOMM_SignalTimeout  ro code  0x08041072     0xba  RFCOMM.o [3]
  i.SPPClientHandler      ro code  0x0804112c     0xba  SPP.o [3]
  i.TWUART_Reconfigure    ro code  0x080411e6     0xae  TWUART.o [3]
  i.AsynchronousCallbackFunction
                          ro code  0x08041294     0xa4  BTPSTMR.o [3]
  i.DelayedAuthenticationProcess
                          ro code  0x08041338     0xa0  L2CAP.o [3]
  i.HCILL_TransmitBytes   ro code  0x080413d8     0xa0  HCILL.o [3]
  i.TransmitData          ro code  0x08041478     0x26  HCILL.o [3]
  i.SendSleepIndication   ro code  0x0804149e     0x10  HCILL.o [3]
  i.HCILL_ReceiveBytes    ro code  0x080414b0     0x9c  HCILL.o [3]
  i.SendQueuedPackets     ro code  0x0804154c     0x20  HCILL.o [3]
  i.FreeTransmitBufferListHead
                          ro code  0x0804156c     0x1e  HCILL.o [3]
  i.GAP_Authenticate_Remote_Device
                          ro code  0x0804158a     0x9a  GAP.o [3]
  i._HCI_Authentication_Requested
                          ro code  0x08041624     0x2c  HCI.o [3]
  .rodata                 const    0x08041650     0x90  dsp.o [1]
  i.RetransmitTimerExpired
                          ro code  0x080416e0     0x82  TWUART.o [3]
  .rodata                 const    0x08041764     0x7c  font_awesome.o [1]
  i.TimerThread           ro code  0x080417e0     0x7c  BTPSTMR.o [3]
  i.UpdateAndExpireTimers
                          ro code  0x0804185c     0x78  BTPSTMR.o [3]
  i.BSC_ScheduleAsynchronousCallback
                          ro code  0x080418d4     0x32  BSC.o [3]
  .rodata                 const    0x08041908     0x74  font_awesome.o [1]
  i.SynchronousHCICommandCallback
                          ro code  0x0804197c     0x74  HCI.o [3]
  i.SDP_Timeout_Callback  ro code  0x080419f0     0x72  SDP.o [3]
  .rodata                 const    0x08041a64     0x70  font_awesome.o [1]
  .rodata                 const    0x08041ad4     0x70  font_awesome.o [1]
  i.RFCOMMCleanupHandler  ro code  0x08041b44     0x68  RFCOMM.o [3]
  i.FreeL2CAPConnectionInfoList
                          ro code  0x08041bac      0x6  RFCOMM.o [3]
  i.FreeRFCOMMChannelInfoList
                          ro code  0x08041bb2      0x6  RFCOMM.o [3]
  i.SDPServiceSearchAttributeResponseHandler
                          ro code  0x08041bb8     0x68  SDP.o [3]
  i.L2CAP_StateTimeout    ro code  0x08041c20     0x66  L2CAP.o [3]
  .text                   ro code  0x08041c88     0x64  system_stm32l1xx.o [1]
  i.TWUART_Shutdown       ro code  0x08041cec     0x5c  TWUART.o [3]
  i.HCIRemoteNameEventHandler
                          ro code  0x08041d48     0x56  HCI.o [3]
  i.BSC_Event_Callback    ro code  0x08041d9e     0x54  GAP.o [3]
  i.IssueRemoteNameCallback
                          ro code  0x08041df2     0x50  GAP.o [3]
  i.AcquireGAPStackInfo   ro code  0x08041e42     0x4e  GAPLE.o [3]
  i.ReleaseGAPLEContext   ro code  0x08041e90      0xa  GAP.o [3]
  i._L2CA_Event_Callback  ro code  0x08041e9a     0x4a  RFCOMM.o [3]
  i._HCI_SCO_Callback     ro code  0x08041ee4     0x48  SCO.o [3]
  .rodata                 const    0x08041f2c     0x44  authentication.o [1]
  .rodata                 const    0x08041f70     0x44  authentication.o [1]
  .rodata                 const    0x08041fb4     0x44  authentication.o [1]
  .rodata                 const    0x08041ff8     0x44  authentication.o [1]
  .rodata                 const    0x0804203c     0x44  authentication.o [1]
  i.GAPRemoteNameEventHandler
                          ro code  0x08042080     0x44  GAP.o [3]
  i.IdleTimerExpired      ro code  0x080420c4     0x40  TWUART.o [3]
  .text                   ro code  0x08042104     0x40  zero_init3.o [7]
  i.AcknowledgeTimerExpired
                          ro code  0x08042144     0x3e  TWUART.o [3]
  .constdata              const    0x08042184     0x3c  BSC.o [3]
  i.AsynchronousACLDataCallback
                          ro code  0x080421c0     0x3a  HCI.o [3]
  i.AsynchronousSCODataCallback
                          ro code  0x080421fa     0x3a  HCI.o [3]
  i.HCILL_Reconfigure     ro code  0x08042234     0x3a  HCILL.o [3]
  i.HCILL_Shutdown        ro code  0x0804226e     0x38  HCILL.o [3]
  i.L2CAP_ConnectionTimeout
                          ro code  0x080422a6     0x36  L2CAP.o [3]
  i._RFCOMM_Event_Callback
                          ro code  0x080422dc     0x36  SPP.o [3]
  .constdata              const    0x08042314     0x34  SDP.o [3]
  .constdata              const    0x08042348     0x30  HCIComm.o [3]
  i._HCI_Event_Callback   ro code  0x08042378     0x2e  GAPLE.o [3]
  i._L2CA_Event_Callback  ro code  0x080423a6     0x2e  GAPLE.o [3]
  .constdata              const    0x080423d4     0x28  TWUART.o [3]
  .rodata                 const    0x080423fc     0x28  dsp.o [1]
  .text                   ro code  0x08042424     0x28  data_init.o [7]
  i.Discoverability_Timeout_Callback
                          ro code  0x0804244c     0x26  GAP.o [3]
  i.HCILL_Resynchronize   ro code  0x08042472     0x26  HCILL.o [3]
  i.MailboxDeleteDataCallback
                          ro code  0x08042498     0x26  HCI.o [3]
  .iar.init_table         const    0x080424c0     0x2c  - Linker created -
  .rodata                 const    0x080424ec     0x20  state_settings_configtabs_bluetooth.o [1]
  .rodata                 const    0x0804250c     0x20  state_settings_configtabs_timedate.o [1]
  .rodata                 const    0x0804252c     0x1c  bluetooth_internal.o [1]
  .rodata                 const    0x08042548     0x1c  state_h2h_start_connect.o [1]
  .rodata                 const    0x08042564     0x1c  state_settings_configtabs_about.o [1]
  .rodata                 const    0x08042580     0x1c  state_settings_configtabs_screen.o [1]
  .rodata                 const    0x0804259c     0x1c  state_settings_configtabs_touch.o [1]
  .rodata                 const    0x080425b8     0x1c  state_settings_touchcalib_point_1.o [1]
  .rodata                 const    0x080425d4     0x1c  state_settings_touchcalib_point_2.o [1]
  .rodata                 const    0x080425f0     0x1c  state_settings_touchcalib_point_3.o [1]
[...]
lcd_param_pwm_conf      0x200019b8     0xc  Data  Gb  lcd.o [1]
lcd_param_scroll_area   0x2000b4d8     0xc  Data  Gb  lcd.o [1]
lcd_param_scroll_start  0x2000b57c     0x4  Data  Gb  lcd.o [1]
lcd_param_vert_period   0x20001998    0x10  Data  Gb  lcd.o [1]
lcd_print_area          0x080277f9   0x1c6  Code  Gb  lcd.o [1]
lcd_print_graph         0x080279bf   0x118  Code  Gb  lcd.o [1]
lcd_set_config          0x08027c4f    0x2c  Code  Gb  lcd.o [1]
lcd_update_graph        0x08027ad7   0x178  Code  Gb  lcd.o [1]
leads                   0x2000b448    0x18  Data  Gb  tasks_ecg.o [1]
localeconv              0x08029cd3    0x16  Code  Gb  localeconv.o [5]
log_P_x                 0x0804203c    0x44  Data  Lc  authentication.o [1]
log_Q_x1                0x08041ff8    0x44  Data  Lc  authentication.o [1]
log_Q_x2                0x08041fb4    0x44  Data  Lc  authentication.o [1]
log_Q_x3                0x08041f70    0x44  Data  Lc  authentication.o [1]
log_Q_x4                0x08041f2c    0x44  Data  Lc  authentication.o [1]
low_pass_coef_151hz     0x08041650    0x90  Data  Gb  dsp.o [1]
low_pass_filterino_151Hz
                        0x0802d8ab   0x364  Code  Gb  dsp.o [1]
main                    0x0801e669    0x44  Code  Gb  main.o [1]
main_to_ecg             0x08030585     0xc  Code  Lc  state_main.o [1]
main_to_h2h             0x08030591     0xc  Code  Lc  state_main.o [1]
main_to_settings        0x0803059d     0xc  Code  Lc  state_main.o [1]
makeFreeRtosPriority    0x08018495    0x12  Code  Lc  cmsis_os.o [1]
malloc                  0x080292a9    0xac  Code  Gb  xxmemxmalloc.o [5]
memchr                  0x08029245          Code  Gb  memchr.o [7]
menu_copy               0x0802e97b    0xec  Code  Gb  menu.o [1]
menu_ecg                0x20000c30   0x410  Data  Gb  menu_ecg.o [1]
menu_goodbye            0x080394b4   0x410  Data  Gb  menu_goodbye.o [1]
menu_h2h_devices        0x20001040   0x410  Data  Gb  menu_h2h_devices.o [1]
menu_h2h_ongoing_error  0x080398c4   0x410  Data  Gb  menu_h2h_ongoing_error.o [1]
menu_main               0x08039cd4   0x410  Data  Gb  menu_main.o [1]
menu_search_click       0x0802e621   0x35a  Code  Gb  menu.o [1]
menu_settings_configtabs
                        0x0803a0e4   0x410  Data  Gb  menu_settings_configtabs.o [1]
menu_settings_configtabs_about
                        0x0803a4f4   0x410  Data  Gb  menu_settings_configtabs_about.o [1]
menu_settings_configtabs_bluetooth
                        0x0803a904   0x410  Data  Gb  menu_settings_configtabs_bluetooth.o [1]
menu_settings_configtabs_screen
                        0x0803ad14   0x410  Data  Gb  menu_settings_configtabs_screen.o [1]
menu_settings_configtabs_timedate
                        0x0803b124   0x410  Data  Gb  menu_settings_configtabs_timedate.o [1]
menu_top_bar            0x20001450   0x410  Data  Gb  menu_top_bar.o [1]
menu_welcome            0x0803b534   0x410  Data  Gb  menu_welcome.o [1]
mutex_ecg_leadsHandle   0x2000b5dc     0x4  Data  Gb  tasks_ecg.o [1]
mutex_menuHandle        0x2000b64c     0x4  Data  Gb  tasks_input.o [1]
myriad_pro_bold_20      0x0800f1bc  0x3664  Data  Gb  myriad_pro.o [1]
myriad_pro_semibold_12  0x080341ac  0x1794  Data  Gb  myriad_pro.o [1]
myriad_pro_semibold_16  0x08012820  0x2590  Data  Gb  myriad_pro.o [1]
myriad_pro_semibold_24  0x0800aafc  0x46c0  Data  Gb  myriad_pro.o [1]
osDelay                 0x080184fd    0x1c  Code  Gb  cmsis_os.o [1]
osKernelStart           0x080184b9     0xa  Code  Gb  cmsis_os.o [1]
osMailCreate            0x08018881    0x84  Code  Gb  cmsis_os.o [1]
osMailGet               0x08018959    0xac  Code  Gb  cmsis_os.o [1]
osMailPut               0x08018905    0x54  Code  Gb  cmsis_os.o [1]
osMessageCreate         0x08018761    0x12  Code  Gb  cmsis_os.o [1]
osMessageGet            0x080187d1    0xb0  Code  Gb  cmsis_os.o [1]
osMessagePut            0x08018773    0x5e  Code  Gb  cmsis_os.o [1]
osMutexCreate           0x08018519     0xc  Code  Gb  cmsis_os.o [1]
osMutexRelease          0x080185a3    0x4c  Code  Gb  cmsis_os.o [1]
osMutexWait             0x08018525    0x7e  Code  Gb  cmsis_os.o [1]
osPoolCreate            0x080186ed    0x74  Code  Gb  cmsis_os.o [1]
osSemaphoreCreate       0x080185ef    0x34  Code  Gb  cmsis_os.o [1]
osSemaphoreRelease      0x080186a1    0x4c  Code  Gb  cmsis_os.o [1]
osSemaphoreWait         0x08018623    0x7e  Code  Gb  cmsis_os.o [1]
osSystickHandler        0x08018a05    0x10  Code  Gb  cmsis_os.o [1]
osThreadCreate          0x080184c3    0x3a  Code  Gb  cmsis_os.o [1]
pcInterruptPriorityRegisters
                        0x08042cf0     0x4  Data  Lc  port.o [1]
periph_batteryTaskHandle
                        0x2000b68c     0x4  Data  Gb  tasks_periph.o [1]
periph_buzzerTaskHandle
                        0x2000b684     0x4  Data  Gb  tasks_periph.o [1]
periph_rtcTaskHandle    0x2000b690     0x4  Data  Gb  tasks_periph.o [1]
periph_screenTaskHandle
                        0x2000b688     0x4  Data  Gb  tasks_periph.o [1]
prvAddCurrentTaskToDelayedList
                        0x0801adfd    0x48  Code  Lc  tasks.o [1]
prvAllocateTCBAndStack  0x0801ae59    0x5a  Code  Lc  tasks.o [1]
prvCheckTasksWaitingTermination
                        0x0801ad8d    0x66  Code  Lc  tasks.o [1]
prvCopyDataFromQueue    0x0801bb43    0x30  Code  Lc  queue.o [1]
prvCopyDataToQueue      0x0801baab    0x98  Code  Lc  queue.o [1]
prvDeleteTCB            0x0801aeb3    0x12  Code  Lc  tasks.o [1]
prvGetExpectedIdleTime  0x0801a42f    0x30  Code  Lc  tasks.o [1]
prvHeapInit             0x0801bedd    0x6e  Code  Lc  heap_4.o [1]
prvIdleTask             0x0801abc7    0x4e  Code  Lc  tasks.o [1]
prvInitialiseTCBVariables
                        0x0801ac61    0x6c  Code  Lc  tasks.o [1]
prvInitialiseTaskLists  0x0801accd    0xb4  Code  Lc  tasks.o [1]
prvInsertBlockIntoFreeList
                        0x0801bf4b    0x62  Code  Lc  heap_4.o [1]
prvIsQueueEmpty         0x0801bc49    0x20  Code  Lc  queue.o [1]
prvIsQueueFull          0x0801bc69    0x22  Code  Lc  queue.o [1]
prvResetNextTaskUnblockTime
                        0x0801aec5    0x2e  Code  Lc  tasks.o [1]
prvTaskExitError        0x0801d641    0x1a  Code  Lc  port.o [1]
prvUnlockQueue          0x0801bb73    0xd6  Code  Lc  queue.o [1]
pvPortMalloc            0x0801bd79    0xfa  Code  Gb  heap_4.o [1]
pvTaskIncrementMutexHeldCount
                        0x0801b295    0x1e  Code  Gb  tasks.o [1]
pxCurrentTCB            0x2000b594     0x4  Data  Gb  tasks.o [1]
pxDelayedTaskList       0x2000b598     0x4  Data  Lc  tasks.o [1]
pxEnd                   0x2000b56c     0x4  Data  Lc  heap_4.o [1]
pxOverflowDelayedTaskList
                        0x2000b59c     0x4  Data  Lc  tasks.o [1]
pxPortInitialiseStack   0x0801d625    0x1c  Code  Gb  port.o [1]
pxReadyTasksLists       0x2000ae44    0x8c  Data  Lc  tasks.o [1]
queue_bt_packet_recievedHandle
                        0x2000b5cc     0x4  Data  Gb  tasks_bt.o [1]
queue_bt_packet_sendHandle
                        0x2000b5d0     0x4  Data  Gb  tasks_bt.o [1]
queue_ecg_afe_ch_1Handle
                        0x2000b5ec     0x4  Data  Gb  tasks_ecg.o [1]
queue_ecg_afe_ch_2Handle
                        0x2000b5f0     0x4  Data  Gb  tasks_ecg.o [1]
queue_ecg_bpmHandle     0x2000b610     0x4  Data  Gb  tasks_ecg.o [1]
queue_ecg_bpm_screenHandle
                        0x2000b614     0x4  Data  Gb  tasks_ecg.o [1]
queue_ecg_keyHandle     0x2000b618     0x4  Data  Gb  tasks_ecg.o [1]
queue_ecg_keybtHandle   0x2000b61c     0x4  Data  Gb  tasks_ecg.o [1]
queue_ecg_keyfsmHandle  0x2000b620     0x4  Data  Gb  tasks_ecg.o [1]
queue_ecg_lead_IHandle  0x2000b5f8     0x4  Data  Gb  tasks_ecg.o [1]
queue_ecg_lead_IIHandle
                        0x2000b5fc     0x4  Data  Gb  tasks_ecg.o [1]
queue_ecg_lead_IIIHandle
                        0x2000b600     0x4  Data  Gb  tasks_ecg.o [1]
queue_ecg_lead_aVFHandle
                        0x2000b60c     0x4  Data  Gb  tasks_ecg.o [1]
queue_ecg_lead_aVLHandle
                        0x2000b608     0x4  Data  Gb  tasks_ecg.o [1]
queue_ecg_lead_aVRHandle
                        0x2000b604     0x4  Data  Gb  tasks_ecg.o [1]
queue_ecg_preprocessedHandle
                        0x2000b5f4     0x4  Data  Gb  tasks_ecg.o [1]
queue_fsm_eventsHandle  0x2000b63c     0x4  Data  Gb  tasks_fsm.o [1]
queue_input_clickHandle
                        0x2000b65c     0x4  Data  Gb  tasks_input.o [1]
queue_input_menuHandle  0x2000b660     0x4  Data  Gb  tasks_input.o [1]
queue_lcdHandle         0x2000b680     0x4  Data  Gb  tasks_periph.o [1]
queue_periph_buzzerHandle
                        0x2000b67c     0x4  Data  Gb  tasks_periph.o [1]
rtc_fail4               0x08019843    0x16  Code  Lc  rangecheck.o [4]
rtc_fail4               0x0802d70b    0x16  Code  Lc  checked_operators.o [4]
rtc_fail8               0x0801980d    0x36  Code  Lc  rangecheck.o [4]
rtc_fail8               0x0802d6d5    0x36  Code  Lc  checked_operators.o [4]
running_action_button_short
                        0x080300f5    0x2c  Code  Lc  state_running.o [1]
running_to_goodbye      0x08030121     0xc  Code  Lc  state_running.o [1]
sem_bt_data_receiveHandle
                        0x2000b564     0x4  Data  Gb  HCITRANS.o [1]
sem_ecg_afe_dma_rxHandle
                        0x2000b5e4     0x4  Data  Gb  tasks_ecg.o [1]
sem_ecg_afe_drdyHandle  0x2000b5e0     0x4  Data  Gb  tasks_ecg.o [1]
sem_ecg_keygenHandle    0x2000b5e8     0x4  Data  Gb  tasks_ecg.o [1]
sem_gui_tickHandle      0x2000b644     0x4  Data  Gb  tasks_gui.o [1]
sem_input_button_long_pressHandle
                        0x2000b658     0x4  Data  Gb  tasks_input.o [1]
sem_input_button_short_pressHandle
                        0x2000b654     0x4  Data  Gb  tasks_input.o [1]
sem_input_touch_penHandle
                        0x2000b650     0x4  Data  Gb  tasks_input.o [1]
sem_periph_batteryHandle
                        0x2000b670     0x4  Data  Gb  tasks_periph.o [1]
sem_periph_gauge_dma_rxHandle
                        0x2000b674     0x4  Data  Gb  tasks_periph.o [1]
sem_periph_rtcHandle    0x2000b678     0x4  Data  Gb  tasks_periph.o [1]
settings_configtabs_to_main
                        0x08031481     0xc  Code  Lc  state_settings_configtabs.o [1]
settings_configtabs_to_settings_configtabs_about
                        0x080314b1     0xc  Code  Lc  state_settings_configtabs.o [1]
settings_configtabs_to_settings_configtabs_bluetooth
                        0x080314a5     0xc  Code  Lc  state_settings_configtabs.o [1]
settings_configtabs_to_settings_configtabs_screen
                        0x0803148d     0xc  Code  Lc  state_settings_configtabs.o [1]
settings_configtabs_to_settings_configtabs_timedate
                        0x08031499     0xc  Code  Lc  state_settings_configtabs.o [1]
settings_configtabs_to_settings_configtabs_touch
                        0x080314bd     0xc  Code  Lc  state_settings_configtabs.o [1]
settings_configtabs_touch_to_settings_touchcalib
                        0x08031a01     0xc  Code  Lc  state_settings_configtabs_touch.o [1]
settings_touchcalib_point_1_to_settings_touchcalib_point_2
                        0x080323ad     0xc  Code  Lc  state_settings_touchcalib_point_1.o [1]
settings_touchcalib_point_2_to_settings_touchcalib_point_3
                        0x08032605     0xc  Code  Lc  state_settings_touchcalib_point_2.o [1]
settings_touchcalib_point_3_to_settings_configtabs_touch
                        0x0803270d     0xc  Code  Lc  state_settings_touchcalib_point_3.o [1]
settings_touchcalib_to_settings_configtabs_touch
                        0x08031c19     0xc  Code  Lc  state_settings_touchcalib.o [1]
show_filter             0x0802dc0f    0x18  Code  Gb  dsp.o [1]
sizerino                0x2000b638     0x4  Data  Gb  tasks_ecg.o [1]
sprintf                 0x0802e2a1    0x34  Code  Gb  sprintf.o [5]
strchr                  0x0802922d          Code  Gb  strchr.o [7]
strlen                  0x0801c155          Code  Gb  strlen.o [7]
system_init             0x08020243    0x50  Code  Gb  freertos.o [1]
tags_ecg_1_lead         0x0803b944   0x410  Data  Gb  tags_ecg.o [1]
tags_ecg_2_lead         0x0803bd54   0x410  Data  Gb  tags_ecg.o [1]
tags_ecg_6_lead         0x0803c164   0x410  Data  Gb  tags_ecg.o [1]
tasks_bt_init           0x0802878d    0x40  Code  Gb  tasks_bt.o [1]
tasks_bt_start          0x080287cd    0x34  Code  Gb  tasks_bt.o [1]
tasks_ecg_init          0x08027e8d   0x1dc  Code  Gb  tasks_ecg.o [1]
tasks_ecg_start         0x08028069    0x8a  Code  Gb  tasks_ecg.o [1]
tasks_fsm_init          0x08029115    0x20  Code  Gb  tasks_fsm.o [1]
tasks_fsm_start         0x08029135    0x1e  Code  Gb  tasks_fsm.o [1]
tasks_gui_init          0x08029191    0x16  Code  Gb  tasks_gui.o [1]
tasks_gui_start         0x080291a7    0x1e  Code  Gb  tasks_gui.o [1]
tasks_input_init        0x0802899d    0x86  Code  Gb  tasks_input.o [1]
tasks_input_start       0x08028a23    0x4a  Code  Gb  tasks_input.o [1]
tasks_periph_init       0x08028cf5    0x88  Code  Gb  tasks_periph.o [1]
tasks_periph_start      0x08028d7d    0x60  Code  Gb  tasks_periph.o [1]
touch                   0x2000b364    0x30  Data  Gb  freertos.o [1]
touch_get_lcd_pos       0x08027e55    0x36  Code  Gb  touch.o [1]
touch_hal_init          0x0802d791     0x4  Code  Gb  touch_hal.o [1]
touch_hal_read          0x0802d795    0x56  Code  Gb  touch_hal.o [1]
touch_init              0x08027d25    0x86  Code  Gb  touch.o [1]
touch_read_position     0x08027db5    0xa0  Code  Gb  touch.o [1]
ucHeap                  0x20001a40  0x88b8  Data  Lc  heap_4.o [1]
ucMaxSysCallPriority    0x2000b6a3     0x1  Data  Lc  port.o [1]
ulMaxPRIGROUPValue      0x2000b58c     0x4  Data  Lc  port.o [1]
ulPortSetInterruptMask  0x08020147          Code  Gb  portasm.o [1]
ulStoppedTimerCompensation
                        0x2000b588     0x4  Data  Lc  port.o [1]
ulTimerCountsForOneTick
                        0x2000b580     0x4  Data  Lc  port.o [1]
uwTick                  0x2000b590     0x4  Data  Gb  stm32l1xx_hal.o [1]
uxCriticalNesting       0x20001a10     0x4  Data  Lc  port.o [1]
uxCurrentNumberOfTasks  0x2000b5a4     0x4  Data  Lc  tasks.o [1]
uxListRemove            0x08020213    0x28  Code  Gb  list.o [1]
uxPendedTicks           0x2000b5b4     0x4  Data  Lc  tasks.o [1]
uxSchedulerSuspended    0x2000b5c8     0x4  Data  Lc  tasks.o [1]
uxTaskNumber            0x2000b5c0     0x4  Data  Lc  tasks.o [1]
uxTasksDeleted          0x2000b5a0     0x4  Data  Lc  tasks.o [1]
uxTopReadyPriority      0x2000b5ac     0x4  Data  Lc  tasks.o [1]
vApplicationStackOverflowHook
                        0x08020241     0x2  Code  Gb  freertos.o [1]
vListInitialise         0x0802019d    0x1e  Code  Gb  list.o [1]
vListInitialiseItem     0x080201bb     0x6  Code  Gb  list.o [1]
vListInsert             0x080201d9    0x3a  Code  Gb  list.o [1]
vListInsertEnd          0x080201c1    0x18  Code  Gb  list.o [1]
vPortClearInterruptMask
                        0x08020155          Code  Gb  portasm.o [1]
vPortEnterCritical      0x0801d6f5    0x30  Code  Gb  port.o [1]
vPortExitCritical       0x0801d725    0x2a  Code  Gb  port.o [1]
vPortFree               0x0801be73    0x64  Code  Gb  heap_4.o [1]
vPortSetupTimerInterrupt
                        0x0801d8b1    0x6a  Code  Wk  port.o [1]
vPortStartFirstTask     0x0802017b          Code  Gb  portasm.o [1]
vPortSuppressTicksAndSleep
                        0x0801d76d   0x144  Code  Wk  port.o [1]
vPortValidateInterruptPriority
                        0x0801d91d    0x3c  Code  Gb  port.o [1]
vPortYield              0x0801d6e3    0x12  Code  Gb  port.o [1]
vQueueDelete            0x0801ba8d    0x1e  Code  Gb  queue.o [1]
vQueueUnregisterQueue   0x0801bc8b    0xe4  Code  Gb  queue.o [1]
vTaskDelay              0x0801a351    0x78  Code  Gb  tasks.o [1]
vTaskDelete             0x0801a22d   0x124  Code  Gb  tasks.o [1]
vTaskMissedYield        0x0801abbd     0x8  Code  Gb  tasks.o [1]
vTaskPlaceOnEventList   0x0801a9a9    0x84  Code  Gb  tasks.o [1]
vTaskPriorityInherit    0x0801af2d   0x1ea  Code  Gb  tasks.o [1]
vTaskSetTimeOutState    0x0801ab2d    0x1e  Code  Gb  tasks.o [1]
vTaskStartScheduler     0x0801a3c9    0x56  Code  Gb  tasks.o [1]
vTaskStepTick           0x0801a5c9    0x2c  Code  Gb  tasks.o [1]
vTaskSuspendAll         0x0801a41f    0x10  Code  Gb  tasks.o [1]
vTaskSwitchContext      0x0801a839   0x16a  Code  Gb  tasks.o [1]
validate                0x0802e021   0x266  Code  Gb  authentication.o [1]
vsprintf                0x0801c18d    0x2c  Code  Gb  vsprintf.o [5]
wakeup_check            0x0801e6ad    0x52  Code  Gb  main.o [1]
write_key               0x0802df99    0x76  Code  Gb  authentication.o [1]
xBlockAllocatedBit      0x2000b578     0x4  Data  Lc  heap_4.o [1]
xDelayedTaskList1       0x2000b474    0x14  Data  Lc  tasks.o [1]
xDelayedTaskList2       0x2000b488    0x14  Data  Lc  tasks.o [1]
xFreeBytesRemaining     0x2000b570     0x4  Data  Lc  heap_4.o [1]
xHeapStructSize         0x08042cec     0x4  Data  Lc  heap_4.o [1]
xMaximumPossibleSuppressedTicks
                        0x2000b584     0x4  Data  Lc  port.o [1]
xMinimumEverFreeBytesRemaining
                        0x2000b574     0x4  Data  Lc  heap_4.o [1]
xNextTaskUnblockTime    0x2000b5c4     0x4  Data  Lc  tasks.o [1]
xNumOfOverflows         0x2000b5bc     0x4  Data  Lc  tasks.o [1]
xPendingReadyList       0x2000b49c    0x14  Data  Lc  tasks.o [1]
xPortGetMinimumEverFreeHeapSize
                        0x0801bed7     0x6  Code  Gb  heap_4.o [1]
xPortStartScheduler     0x0801d65b    0x88  Code  Gb  port.o [1]
xPortSysTickHandler     0x0801d74f    0x1e  Code  Gb  port.o [1]
xQueueCreateCountingSemaphore
                        0x0801b4bb    0x3a  Code  Gb  queue.o [1]
xQueueCreateMutex       0x0801b3db    0x5c  Code  Gb  queue.o [1]
xQueueGenericCreate     0x0801b371    0x6a  Code  Gb  queue.o [1]
xQueueGenericReceive    0x0801b831   0x184  Code  Gb  queue.o [1]
xQueueGenericReset      0x0801b2f9    0x78  Code  Gb  queue.o [1]
xQueueGenericSend       0x0801b4f5   0x160  Code  Gb  queue.o [1]
xQueueGenericSendFromISR
                        0x0801b655    0xf8  Code  Gb  queue.o [1]
xQueueGiveFromISR       0x0801b74d    0xe4  Code  Gb  queue.o [1]
xQueueGiveMutexRecursive
                        0x0801b437    0x40  Code  Gb  queue.o [1]
xQueueReceiveFromISR    0x0801b9b5    0xd8  Code  Gb  queue.o [1]
xQueueRegistry          0x2000b0b0    0x40  Data  Gb  queue.o [1]
xQueueTakeMutexRecursive
                        0x0801b477    0x44  Code  Gb  queue.o [1]
xSchedulerRunning       0x2000b5b0     0x4  Data  Lc  tasks.o [1]
xStart                  0x2000b504     0x8  Data  Lc  heap_4.o [1]
xSuspendedTaskList      0x2000b4c4    0x14  Data  Lc  tasks.o [1]
xTaskCheckForTimeOut    0x0801ab4b    0x72  Code  Gb  tasks.o [1]
xTaskGenericCreate      0x0801a00d   0x220  Code  Gb  tasks.o [1]
xTaskGetCurrentTaskHandle
                        0x0801aef3     0xa  Code  Gb  tasks.o [1]
xTaskGetSchedulerState  0x0801aefd    0x26  Code  Gb  tasks.o [1]
xTaskIncrementTick      0x0801a605   0x234  Code  Gb  tasks.o [1]
xTaskPriorityDisinherit
                        0x0801b117   0x17e  Code  Gb  tasks.o [1]
xTaskRemoveFromEventList
                        0x0801aa2d    0xee  Code  Gb  tasks.o [1]
xTaskResumeAll          0x0801a45f   0x148  Code  Gb  tasks.o [1]
xTasksWaitingTermination
                        0x2000b4b0    0x14  Data  Lc  tasks.o [1]
xTickCount              0x2000b5a8     0x4  Data  Lc  tasks.o [1]
xYieldPending           0x2000b5b8     0x4  Data  Lc  tasks.o [1]


[1] = C:\Users\Administrator\Documents\GitHub\tiic-2015\code\Persimmon\H2H Access Device\EWARM\H2H\Obj
[2] = command line
[3] = Bluetopia_16_M3.a
[4] = as7l.a
[5] = dl7M_tlf.a
[6] = m7M_tl.a
[7] = rt7M_tl.a
[8] = shb_l.a

  160 447 bytes of readonly  code memory
  114 027 bytes of readonly  data memory
   48 292 bytes of readwrite data memory

Errors: none
Warnings: none
